Component: Arm Compiler for Embedded 6.21 Tool: armlink [5ec1fa00]

==============================================================================

Section Cross References

    startup_stm32f405xx.o(RESET) refers to startup_stm32f405xx.o(STACK) for __initial_sp
    startup_stm32f405xx.o(RESET) refers to startup_stm32f405xx.o(.text) for Reset_Handler
    startup_stm32f405xx.o(RESET) refers to stm32f4xx_it.o(.text.NMI_Handler) for NMI_Handler
    startup_stm32f405xx.o(RESET) refers to stm32f4xx_it.o(.text.HardFault_Handler) for HardFault_Handler
    startup_stm32f405xx.o(RESET) refers to stm32f4xx_it.o(.text.MemManage_Handler) for MemManage_Handler
    startup_stm32f405xx.o(RESET) refers to stm32f4xx_it.o(.text.BusFault_Handler) for BusFault_Handler
    startup_stm32f405xx.o(RESET) refers to stm32f4xx_it.o(.text.UsageFault_Handler) for UsageFault_Handler
    startup_stm32f405xx.o(RESET) refers to stm32f4xx_it.o(.text.SVC_Handler) for SVC_Handler
    startup_stm32f405xx.o(RESET) refers to stm32f4xx_it.o(.text.DebugMon_Handler) for DebugMon_Handler
    startup_stm32f405xx.o(RESET) refers to stm32f4xx_it.o(.text.PendSV_Handler) for PendSV_Handler
    startup_stm32f405xx.o(RESET) refers to stm32f4xx_it.o(.text.SysTick_Handler) for SysTick_Handler
    startup_stm32f405xx.o(RESET) refers to stm32f4xx_it.o(.text.DMA1_Stream1_IRQHandler) for DMA1_Stream1_IRQHandler
    startup_stm32f405xx.o(RESET) refers to stm32f4xx_it.o(.text.DMA1_Stream3_IRQHandler) for DMA1_Stream3_IRQHandler
    startup_stm32f405xx.o(RESET) refers to stm32f4xx_it.o(.text.DMA1_Stream5_IRQHandler) for DMA1_Stream5_IRQHandler
    startup_stm32f405xx.o(RESET) refers to stm32f4xx_it.o(.text.DMA1_Stream6_IRQHandler) for DMA1_Stream6_IRQHandler
    startup_stm32f405xx.o(RESET) refers to stm32f4xx_it.o(.text.CAN1_RX0_IRQHandler) for CAN1_RX0_IRQHandler
    startup_stm32f405xx.o(RESET) refers to stm32f4xx_it.o(.text.TIM1_UP_TIM10_IRQHandler) for TIM1_UP_TIM10_IRQHandler
    startup_stm32f405xx.o(RESET) refers to stm32f4xx_it.o(.text.USART1_IRQHandler) for USART1_IRQHandler
    startup_stm32f405xx.o(RESET) refers to stm32f4xx_it.o(.text.USART2_IRQHandler) for USART2_IRQHandler
    startup_stm32f405xx.o(RESET) refers to stm32f4xx_it.o(.text.USART3_IRQHandler) for USART3_IRQHandler
    startup_stm32f405xx.o(RESET) refers to stm32f4xx_it.o(.text.TIM8_BRK_TIM12_IRQHandler) for TIM8_BRK_TIM12_IRQHandler
    startup_stm32f405xx.o(RESET) refers to stm32f4xx_it.o(.text.TIM8_UP_TIM13_IRQHandler) for TIM8_UP_TIM13_IRQHandler
    startup_stm32f405xx.o(RESET) refers to stm32f4xx_it.o(.text.TIM5_IRQHandler) for TIM5_IRQHandler
    startup_stm32f405xx.o(RESET) refers to stm32f4xx_it.o(.text.TIM6_DAC_IRQHandler) for TIM6_DAC_IRQHandler
    startup_stm32f405xx.o(RESET) refers to stm32f4xx_it.o(.text.TIM7_IRQHandler) for TIM7_IRQHandler
    startup_stm32f405xx.o(RESET) refers to stm32f4xx_it.o(.text.DMA2_Stream1_IRQHandler) for DMA2_Stream1_IRQHandler
    startup_stm32f405xx.o(RESET) refers to stm32f4xx_it.o(.text.DMA2_Stream2_IRQHandler) for DMA2_Stream2_IRQHandler
    startup_stm32f405xx.o(RESET) refers to stm32f4xx_it.o(.text.CAN2_RX1_IRQHandler) for CAN2_RX1_IRQHandler
    startup_stm32f405xx.o(RESET) refers to stm32f4xx_it.o(.text.USART6_IRQHandler) for USART6_IRQHandler
    startup_stm32f405xx.o(.text) refers to system_stm32f4xx.o(.text.SystemInit) for SystemInit
    startup_stm32f405xx.o(.text) refers to entry.o(.ARM.Collect$$$$00000000) for __main
    main.o(.text._Z9MODE_DEALv) refers to main.o(.data.YK) for YK
    main.o(.text._Z9MODE_DEALv) refers to main.o(.data.GIMBAL_088_State) for GIMBAL_088_State
    main.o(.text._Z9MODE_DEALv) refers to main.o(.bss.YK_Mode) for YK_Mode
    main.o(.text._Z9MODE_DEALv) refers to communication.o(.bss.request) for request
    main.o(.text._Z9MODE_DEALv) refers to main.o(.bss.YAW_Mode) for YAW_Mode
    main.o(.text._Z9MODE_DEALv) refers to main.o(.bss.PITCH_Mode) for PITCH_Mode
    main.o(.ARM.exidx.text._Z9MODE_DEALv) refers to main.o(.text._Z9MODE_DEALv) for [Anonymous Symbol]
    main.o(.text._Z21can2_communicate_dealv) refers to main.o(.bss._ZZ21can2_communicate_dealvE4flag) for can2_communicate_deal()::flag
    main.o(.text._Z21can2_communicate_dealv) refers to main.o(.data.YK) for YK
    main.o(.text._Z21can2_communicate_dealv) refers to main.o(.data.CAN_2) for CAN_2
    main.o(.text._Z21can2_communicate_dealv) refers to rm_lib.o(.text._ZN8USER_CAN7Send_RMEtssss) for USER_CAN::Send_RM(unsigned short, short, short, short, short)
    main.o(.text._Z21can2_communicate_dealv) refers to main.o(.bss.Communicate_Send_Flag_1) for Communicate_Send_Flag_1
    main.o(.text._Z21can2_communicate_dealv) refers to main.o(.bss.Communicate_Rx_Flag_1) for Communicate_Rx_Flag_1
    main.o(.text._Z21can2_communicate_dealv) refers to main.o(.bss.shooter_id1_17mm_barrel_cooling_value) for shooter_id1_17mm_barrel_cooling_value
[...]
    EXTI9_5_IRQHandler                       0x080001bb   Thumb Code     0  startup_stm32f405xx.o(.text)
    FLASH_IRQHandler                         0x080001bb   Thumb Code     0  startup_stm32f405xx.o(.text)
    FMC_IRQHandler                           0x080001bb   Thumb Code     0  startup_stm32f405xx.o(.text)
    FPU_IRQHandler                           0x080001bb   Thumb Code     0  startup_stm32f405xx.o(.text)
    HASH_RNG_IRQHandler                      0x080001bb   Thumb Code     0  startup_stm32f405xx.o(.text)
    I2C1_ER_IRQHandler                       0x080001bb   Thumb Code     0  startup_stm32f405xx.o(.text)
    I2C1_EV_IRQHandler                       0x080001bb   Thumb Code     0  startup_stm32f405xx.o(.text)
    I2C2_ER_IRQHandler                       0x080001bb   Thumb Code     0  startup_stm32f405xx.o(.text)
    I2C2_EV_IRQHandler                       0x080001bb   Thumb Code     0  startup_stm32f405xx.o(.text)
    I2C3_ER_IRQHandler                       0x080001bb   Thumb Code     0  startup_stm32f405xx.o(.text)
    I2C3_EV_IRQHandler                       0x080001bb   Thumb Code     0  startup_stm32f405xx.o(.text)
    OTG_FS_IRQHandler                        0x080001bb   Thumb Code     0  startup_stm32f405xx.o(.text)
    OTG_FS_WKUP_IRQHandler                   0x080001bb   Thumb Code     0  startup_stm32f405xx.o(.text)
    OTG_HS_EP1_IN_IRQHandler                 0x080001bb   Thumb Code     0  startup_stm32f405xx.o(.text)
    OTG_HS_EP1_OUT_IRQHandler                0x080001bb   Thumb Code     0  startup_stm32f405xx.o(.text)
    OTG_HS_IRQHandler                        0x080001bb   Thumb Code     0  startup_stm32f405xx.o(.text)
    OTG_HS_WKUP_IRQHandler                   0x080001bb   Thumb Code     0  startup_stm32f405xx.o(.text)
    PVD_IRQHandler                           0x080001bb   Thumb Code     0  startup_stm32f405xx.o(.text)
    RCC_IRQHandler                           0x080001bb   Thumb Code     0  startup_stm32f405xx.o(.text)
    RTC_Alarm_IRQHandler                     0x080001bb   Thumb Code     0  startup_stm32f405xx.o(.text)
    RTC_WKUP_IRQHandler                      0x080001bb   Thumb Code     0  startup_stm32f405xx.o(.text)
    SDIO_IRQHandler                          0x080001bb   Thumb Code     0  startup_stm32f405xx.o(.text)
    SPI1_IRQHandler                          0x080001bb   Thumb Code     0  startup_stm32f405xx.o(.text)
    SPI2_IRQHandler                          0x080001bb   Thumb Code     0  startup_stm32f405xx.o(.text)
    SPI3_IRQHandler                          0x080001bb   Thumb Code     0  startup_stm32f405xx.o(.text)
    TAMP_STAMP_IRQHandler                    0x080001bb   Thumb Code     0  startup_stm32f405xx.o(.text)
    TIM1_BRK_TIM9_IRQHandler                 0x080001bb   Thumb Code     0  startup_stm32f405xx.o(.text)
    TIM1_CC_IRQHandler                       0x080001bb   Thumb Code     0  startup_stm32f405xx.o(.text)
    TIM1_TRG_COM_TIM11_IRQHandler            0x080001bb   Thumb Code     0  startup_stm32f405xx.o(.text)
    TIM2_IRQHandler                          0x080001bb   Thumb Code     0  startup_stm32f405xx.o(.text)
    TIM3_IRQHandler                          0x080001bb   Thumb Code     0  startup_stm32f405xx.o(.text)
    TIM4_IRQHandler                          0x080001bb   Thumb Code     0  startup_stm32f405xx.o(.text)
    TIM8_CC_IRQHandler                       0x080001bb   Thumb Code     0  startup_stm32f405xx.o(.text)
    TIM8_TRG_COM_TIM14_IRQHandler            0x080001bb   Thumb Code     0  startup_stm32f405xx.o(.text)
    UART4_IRQHandler                         0x080001bb   Thumb Code     0  startup_stm32f405xx.o(.text)
    UART5_IRQHandler                         0x080001bb   Thumb Code     0  startup_stm32f405xx.o(.text)
    WWDG_IRQHandler                          0x080001bb   Thumb Code     0  startup_stm32f405xx.o(.text)
    __aeabi_uldivmod                         0x080001c5   Thumb Code    98  uldiv.o(.text)
    __aeabi_memset                           0x08000227   Thumb Code    14  memseta.o(.text)
    __aeabi_memset4                          0x08000227   Thumb Code     0  memseta.o(.text)
    __aeabi_memset8                          0x08000227   Thumb Code     0  memseta.o(.text)
    __aeabi_memclr                           0x08000235   Thumb Code     4  memseta.o(.text)
    __aeabi_memclr4                          0x08000235   Thumb Code     0  memseta.o(.text)
    __aeabi_memclr8                          0x08000235   Thumb Code     0  memseta.o(.text)
    _memset$wrapper                          0x08000239   Thumb Code    18  memseta.o(.text)
    __cpp_initialize__aeabi_                 0x0800024d   Thumb Code    32  cpp_init.o(.text)
    __aeabi_dadd                             0x08000275   Thumb Code   322  dadd.o(.text)
    __aeabi_dsub                             0x080003b7   Thumb Code     6  dadd.o(.text)
    __aeabi_drsub                            0x080003bd   Thumb Code     6  dadd.o(.text)
    __aeabi_dmul                             0x080003c3   Thumb Code   228  dmul.o(.text)
    __aeabi_ddiv                             0x080004a7   Thumb Code   222  ddiv.o(.text)
    __aeabi_dcmple                           0x08000585   Thumb Code    54  dcmple.o(.text)
    __aeabi_dcmpge                           0x080005bb   Thumb Code    54  dcmpge.o(.text)
    __aeabi_i2d                              0x080005f1   Thumb Code    34  dflti.o(.text)
    __aeabi_f2d                              0x08000613   Thumb Code    38  f2d.o(.text)
    __aeabi_d2f                              0x08000639   Thumb Code    56  d2f.o(.text)
    __aeabi_uidiv                            0x08000671   Thumb Code     0  uidiv.o(.text)
    __aeabi_uidivmod                         0x08000671   Thumb Code    44  uidiv.o(.text)
    __aeabi_llsl                             0x0800069d   Thumb Code    30  llshl.o(.text)
    _ll_shift_l                              0x0800069d   Thumb Code     0  llshl.o(.text)
    __aeabi_llsr                             0x080006bb   Thumb Code    32  llushr.o(.text)
    _ll_ushift_r                             0x080006bb   Thumb Code     0  llushr.o(.text)
    __aeabi_lasr                             0x080006db   Thumb Code    36  llsshr.o(.text)
    _ll_sshift_r                             0x080006db   Thumb Code     0  llsshr.o(.text)
    __I$use$fp                               0x080006ff   Thumb Code     0  iusefp.o(.text)
    _float_round                             0x080006ff   Thumb Code    18  fepilogue.o(.text)
    _float_epilogue                          0x08000711   Thumb Code    92  fepilogue.o(.text)
    _double_round                            0x0800076d   Thumb Code    30  depilogue.o(.text)
    _double_epilogue                         0x0800078b   Thumb Code   156  depilogue.o(.text)
    __aeabi_d2ulz                            0x08000827   Thumb Code    48  dfixul.o(.text)
    __aeabi_cdrcmple                         0x08000859   Thumb Code    48  cdrcmple.o(.text)
    __scatterload                            0x08000889   Thumb Code    38  init.o(.text)
    __scatterload_rt2                        0x08000889   Thumb Code     0  init.o(.text)
    __decompress                             0x080008b9   Thumb Code     0  __dczerorl2.o(.text)
    __decompress1                            0x080008b9   Thumb Code    86  __dczerorl2.o(.text)
    BusFault_Handler                         0x08000911   Thumb Code     0  stm32f4xx_it.o(.text.BusFault_Handler)
    CAN1_RX0_IRQHandler                      0x08000911   Thumb Code    12  stm32f4xx_it.o(.text.CAN1_RX0_IRQHandler)
    CAN2_RX1_IRQHandler                      0x0800091d   Thumb Code    12  stm32f4xx_it.o(.text.CAN2_RX1_IRQHandler)
    DMA1_Stream1_IRQHandler                  0x08000929   Thumb Code    12  stm32f4xx_it.o(.text.DMA1_Stream1_IRQHandler)
    DMA1_Stream3_IRQHandler                  0x08000935   Thumb Code    12  stm32f4xx_it.o(.text.DMA1_Stream3_IRQHandler)
    DMA1_Stream5_IRQHandler                  0x08000941   Thumb Code    12  stm32f4xx_it.o(.text.DMA1_Stream5_IRQHandler)
    DMA1_Stream6_IRQHandler                  0x0800094d   Thumb Code    12  stm32f4xx_it.o(.text.DMA1_Stream6_IRQHandler)
    DMA2_Stream1_IRQHandler                  0x08000959   Thumb Code    12  stm32f4xx_it.o(.text.DMA2_Stream1_IRQHandler)
    DMA2_Stream2_IRQHandler                  0x08000965   Thumb Code    12  stm32f4xx_it.o(.text.DMA2_Stream2_IRQHandler)
    DebugMon_Handler                         0x08000971   Thumb Code     2  stm32f4xx_it.o(.text.DebugMon_Handler)
    Error_Handler                            0x08000975   Thumb Code     2  main.o(.text.Error_Handler)
    GetReceive_SP                            0x08000979   Thumb Code   436  communication.o(.text.GetReceive_SP)
    HAL_CAN_ActivateNotification             0x08000b35   Thumb Code    38  stm32f4xx_hal_can.o(.text.HAL_CAN_ActivateNotification)
    HAL_CAN_AddTxMessage                     0x08000b5d   Thumb Code   150  stm32f4xx_hal_can.o(.text.HAL_CAN_AddTxMessage)
    HAL_CAN_ConfigFilter                     0x08000bf5   Thumb Code   222  stm32f4xx_hal_can.o(.text.HAL_CAN_ConfigFilter)
    HAL_CAN_ErrorCallback                    0x08000cd5   Thumb Code     2  stm32f4xx_hal_can.o(.text.HAL_CAN_ErrorCallback)
    HAL_CAN_GetRxMessage                     0x08000cd9   Thumb Code   278  stm32f4xx_hal_can.o(.text.HAL_CAN_GetRxMessage)
    HAL_CAN_GetTxMailboxesFreeLevel          0x08000df1   Thumb Code    40  stm32f4xx_hal_can.o(.text.HAL_CAN_GetTxMailboxesFreeLevel)
    HAL_CAN_IRQHandler                       0x08000e19   Thumb Code   578  stm32f4xx_hal_can.o(.text.HAL_CAN_IRQHandler)
    HAL_CAN_Init                             0x0800105d   Thumb Code   244  stm32f4xx_hal_can.o(.text.HAL_CAN_Init)
    HAL_CAN_MspInit                          0x08001151   Thumb Code   284  can.o(.text.HAL_CAN_MspInit)
    HAL_CAN_RxFifo0FullCallback              0x0800126d   Thumb Code     2  stm32f4xx_hal_can.o(.text.HAL_CAN_RxFifo0FullCallback)
    HAL_CAN_RxFifo0MsgPendingCallback        0x08001271   Thumb Code   160  main.o(.text.HAL_CAN_RxFifo0MsgPendingCallback)
    HAL_CAN_RxFifo1FullCallback              0x08001311   Thumb Code     2  stm32f4xx_hal_can.o(.text.HAL_CAN_RxFifo1FullCallback)
    HAL_CAN_RxFifo1MsgPendingCallback        0x08001315   Thumb Code   222  main.o(.text.HAL_CAN_RxFifo1MsgPendingCallback)
    HAL_CAN_SleepCallback                    0x080013f5   Thumb Code     2  stm32f4xx_hal_can.o(.text.HAL_CAN_SleepCallback)
    HAL_CAN_Start                            0x080013f9   Thumb Code    90  stm32f4xx_hal_can.o(.text.HAL_CAN_Start)
    HAL_CAN_TxMailbox0AbortCallback          0x08001455   Thumb Code     2  stm32f4xx_hal_can.o(.text.HAL_CAN_TxMailbox0AbortCallback)
    HAL_CAN_TxMailbox0CompleteCallback       0x08001459   Thumb Code     2  stm32f4xx_hal_can.o(.text.HAL_CAN_TxMailbox0CompleteCallback)
    HAL_CAN_TxMailbox1AbortCallback          0x0800145d   Thumb Code     2  stm32f4xx_hal_can.o(.text.HAL_CAN_TxMailbox1AbortCallback)
    HAL_CAN_TxMailbox1CompleteCallback       0x08001461   Thumb Code     2  stm32f4xx_hal_can.o(.text.HAL_CAN_TxMailbox1CompleteCallback)
    HAL_CAN_TxMailbox2AbortCallback          0x08001465   Thumb Code     2  stm32f4xx_hal_can.o(.text.HAL_CAN_TxMailbox2AbortCallback)
    HAL_CAN_TxMailbox2CompleteCallback       0x08001469   Thumb Code     2  stm32f4xx_hal_can.o(.text.HAL_CAN_TxMailbox2CompleteCallback)
    HAL_CAN_WakeUpFromRxMsgCallback          0x0800146d   Thumb Code     2  stm32f4xx_hal_can.o(.text.HAL_CAN_WakeUpFromRxMsgCallback)
    HAL_DMA_Abort                            0x08001471   Thumb Code   128  stm32f4xx_hal_dma.o(.text.HAL_DMA_Abort)
    HAL_DMA_Abort_IT                         0x080014f1   Thumb Code    36  stm32f4xx_hal_dma.o(.text.HAL_DMA_Abort_IT)
    HAL_DMA_IRQHandler                       0x08001515   Thumb Code   394  stm32f4xx_hal_dma.o(.text.HAL_DMA_IRQHandler)
    HAL_DMA_Init                             0x080016a1   Thumb Code   318  stm32f4xx_hal_dma.o(.text.HAL_DMA_Init)
    HAL_DMA_Start_IT                         0x080017e1   Thumb Code   160  stm32f4xx_hal_dma.o(.text.HAL_DMA_Start_IT)
    HAL_Delay                                0x08001881   Thumb Code    40  stm32f4xx_hal.o(.text.HAL_Delay)
    HAL_GPIO_Init                            0x080018a9   Thumb Code   408  stm32f4xx_hal_gpio.o(.text.HAL_GPIO_Init)
    HAL_GPIO_WritePin                        0x08001a41   Thumb Code    10  stm32f4xx_hal_gpio.o(.text.HAL_GPIO_WritePin)
    HAL_GetTick                              0x08001a4d   Thumb Code    12  stm32f4xx_hal.o(.text.HAL_GetTick)
    HAL_IncTick                              0x08001a59   Thumb Code    26  stm32f4xx_hal.o(.text.HAL_IncTick)
    HAL_Init                                 0x08001a75   Thumb Code    54  stm32f4xx_hal.o(.text.HAL_Init)
    HAL_InitTick                             0x08001aad   Thumb Code    80  stm32f4xx_hal.o(.text.HAL_InitTick)
    HAL_MspInit                              0x08001afd   Thumb Code    56  stm32f4xx_hal_msp.o(.text.HAL_MspInit)
    HAL_NVIC_EnableIRQ                       0x08001b35   Thumb Code    32  stm32f4xx_hal_cortex.o(.text.HAL_NVIC_EnableIRQ)
    HAL_NVIC_SetPriority                     0x08001b55   Thumb Code    86  stm32f4xx_hal_cortex.o(.text.HAL_NVIC_SetPriority)
    HAL_NVIC_SetPriorityGrouping             0x08001bad   Thumb Code    32  stm32f4xx_hal_cortex.o(.text.HAL_NVIC_SetPriorityGrouping)
    HAL_RCC_ClockConfig                      0x08001bcd   Thumb Code   352  stm32f4xx_hal_rcc.o(.text.HAL_RCC_ClockConfig)
    HAL_RCC_GetPCLK1Freq                     0x08001d2d   Thumb Code    38  stm32f4xx_hal_rcc.o(.text.HAL_RCC_GetPCLK1Freq)
    HAL_RCC_GetPCLK2Freq                     0x08001d55   Thumb Code    38  stm32f4xx_hal_rcc.o(.text.HAL_RCC_GetPCLK2Freq)
    HAL_RCC_GetSysClockFreq                  0x08001d7d   Thumb Code   104  stm32f4xx_hal_rcc.o(.text.HAL_RCC_GetSysClockFreq)
    HAL_RCC_OscConfig                        0x08001de5   Thumb Code   852  stm32f4xx_hal_rcc.o(.text.HAL_RCC_OscConfig)
    HAL_SPI_Init                             0x08002139   Thumb Code   180  stm32f4xx_hal_spi.o(.text.HAL_SPI_Init)
    HAL_SPI_MspInit                          0x080021ed   Thumb Code   114  spi.o(.text.HAL_SPI_MspInit)
    HAL_SPI_Receive                          0x08002261   Thumb Code   354  stm32f4xx_hal_spi.o(.text.HAL_SPI_Receive)
    HAL_SPI_Transmit                         0x080023c5   Thumb Code   490  stm32f4xx_hal_spi.o(.text.HAL_SPI_Transmit)
    HAL_SPI_TransmitReceive                  0x080025b1   Thumb Code   598  stm32f4xx_hal_spi.o(.text.HAL_SPI_TransmitReceive)
    HAL_SYSTICK_Config                       0x08002809   Thumb Code    44  stm32f4xx_hal_cortex.o(.text.HAL_SYSTICK_Config)
    HAL_TIMEx_BreakCallback                  0x08002835   Thumb Code     2  stm32f4xx_hal_tim_ex.o(.text.HAL_TIMEx_BreakCallback)
    HAL_TIMEx_CommutCallback                 0x08002839   Thumb Code     2  stm32f4xx_hal_tim_ex.o(.text.HAL_TIMEx_CommutCallback)
    HAL_TIMEx_MasterConfigSynchronization    0x0800283d   Thumb Code   188  stm32f4xx_hal_tim_ex.o(.text.HAL_TIMEx_MasterConfigSynchronization)
    HAL_TIM_Base_Init                        0x080028f9   Thumb Code    90  stm32f4xx_hal_tim.o(.text.HAL_TIM_Base_Init)
    HAL_TIM_Base_MspInit                     0x08002955   Thumb Code   274  tim.o(.text.HAL_TIM_Base_MspInit)
    HAL_TIM_Base_Start_IT                    0x08002a69   Thumb Code   168  stm32f4xx_hal_tim.o(.text.HAL_TIM_Base_Start_IT)
    HAL_TIM_ConfigClockSource                0x08002b11   Thumb Code   418  stm32f4xx_hal_tim.o(.text.HAL_TIM_ConfigClockSource)
    HAL_TIM_IC_CaptureCallback               0x08002cb5   Thumb Code     2  stm32f4xx_hal_tim.o(.text.HAL_TIM_IC_CaptureCallback)
    HAL_TIM_IRQHandler                       0x08002cb9   Thumb Code   330  stm32f4xx_hal_tim.o(.text.HAL_TIM_IRQHandler)
    HAL_TIM_OC_DelayElapsedCallback          0x08002e05   Thumb Code     2  stm32f4xx_hal_tim.o(.text.HAL_TIM_OC_DelayElapsedCallback)
    HAL_TIM_PWM_PulseFinishedCallback        0x08002e09   Thumb Code     2  stm32f4xx_hal_tim.o(.text.HAL_TIM_PWM_PulseFinishedCallback)
    HAL_TIM_PeriodElapsedCallback            0x08002e0d   Thumb Code   244  main.o(.text.HAL_TIM_PeriodElapsedCallback)
    HAL_TIM_TriggerCallback                  0x08002f05   Thumb Code     2  stm32f4xx_hal_tim.o(.text.HAL_TIM_TriggerCallback)
    HAL_UARTEx_RxEventCallback               0x08002f09   Thumb Code     2  stm32f4xx_hal_uart.o(.text.HAL_UARTEx_RxEventCallback)
    HAL_UART_AbortCpltCallback               0x08002f0d   Thumb Code     2  stm32f4xx_hal_uart.o(.text.HAL_UART_AbortCpltCallback)
    HAL_UART_Abort_IT                        0x08002f11   Thumb Code   248  stm32f4xx_hal_uart.o(.text.HAL_UART_Abort_IT)
    HAL_UART_DMAStop                         0x08003009   Thumb Code   214  stm32f4xx_hal_uart.o(.text.HAL_UART_DMAStop)
    HAL_UART_ErrorCallback                   0x080030e1   Thumb Code     2  stm32f4xx_hal_uart.o(.text.HAL_UART_ErrorCallback)
    HAL_UART_IRQHandler                      0x080030e5   Thumb Code   798  stm32f4xx_hal_uart.o(.text.HAL_UART_IRQHandler)
    HAL_UART_Init                            0x08003405   Thumb Code    96  stm32f4xx_hal_uart.o(.text.HAL_UART_Init)
    HAL_UART_MspInit                         0x08003465   Thumb Code   838  usart.o(.text.HAL_UART_MspInit)
    HAL_UART_Receive_DMA                     0x080037ad   Thumb Code    36  stm32f4xx_hal_uart.o(.text.HAL_UART_Receive_DMA)
    HAL_UART_RxCpltCallback                  0x080037d1   Thumb Code     2  stm32f4xx_hal_uart.o(.text.HAL_UART_RxCpltCallback)
    HAL_UART_RxHalfCpltCallback              0x080037d5   Thumb Code     2  stm32f4xx_hal_uart.o(.text.HAL_UART_RxHalfCpltCallback)
    HAL_UART_Transmit                        0x080037d9   Thumb Code   238  stm32f4xx_hal_uart.o(.text.HAL_UART_Transmit)
    HAL_UART_Transmit_DMA                    0x080038c9   Thumb Code   140  stm32f4xx_hal_uart.o(.text.HAL_UART_Transmit_DMA)
    HAL_UART_TxCpltCallback                  0x08003955   Thumb Code     2  stm32f4xx_hal_uart.o(.text.HAL_UART_TxCpltCallback)
    HAL_UART_TxHalfCpltCallback              0x08003959   Thumb Code     2  stm32f4xx_hal_uart.o(.text.HAL_UART_TxHalfCpltCallback)
    HardFault_Handler                        0x0800395d   Thumb Code     0  stm32f4xx_it.o(.text.HardFault_Handler)
    MX_CAN1_Init                             0x0800395d   Thumb Code    68  can.o(.text.MX_CAN1_Init)
    MX_CAN2_Init                             0x080039a1   Thumb Code    64  can.o(.text.MX_CAN2_Init)
    MX_DMA_Init                              0x080039e1   Thumb Code   156  dma.o(.text.MX_DMA_Init)
    MX_GPIO_Init                             0x08003a7d   Thumb Code   222  gpio.o(.text.MX_GPIO_Init)
    MX_SPI1_Init                             0x08003b5d   Thumb Code    76  spi.o(.text.MX_SPI1_Init)
    MX_TIM1_Init                             0x08003ba9   Thumb Code   124  tim.o(.text.MX_TIM1_Init)
    MX_TIM5_Init                             0x08003c25   Thumb Code   124  tim.o(.text.MX_TIM5_Init)
    MX_TIM6_Init                             0x08003ca1   Thumb Code    84  tim.o(.text.MX_TIM6_Init)
    MX_TIM7_Init                             0x08003cf5   Thumb Code    82  tim.o(.text.MX_TIM7_Init)
    MX_TIM8_Init                             0x08003d49   Thumb Code   126  tim.o(.text.MX_TIM8_Init)
    MX_USART1_UART_Init                      0x08003dc9   Thumb Code    60  usart.o(.text.MX_USART1_UART_Init)
    MX_USART2_UART_Init                      0x08003e05   Thumb Code    60  usart.o(.text.MX_USART2_UART_Init)
    MX_USART3_UART_Init                      0x08003e41   Thumb Code    60  usart.o(.text.MX_USART3_UART_Init)
    MX_USART6_UART_Init                      0x08003e7d   Thumb Code    72  usart.o(.text.MX_USART6_UART_Init)
    MemManage_Handler                        0x08003ec5   Thumb Code     0  stm32f4xx_it.o(.text.MemManage_Handler)
    Mini_PC_Init                             0x08003ec5   Thumb Code    34  communication.o(.text.Mini_PC_Init)
    Mini_PC_SendData                         0x08003ee9   Thumb Code   246  communication.o(.text.Mini_PC_SendData)
    NMI_Handler                              0x08003fe1   Thumb Code     0  stm32f4xx_it.o(.text.NMI_Handler)
    PendSV_Handler                           0x08003fe1   Thumb Code     2  stm32f4xx_it.o(.text.PendSV_Handler)
    SVC_Handler                              0x08004125   Thumb Code     2  stm32f4xx_it.o(.text.SVC_Handler)
    SysTick_Handler                          0x08004129   Thumb Code     4  stm32f4xx_it.o(.text.SysTick_Handler)
    SystemInit                               0x0800412d   Thumb Code    18  system_stm32f4xx.o(.text.SystemInit)
    TIM1_UP_TIM10_IRQHandler                 0x08004141   Thumb Code    12  stm32f4xx_it.o(.text.TIM1_UP_TIM10_IRQHandler)
    TIM5_IRQHandler                          0x0800414d   Thumb Code    12  stm32f4xx_it.o(.text.TIM5_IRQHandler)
    TIM6_DAC_IRQHandler                      0x08004159   Thumb Code    12  stm32f4xx_it.o(.text.TIM6_DAC_IRQHandler)
    TIM7_IRQHandler                          0x08004165   Thumb Code    12  stm32f4xx_it.o(.text.TIM7_IRQHandler)
    TIM8_BRK_TIM12_IRQHandler                0x08004171   Thumb Code    12  stm32f4xx_it.o(.text.TIM8_BRK_TIM12_IRQHandler)
    TIM8_UP_TIM13_IRQHandler                 0x0800417d   Thumb Code    12  stm32f4xx_it.o(.text.TIM8_UP_TIM13_IRQHandler)
    TIM_Base_SetConfig                       0x08004189   Thumb Code   300  stm32f4xx_hal_tim.o(.text.TIM_Base_SetConfig)
    UART_Start_Receive_DMA                   0x08004645   Thumb Code   170  stm32f4xx_hal_uart.o(.text.UART_Start_Receive_DMA)
    USART1_IRQHandler                        0x080046f1   Thumb Code   288  stm32f4xx_it.o(.text.USART1_IRQHandler)
    USART2_IRQHandler                        0x08004811   Thumb Code   360  stm32f4xx_it.o(.text.USART2_IRQHandler)
    USART3_IRQHandler                        0x08004991   Thumb Code    12  stm32f4xx_it.o(.text.USART3_IRQHandler)
    USART6_IRQHandler                        0x0800499d   Thumb Code    30  stm32f4xx_it.o(.text.USART6_IRQHandler)
    UsageFault_Handler                       0x080049bd   Thumb Code     0  stm32f4xx_it.o(.text.UsageFault_Handler)
    jianshu_deal()                           0x08004d19   Thumb Code   344  main.o(.text._Z12jianshu_dealv)
    SystemClock_Config()                     0x08004e71   Thumb Code   160  main.o(.text._Z18SystemClock_Configv)
    can2_communicate_deal()                  0x08004f11   Thumb Code   302  main.o(.text._Z21can2_communicate_dealv)
    MODE_DEAL()                              0x08005041   Thumb Code   260  main.o(.text._Z9MODE_DEALv)
    Vision_LPF::Vision_Low_Pass_Filter(float) 0x08005169   Thumb Code    52  rm_lib.o(.text._ZN10Vision_LPF22Vision_Low_Pass_FilterEf)
    Vision_LPF::Vision_Low_Pass_Filter_Init() 0x0800519d   Thumb Code   100  rm_lib.o(.text._ZN10Vision_LPF27Vision_Low_Pass_Filter_InitEv)
    BP::BP_time_out()                        0x08005201   Thumb Code   296  shoot.o(.text._ZN2BP11BP_time_outEv)
    BP::BP_while_layer()                     0x08005341   Thumb Code    76  shoot.o(.text._ZN2BP14BP_while_layerEv)
    BP::BP_deal(unsigned char, unsigned char) 0x08005391   Thumb Code  1112  shoot.o(.text._ZN2BP7BP_dealEhh)
    RC::DT16_set_zero()                      0x08005835   Thumb Code    72  rm_lib.o(.text._ZN2RC13DT16_set_zeroEv)
    RC::Pressed_Check(unsigned short)        0x0800587d   Thumb Code    12  rm_lib.o(.text._ZN2RC13Pressed_CheckEt)
    RC::VT13_data_deal()                     0x08005889   Thumb Code   270  rm_lib.o(.text._ZN2RC14VT13_data_dealEv)
    RC::DT16_watchdog_run()                  0x08005999   Thumb Code   114  rm_lib.o(.text._ZN2RC17DT16_watchdog_runEv)
    RC::VT13_watchdog_run()                  0x08005a0d   Thumb Code   212  rm_lib.o(.text._ZN2RC17VT13_watchdog_runEv)
    RC::DT16_RxCplt_IRQHandler()             0x08005ae1   Thumb Code   334  rm_lib.o(.text._ZN2RC22DT16_RxCplt_IRQHandlerEv)
    RC::VT13_RxCplt_IRQHandler()             0x08005c31   Thumb Code   186  rm_lib.o(.text._ZN2RC22VT13_RxCplt_IRQHandlerEv)
    RC::DT16_Init()                          0x08005ced   Thumb Code   196  rm_lib.o(.text._ZN2RC9DT16_InitEv)
    RC::VT13_Init()                          0x08005db1   Thumb Code   180  rm_lib.o(.text._ZN2RC9VT13_InitEv)
    RC::fill_data()                          0x08005e65   Thumb Code   148  rm_lib.o(.text._ZN2RC9fill_dataEv)
    MCL::MCL_while_layer(unsigned char)      0x08005ef9   Thumb Code   142  shoot.o(.text._ZN3MCL15MCL_while_layerEh)
    MCL::MCL_deal()                          0x08005f89   Thumb Code   204  shoot.o(.text._ZN3MCL8MCL_dealEv)
    SMC::SMC_AngleSpeed(float, float, float, float, float) 0x08006065   Thumb Code   196  smc.o(.text._ZN3SMC14SMC_AngleSpeedEfffff)
    SMC::SMC_Tick(float, float)              0x0800612d   Thumb Code   228  smc.o(.text._ZN3SMC8SMC_TickEff)
    YAW::set_SMCref(float)                   0x08006215   Thumb Code    38  yaw.o(.text._ZN3YAW10set_SMCrefEf)
    YAW::set_Yaw_Angle(float)                0x0800623d   Thumb Code    16  yaw.o(.text._ZN3YAW13set_Yaw_AngleEf)
    YAW::Yaw_Out_Interface(unsigned char)    0x08006251   Thumb Code   464  yaw.o(.text._ZN3YAW17Yaw_Out_InterfaceEh)
    PITCH::set_Pitch_Target(float)           0x08006435   Thumb Code    16  pitch.o(.text._ZN5PITCH16set_Pitch_TargetEf)
    PITCH::Pitch_Out_Interface(unsigned char) 0x08006449   Thumb Code   368  pitch.o(.text._ZN5PITCH19Pitch_Out_InterfaceEh)
    BMI088::BMI088_AHRS(float, float, float, float, float, float) 0x080065d9   Thumb Code   560  rm_lib.o(.text._ZN6BMI08811BMI088_AHRSEffffff)
    BMI088::Analyse_speed()                  0x08006811   Thumb Code   376  rm_lib.o(.text._ZN6BMI08813Analyse_speedEv)
    BMI088::BMI088_New_update()              0x08006991   Thumb Code   236  rm_lib.o(.text._ZN6BMI08817BMI088_New_updateEv)
    BMI088::QuatToEulerAngles()              0x08006a7d   Thumb Code   284  rm_lib.o(.text._ZN6BMI08817QuatToEulerAnglesEv)
    BMI088::BMI_CrossRound_err()             0x08006ba1   Thumb Code   228  rm_lib.o(.text._ZN6BMI08818BMI_CrossRound_errEv)
    BMI088::Init()                           0x08006c8d   Thumb Code  1148  rm_lib.o(.text._ZN6BMI0884InitEv)
    BMI088::analyse()                        0x0800712d   Thumb Code    46  rm_lib.o(.text._ZN6BMI0887analyseEv)
    BMI088::getValues()                      0x0800715d   Thumb Code   812  rm_lib.o(.text._ZN6BMI0889getValuesEv)
    MOTOR_DM::DM_MIT(unsigned short, float, float, float, float, float) 0x0800749d   Thumb Code   412  dm.o(.text._ZN8MOTOR_DM6DM_MITEtfffff)
    MOTOR_DM::DM_Start(unsigned short)       0x08007641   Thumb Code    46  dm.o(.text._ZN8MOTOR_DM8DM_StartEt)
    MOTOR_DM::DM_update()                    0x08007671   Thumb Code   236  dm.o(.text._ZN8MOTOR_DM9DM_updateEv)
    MOTOR_RM::update()                       0x08007765   Thumb Code   128  rm.o(.text._ZN8MOTOR_RM6updateEv)
    USER_CAN::Init(unsigned short, unsigned short) 0x080077e5   Thumb Code   114  rm_lib.o(.text._ZN8USER_CAN4InitEtt)
    USER_CAN::Send(unsigned short, unsigned char*) 0x08007859   Thumb Code    46  rm_lib.o(.text._ZN8USER_CAN4SendEtPh)
    USER_CAN::Receive(CAN_HandleTypeDef*)    0x08007889   Thumb Code    22  rm_lib.o(.text._ZN8USER_CAN7ReceiveEP17CAN_HandleTypeDef)
    USER_CAN::Send_RM(unsigned short, short, short, short, short) 0x080078a1   Thumb Code    86  rm_lib.o(.text._ZN8USER_CAN7Send_RMEtssss)
    PID_class::PID_update_LP(float, float, float) 0x080078f9   Thumb Code   336  pid.o(.text._ZN9PID_class13PID_update_LPEfff)
    PID_class::PID_new_update(float, float)  0x08007a49   Thumb Code   192  pid.o(.text._ZN9PID_class14PID_new_updateEff)
    std::get_new_handler()                   0x08007b09   Thumb Code    12  cxa_handlers.cpp.o(.text._ZSt15get_new_handlerv)
    operator new(unsigned int)               0x08007b15   Thumb Code    38  new.cpp.o(.text._Znwj)
    main                                     0x08007b3d   Thumb Code   452  main.o(.text.main)
    __0sprintf                               0x08007d09   Thumb Code    34  printfa.o(i.__0sprintf)
    __1sprintf                               0x08007d09   Thumb Code     0  printfa.o(i.__0sprintf)
    __2sprintf                               0x08007d09   Thumb Code     0  printfa.o(i.__0sprintf)
    __c89sprintf                             0x08007d09   Thumb Code     0  printfa.o(i.__0sprintf)
    sprintf                                  0x08007d09   Thumb Code     0  printfa.o(i.__0sprintf)
    __ARM_fpclassifyf                        0x08007d31   Thumb Code    38  fpclassifyf.o(i.__ARM_fpclassifyf)
    __aligned_malloc                         0x08007d59   Thumb Code   142  malloca.o(i.__aligned_malloc)
    __hardfp_asinf                           0x08007df9   Thumb Code   258  asinf.o(i.__hardfp_asinf)
    __hardfp_atan2f                          0x08007f25   Thumb Code   594  atan2f.o(i.__hardfp_atan2f)
    malloc                                   0x080081d1   Thumb Code     6  malloca.o(i.__malloc$memalign)
    __mathlib_flt_infnan                     0x080081d7   Thumb Code     6  funder.o(i.__mathlib_flt_infnan)
    __mathlib_flt_infnan2                    0x080081dd   Thumb Code     6  funder.o(i.__mathlib_flt_infnan2)
    __mathlib_flt_invalid                    0x080081e5   Thumb Code    10  funder.o(i.__mathlib_flt_invalid)
    __mathlib_flt_underflow                  0x080081f5   Thumb Code    10  funder.o(i.__mathlib_flt_underflow)
    __scatterload_copy                       0x08008205   Thumb Code    14  handlers.o(i.__scatterload_copy)
    __scatterload_null                       0x08008213   Thumb Code     2  handlers.o(i.__scatterload_null)
    __scatterload_zeroinit                   0x08008215   Thumb Code    14  handlers.o(i.__scatterload_zeroinit)
    __set_errno                              0x08008225   Thumb Code     6  errno.o(i.__set_errno)
    sqrtf                                    0x08008aed   Thumb Code    62  sqrtf.o(i.sqrtf)
    AHBPrescTable                            0x08008b2a   Data          16  system_stm32f4xx.o(.rodata.AHBPrescTable)
    APBPrescTable                            0x08008b3a   Data           8  system_stm32f4xx.o(.rodata.APBPrescTable)
    Region$$Table$$Base                      0x08008d60   Number         0  anon$$obj.o(Region$$Table)
    Region$$Table$$Limit                     0x08008d80   Number         0  anon$$obj.o(Region$$Table)
    SHT$$INIT_ARRAY$$Base                    0x08008d80   Number         0  pitch.o(.init_array)
    SHT$$INIT_ARRAY$$Limit                   0x08008d8c   Number         0  cpp_init.o(.init_array)
    __microlib_freelist                      0x20000004   Data           4  mvars.o(.data)
    __microlib_freelist_initialised          0x20000008   Data           4  mvars.o(.data)
    CAN_1                                    0x2000000c   Data          84  main.o(.data.CAN_1)
    CAN_2                                    0x20000060   Data          84  main.o(.data.CAN_2)
    DM_PITCH                                 0x200000b4   Data         112  main.o(.data.DM_PITCH)
    GIMBAL_088                               0x20000124   Data         624  main.o(.data.GIMBAL_088)
    GIMBAL_088_State                         0x20000394   Data           1  main.o(.data.GIMBAL_088_State)
    LPF_Deal_pitch                           0x20000398   Data          28  main.o(.data.LPF_Deal_pitch)
    M2006_BP                                 0x200003b4   Data          32  main.o(.data.M2006_BP)
    M3508_MCL_Left                           0x200003d4   Data          32  main.o(.data.M3508_MCL_Left)
    M3508_MCL_Right                          0x200003f4   Data          32  main.o(.data.M3508_MCL_Right)
    M6020_YAW                                0x20000414   Data          32  main.o(.data.M6020_YAW)
    Pitch_MCU                                0x20000434   Data          28  main.o(.data.Pitch_MCU)
    Pitch_PID_OUT                            0x20000450   Data          28  main.o(.data.Pitch_PID_OUT)
    SystemCoreClock                          0x2000046c   Data           4  system_stm32f4xx.o(.data.SystemCoreClock)
    V_Pitch                                  0x20000470   Data          28  main.o(.data.V_Pitch)
    V_Yaw                                    0x2000048c   Data          28  main.o(.data.V_Yaw)
    YK                                       0x200004a8   Data         440  main.o(.data.YK)
    Yaw_PID_OUT                              0x20000660   Data          28  main.o(.data.Yaw_PID_OUT)
    param_Kp                                 0x2000067c   Data           4  rm_lib.o(.data.param_Kp)
    uwTickFreq                               0x20000680   Data           1  stm32f4xx_hal.o(.data.uwTickFreq)
    uwTickPrio                               0x20000684   Data           4  stm32f4xx_hal.o(.data.uwTickPrio)
    AS                                       0x20000688   Data          24  communication.o(.bss.AS)
    BP_PID_OUT                               0x200006a0   Data           4  main.o(.bss.BP_PID_OUT)
    Buff_Flag                                0x200006a4   Data           1  main.o(.bss.Buff_Flag)
    Communicate_Rx_Flag_1                    0x200006a6   Data           2  main.o(.bss.Communicate_Rx_Flag_1)
    Communicate_Send_Flag_1                  0x200006a8   Data           2  main.o(.bss.Communicate_Send_Flag_1)
    DR16_Stop_Flag                           0x200006aa   Data           1  main.o(.bss.DR16_Stop_Flag)
    I_ex                                     0x200006b0   Data           4  rm_lib.o(.bss.I_ex)
    I_ey                                     0x200006b4   Data           4  rm_lib.o(.bss.I_ey)
    I_ez                                     0x200006b8   Data           4  rm_lib.o(.bss.I_ez)
    M2006_BP_Angle                           0x200006c0   Data         112  shoot.o(.bss.M2006_BP_Angle)
    M2006_BP_Con_Angle                       0x20000730   Data         112  shoot.o(.bss.M2006_BP_Con_Angle)
    M2006_BP_Con_Speed                       0x200007a0   Data         112  shoot.o(.bss.M2006_BP_Con_Speed)
    M2006_BP_Speed                           0x20000810   Data         112  shoot.o(.bss.M2006_BP_Speed)
    M3508_MCL_Left_Speed                     0x20000880   Data         112  shoot.o(.bss.M3508_MCL_Left_Speed)
    M3508_MCL_Right_Speed                    0x200008f0   Data         112  shoot.o(.bss.M3508_MCL_Right_Speed)
    M6020_Pitch_Angle                        0x20000960   Data         112  pitch.o(.bss.M6020_Pitch_Angle)
    M6020_Pitch_Speed                        0x200009d0   Data         112  pitch.o(.bss.M6020_Pitch_Speed)
    MCL_PID_OUT                              0x20000a40   Data           4  main.o(.bss.MCL_PID_OUT)
    Mini_PC_rx_buf                           0x20000a44   Data         128  communication.o(.bss.Mini_PC_rx_buf)
    Mini_PC_tx_buf                           0x20000ac4   Data         128  communication.o(.bss.Mini_PC_tx_buf)
    PID_Pitch_mang_zm                        0x20000b44   Data         112  pitch.o(.bss.PID_Pitch_mang_zm)
    PID_Pitch_sp_zm                          0x20000bb4   Data         112  pitch.o(.bss.PID_Pitch_sp_zm)
    PITCH_Mode                               0x20000c24   Data           1  main.o(.bss.PITCH_Mode)
    Pitch_Pid_Out                            0x20000c28   Data           4  main.o(.bss.Pitch_Pid_Out)
    Right_Flag                               0x20000c2c   Data           1  main.o(.bss.Right_Flag)
    SuperPower                               0x20000c30   Data          32  communication.o(.bss.SuperPower)
    UD_BP_DF                                 0x20000c50   Data           1  shoot.o(.bss.UD_BP_DF)
    UD_BP_ON                                 0x20000c51   Data           1  shoot.o(.bss.UD_BP_ON)
    UD_PR_BP                                 0x20000c52   Data           1  shoot.o(.bss.UD_PR_BP)
    UD_Yaw_Back                              0x20000c53   Data           1  yaw.o(.bss.UD_Yaw_Back)
    YAW_Mode                                 0x20000c54   Data           1  main.o(.bss.YAW_Mode)
    YK_MODE_SW_C_N                           0x20000c56   Data           2  main.o(.bss.YK_MODE_SW_C_N)
    YK_MODE_SW_C_S                           0x20000c58   Data           2  main.o(.bss.YK_MODE_SW_C_S)
    YK_MODE_SW_N_C                           0x20000c5a   Data           2  main.o(.bss.YK_MODE_SW_N_C)
    YK_MODE_SW_S_C                           0x20000c5c   Data           2  main.o(.bss.YK_MODE_SW_S_C)
    YK_Mode                                  0x20000c5e   Data           1  main.o(.bss.YK_Mode)
    Yaw                                      0x20000c60   Data          76  yaw.o(.bss.Yaw)
    Yaw_Back                                 0x20000cac   Data          76  yaw.o(.bss.Yaw_Back)
    Yaw_Pid_Out                              0x20000cf8   Data           4  main.o(.bss.Yaw_Pid_Out)
    Yaw_Zm                                   0x20000cfc   Data          76  yaw.o(.bss.Yaw_Zm)
    Zm_Yaw_Acc                               0x20000d48   Data           4  stm32f4xx_it.o(.bss.Zm_Yaw_Acc)
    Zm_Yaw_Vel                               0x20000d4c   Data           4  stm32f4xx_it.o(.bss.Zm_Yaw_Vel)
    __cxa_new_handler                        0x20000d58   Data           4  cxa_default_handlers.cpp.o(.bss.__cxa_new_handler)
    bp                                       0x20000d5c   Data           4  shoot.o(.bss.bp)
    calibrationState                         0x20000d60   Data           1  rm_lib.o(.bss.calibrationState)
    disable_irq_1                            0x20000d68   Data           8  stm32f4xx_it.o(.bss.disable_irq_1)
    disable_irq_2                            0x20000d70   Data           8  stm32f4xx_it.o(.bss.disable_irq_2)
    hcan1                                    0x20000d78   Data          40  can.o(.bss.hcan1)
    hcan2                                    0x20000da0   Data          40  can.o(.bss.hcan2)
    hdma_usart1_rx                           0x20000dc8   Data          96  usart.o(.bss.hdma_usart1_rx)
    hdma_usart2_rx                           0x20000e28   Data          96  usart.o(.bss.hdma_usart2_rx)
    hdma_usart2_tx                           0x20000e88   Data          96  usart.o(.bss.hdma_usart2_tx)
    hdma_usart3_rx                           0x20000ee8   Data          96  usart.o(.bss.hdma_usart3_rx)
    hdma_usart3_tx                           0x20000f48   Data          96  usart.o(.bss.hdma_usart3_tx)
    hdma_usart6_rx                           0x20000fa8   Data          96  usart.o(.bss.hdma_usart6_rx)
    hspi1                                    0x20001008   Data          88  spi.o(.bss.hspi1)
    htim1                                    0x20001060   Data          72  tim.o(.bss.htim1)
    htim5                                    0x200010a8   Data          72  tim.o(.bss.htim5)
    htim6                                    0x200010f0   Data          72  tim.o(.bss.htim6)
    htim7                                    0x20001138   Data          72  tim.o(.bss.htim7)
    htim8                                    0x20001180   Data          72  tim.o(.bss.htim8)
    huart1                                   0x200011c8   Data          72  usart.o(.bss.huart1)
    huart2                                   0x20001210   Data          72  usart.o(.bss.huart2)
    huart3                                   0x20001258   Data          72  usart.o(.bss.huart3)
    huart6                                   0x200012a0   Data          72  usart.o(.bss.huart6)
    info_ubuf                                0x200012e8   Data         128  rm_lib.o(.bss.info_ubuf)
    jianshu_flag                             0x20001368   Data           1  main.o(.bss.jianshu_flag)
    mcl                                      0x2000136c   Data           4  shoot.o(.bss.mcl)
    param_Ki                                 0x20001370   Data           4  rm_lib.o(.bss.param_Ki)
    pitch                                    0x20001374   Data           4  pitch.o(.bss.pitch)
    remain_heat                              0x20001378   Data           4  main.o(.bss.remain_heat)
    request                                  0x2000137c   Data          32  communication.o(.bss.request)
    shooter_id1_17mm_barrel_cooling_value    0x2000139c   Data           2  main.o(.bss.shooter_id1_17mm_barrel_cooling_value)
    shooter_id1_17mm_cooling_heat            0x2000139e   Data           2  main.o(.bss.shooter_id1_17mm_cooling_heat)
    shooter_id1_17mm_cooling_limit           0x200013a0   Data           2  main.o(.bss.shooter_id1_17mm_cooling_limit)
    uwTick                                   0x200013a4   Data           4  stm32f4xx_hal.o(.bss.uwTick)
    yaw                                      0x200013a8   Data           4  yaw.o(.bss.yaw)
    __heap_base                              0x200013b0   Data           0  startup_stm32f405xx.o(HEAP)
    __heap_limit                             0x20001bb0   Data           0  startup_stm32f405xx.o(HEAP)
    __initial_sp                             0x20003bb0   Data           0  startup_stm32f405xx.o(STACK)



==============================================================================

Memory Map of the image

  Image Entry point : 0x08000189

  Load Region LR_IROM1 (Base: 0x08000000, Size: 0x00009418, Max: 0x00100000, ABSOLUTE, COMPRESSED[0x00008e40])

    Execution Region ER_IROM1 (Exec base: 0x08000000, Load base: 0x08000000, Size: 0x00008d8c, Max: 0x00100000, ABSOLUTE)

    Exec Addr    Load Addr    Size         Type   Attr      Idx    E Section Name        Object

    0x08000000   0x08000000   0x00000188   Data   RO            3    RESET               startup_stm32f405xx.o
    0x08000188   0x08000188   0x00000000   Code   RO         1820  * .ARM.Collect$$$$00000000  mc_w.l(entry.o)
    0x08000188   0x08000188   0x00000004   Code   RO         2184    .ARM.Collect$$$$00000001  mc_w.l(entry2.o)
    0x0800018c   0x0800018c   0x00000004   Code   RO         2187    .ARM.Collect$$$$00000004  mc_w.l(entry5.o)
    0x08000190   0x08000190   0x00000000   Code   RO         2189    .ARM.Collect$$$$00000008  mc_w.l(entry7b.o)
    0x08000190   0x08000190   0x00000004   Code   RO         2190    .ARM.Collect$$$$00000009  mc_w.l(entry8a.o)
    0x08000194   0x08000194   0x00000000   Code   RO         2191    .ARM.Collect$$$$0000000A  mc_w.l(entry8b.o)
    0x08000194   0x08000194   0x00000008   Code   RO         2192    .ARM.Collect$$$$0000000B  mc_w.l(entry9a.o)
    0x0800019c   0x0800019c   0x00000000   Code   RO         2194    .ARM.Collect$$$$0000000D  mc_w.l(entry10a.o)
    0x0800019c   0x0800019c   0x00000000   Code   RO         2196    .ARM.Collect$$$$0000000F  mc_w.l(entry11a.o)
    0x0800019c   0x0800019c   0x00000004   Code   RO         2185    .ARM.Collect$$$$00002712  mc_w.l(entry2.o)
    0x080001a0   0x080001a0   0x00000024   Code   RO            4    .text               startup_stm32f405xx.o
    0x080001c4   0x080001c4   0x00000062   Code   RO         1823    .text               mc_w.l(uldiv.o)
    0x08000226   0x08000226   0x00000024   Code   RO         1829    .text               mc_w.l(memseta.o)
    0x0800024a   0x0800024a   0x00000002   PAD
    0x0800024c   0x0800024c   0x00000028   Code   RO         2099    .text               mc_w.l(cpp_init.o)
    0x08000274   0x08000274   0x0000014e   Code   RO         2101    .text               mf_w.l(dadd.o)
    0x080003c2   0x080003c2   0x000000e4   Code   RO         2103    .text               mf_w.l(dmul.o)
    0x080004a6   0x080004a6   0x000000de   Code   RO         2105    .text               mf_w.l(ddiv.o)
    0x08000584   0x08000584   0x00000036   Code   RO         2107    .text               mf_w.l(dcmple.o)
    0x080005ba   0x080005ba   0x00000036   Code   RO         2111    .text               mf_w.l(dcmpge.o)
    0x080005f0   0x080005f0   0x00000022   Code   RO         2113    .text               mf_w.l(dflti.o)
    0x08000612   0x08000612   0x00000026   Code   RO         2117    .text               mf_w.l(f2d.o)
    0x08000638   0x08000638   0x00000038   Code   RO         2119    .text               mf_w.l(d2f.o)
    0x08000670   0x08000670   0x0000002c   Code   RO         2212    .text               mc_w.l(uidiv.o)
    0x0800069c   0x0800069c   0x0000001e   Code   RO         2214    .text               mc_w.l(llshl.o)
    0x080006ba   0x080006ba   0x00000020   Code   RO         2216    .text               mc_w.l(llushr.o)
    0x080006da   0x080006da   0x00000024   Code   RO         2218    .text               mc_w.l(llsshr.o)
    0x080006fe   0x080006fe   0x00000000   Code   RO         2257    .text               mc_w.l(iusefp.o)
    0x080006fe   0x080006fe   0x0000006e   Code   RO         2262    .text               mf_w.l(fepilogue.o)
    0x0800076c   0x0800076c   0x000000ba   Code   RO         2264    .text               mf_w.l(depilogue.o)
    0x08000826   0x08000826   0x00000030   Code   RO         2268    .text               mf_w.l(dfixul.o)
    0x08000856   0x08000856   0x00000002   PAD
    0x08000858   0x08000858   0x00000030   Code   RO         2272    .text               mf_w.l(cdrcmple.o)
    0x08000888   0x08000888   0x00000030   Code   RO         2293    .text               mc_w.l(init.o)
    0x080008b8   0x080008b8   0x00000056   Code   RO         2309    .text               mc_w.l(__dczerorl2.o)
    0x0800090e   0x0800090e   0x00000002   PAD
    0x08000910   0x08000910   0x00000000   Code   RO          217    .text.BusFault_Handler  stm32f4xx_it.o
    0x08000910   0x08000910   0x0000000c   Code   RO          237    .text.CAN1_RX0_IRQHandler  stm32f4xx_it.o
    0x0800091c   0x0800091c   0x0000000c   Code   RO          261    .text.CAN2_RX1_IRQHandler  stm32f4xx_it.o
    0x08000928   0x08000928   0x0000000c   Code   RO          229    .text.DMA1_Stream1_IRQHandler  stm32f4xx_it.o
    0x08000934   0x08000934   0x0000000c   Code   RO          231    .text.DMA1_Stream3_IRQHandler  stm32f4xx_it.o
    0x08000940   0x08000940   0x0000000c   Code   RO          233    .text.DMA1_Stream5_IRQHandler  stm32f4xx_it.o
    0x0800094c   0x0800094c   0x0000000c   Code   RO          235    .text.DMA1_Stream6_IRQHandler  stm32f4xx_it.o
    0x08000958   0x08000958   0x0000000c   Code   RO          257    .text.DMA2_Stream1_IRQHandler  stm32f4xx_it.o
    0x08000964   0x08000964   0x0000000c   Code   RO          259    .text.DMA2_Stream2_IRQHandler  stm32f4xx_it.o
    0x08000970   0x08000970   0x00000002   Code   RO          223    .text.DebugMon_Handler  stm32f4xx_it.o
    0x08000972   0x08000972   0x00000002   PAD
    0x08000974   0x08000974   0x00000002   Code   RO           23    .text.Error_Handler  main.o
    0x08000976   0x08000976   0x00000002   PAD
    0x08000978   0x08000978   0x000001bc   Code   RO         1342    .text.GetReceive_SP  communication.o
    0x08000b34   0x08000b34   0x00000026   Code   RO          328    .text.HAL_CAN_ActivateNotification  stm32f4xx_hal_can.o
    0x08000b5a   0x08000b5a   0x00000002   PAD
    0x08000b5c   0x08000b5c   0x00000096   Code   RO          314    .text.HAL_CAN_AddTxMessage  stm32f4xx_hal_can.o
    0x08000bf2   0x08000bf2   0x00000002   PAD
    0x08000bf4   0x08000bf4   0x000000de   Code   RO          304    .text.HAL_CAN_ConfigFilter  stm32f4xx_hal_can.o
    0x08000cd2   0x08000cd2   0x00000002   PAD
    0x08000cd4   0x08000cd4   0x00000002   Code   RO          358    .text.HAL_CAN_ErrorCallback  stm32f4xx_hal_can.o
    0x08000cd6   0x08000cd6   0x00000002   PAD
    0x08000cd8   0x08000cd8   0x00000116   Code   RO          324    .text.HAL_CAN_GetRxMessage  stm32f4xx_hal_can.o
    0x08000dee   0x08000dee   0x00000002   PAD
    0x08000df0   0x08000df0   0x00000028   Code   RO          318    .text.HAL_CAN_GetTxMailboxesFreeLevel  stm32f4xx_hal_can.o
    0x08000e18   0x08000e18   0x00000242   Code   RO          332    .text.HAL_CAN_IRQHandler  stm32f4xx_hal_can.o
    0x0800105a   0x0800105a   0x00000002   PAD
    0x0800105c   0x0800105c   0x000000f4   Code   RO          294    .text.HAL_CAN_Init  stm32f4xx_hal_can.o
    0x08001150   0x08001150   0x0000011c   Code   RO          115    .text.HAL_CAN_MspInit  can.o
    0x0800126c   0x0800126c   0x00000002   Code   RO          346    .text.HAL_CAN_RxFifo0FullCallback  stm32f4xx_hal_can.o
    0x0800126e   0x0800126e   0x00000002   PAD
    0x08001270   0x08001270   0x000000a0   Code   RO           27    .text.HAL_CAN_RxFifo0MsgPendingCallback  main.o
    0x08001310   0x08001310   0x00000002   Code   RO          350    .text.HAL_CAN_RxFifo1FullCallback  stm32f4xx_hal_can.o
    0x08001312   0x08001312   0x00000002   PAD
    0x08001314   0x08001314   0x000000de   Code   RO           29    .text.HAL_CAN_RxFifo1MsgPendingCallback  main.o
    0x080013f2   0x080013f2   0x00000002   PAD
    0x080013f4   0x080013f4   0x00000002   Code   RO          354    .text.HAL_CAN_SleepCallback  stm32f4xx_hal_can.o
    0x080013f6   0x080013f6   0x00000002   PAD
    0x080013f8   0x080013f8   0x0000005a   Code   RO          306    .text.HAL_CAN_Start  stm32f4xx_hal_can.o
    0x08001452   0x08001452   0x00000002   PAD
    0x08001454   0x08001454   0x00000002   Code   RO          336    .text.HAL_CAN_TxMailbox0AbortCallback  stm32f4xx_hal_can.o
    0x08001456   0x08001456   0x00000002   PAD
    0x08001458   0x08001458   0x00000002   Code   RO          334    .text.HAL_CAN_TxMailbox0CompleteCallback  stm32f4xx_hal_can.o
    0x0800145a   0x0800145a   0x00000002   PAD
    0x0800145c   0x0800145c   0x00000002   Code   RO          340    .text.HAL_CAN_TxMailbox1AbortCallback  stm32f4xx_hal_can.o
    0x0800145e   0x0800145e   0x00000002   PAD
    0x08001460   0x08001460   0x00000002   Code   RO          338    .text.HAL_CAN_TxMailbox1CompleteCallback  stm32f4xx_hal_can.o
    0x08001462   0x08001462   0x00000002   PAD
    0x08001464   0x08001464   0x00000002   Code   RO          344    .text.HAL_CAN_TxMailbox2AbortCallback  stm32f4xx_hal_can.o
    0x08001466   0x08001466   0x00000002   PAD
    0x08001468   0x08001468   0x00000002   Code   RO          342    .text.HAL_CAN_TxMailbox2CompleteCallback  stm32f4xx_hal_can.o
    0x0800146a   0x0800146a   0x00000002   PAD
    0x0800146c   0x0800146c   0x00000002   Code   RO          356    .text.HAL_CAN_WakeUpFromRxMsgCallback  stm32f4xx_hal_can.o
    0x0800146e   0x0800146e   0x00000002   PAD
    0x08001470   0x08001470   0x00000080   Code   RO          530    .text.HAL_DMA_Abort  stm32f4xx_hal_dma.o
    0x080014f0   0x080014f0   0x00000024   Code   RO          532    .text.HAL_DMA_Abort_IT  stm32f4xx_hal_dma.o
    0x08001514   0x08001514   0x0000018a   Code   RO          536    .text.HAL_DMA_IRQHandler  stm32f4xx_hal_dma.o
    0x0800169e   0x0800169e   0x00000002   PAD
    0x080016a0   0x080016a0   0x0000013e   Code   RO          522    .text.HAL_DMA_Init  stm32f4xx_hal_dma.o
    0x080017de   0x080017de   0x00000002   PAD
    0x080017e0   0x080017e0   0x000000a0   Code   RO          528    .text.HAL_DMA_Start_IT  stm32f4xx_hal_dma.o
    0x08001880   0x08001880   0x00000028   Code   RO          689    .text.HAL_Delay     stm32f4xx_hal.o
    0x080018a8   0x080018a8   0x00000198   Code   RO          484    .text.HAL_GPIO_Init  stm32f4xx_hal_gpio.o
    0x08001a40   0x08001a40   0x0000000a   Code   RO          490    .text.HAL_GPIO_WritePin  stm32f4xx_hal_gpio.o
    0x08001a4a   0x08001a4a   0x00000002   PAD
    0x08001a4c   0x08001a4c   0x0000000c   Code   RO          681    .text.HAL_GetTick   stm32f4xx_hal.o
    0x08001a58   0x08001a58   0x0000001a   Code   RO          679    .text.HAL_IncTick   stm32f4xx_hal.o
    0x08001a72   0x08001a72   0x00000002   PAD
    0x08001a74   0x08001a74   0x00000036   Code   RO          669    .text.HAL_Init      stm32f4xx_hal.o
    0x08001aaa   0x08001aaa   0x00000002   PAD
    0x08001aac   0x08001aac   0x00000050   Code   RO          671    .text.HAL_InitTick  stm32f4xx_hal.o
    0x08001afc   0x08001afc   0x00000038   Code   RO          286    .text.HAL_MspInit   stm32f4xx_hal_msp.o
    0x08001b34   0x08001b34   0x00000020   Code   RO          621    .text.HAL_NVIC_EnableIRQ  stm32f4xx_hal_cortex.o
    0x08001b54   0x08001b54   0x00000056   Code   RO          619    .text.HAL_NVIC_SetPriority  stm32f4xx_hal_cortex.o
    0x08001baa   0x08001baa   0x00000002   PAD
    0x08001bac   0x08001bac   0x00000020   Code   RO          617    .text.HAL_NVIC_SetPriorityGrouping  stm32f4xx_hal_cortex.o
    0x08001bcc   0x08001bcc   0x00000160   Code   RO          378    .text.HAL_RCC_ClockConfig  stm32f4xx_hal_rcc.o
    0x08001d2c   0x08001d2c   0x00000026   Code   RO          390    .text.HAL_RCC_GetPCLK1Freq  stm32f4xx_hal_rcc.o
    0x08001d52   0x08001d52   0x00000002   PAD
    0x08001d54   0x08001d54   0x00000026   Code   RO          392    .text.HAL_RCC_GetPCLK2Freq  stm32f4xx_hal_rcc.o
    0x08001d7a   0x08001d7a   0x00000002   PAD
    0x08001d7c   0x08001d7c   0x00000068   Code   RO          380    .text.HAL_RCC_GetSysClockFreq  stm32f4xx_hal_rcc.o
    0x08001de4   0x08001de4   0x00000354   Code   RO          376    .text.HAL_RCC_OscConfig  stm32f4xx_hal_rcc.o
    0x08002138   0x08002138   0x000000b4   Code   RO          760    .text.HAL_SPI_Init  stm32f4xx_hal_spi.o
    0x080021ec   0x080021ec   0x00000072   Code   RO          141    .text.HAL_SPI_MspInit  spi.o
    0x0800225e   0x0800225e   0x00000002   PAD
    0x08002260   0x08002260   0x00000162   Code   RO          770    .text.HAL_SPI_Receive  stm32f4xx_hal_spi.o
    0x080023c2   0x080023c2   0x00000002   PAD
    0x080023c4   0x080023c4   0x000001ea   Code   RO          768    .text.HAL_SPI_Transmit  stm32f4xx_hal_spi.o
    0x080025ae   0x080025ae   0x00000002   PAD
    0x080025b0   0x080025b0   0x00000256   Code   RO          772    .text.HAL_SPI_TransmitReceive  stm32f4xx_hal_spi.o
    0x08002806   0x08002806   0x00000002   PAD
    0x08002808   0x08002808   0x0000002c   Code   RO          629    .text.HAL_SYSTICK_Config  stm32f4xx_hal_cortex.o
    0x08002834   0x08002834   0x00000002   Code   RO         1181    .text.HAL_TIMEx_BreakCallback  stm32f4xx_hal_tim_ex.o
    0x08002836   0x08002836   0x00000002   PAD
    0x08002838   0x08002838   0x00000002   Code   RO         1177    .text.HAL_TIMEx_CommutCallback  stm32f4xx_hal_tim_ex.o
    0x0800283a   0x0800283a   0x00000002   PAD
    0x0800283c   0x0800283c   0x000000bc   Code   RO         1171    .text.HAL_TIMEx_MasterConfigSynchronization  stm32f4xx_hal_tim_ex.o
    0x080028f8   0x080028f8   0x0000005a   Code   RO          876    .text.HAL_TIM_Base_Init  stm32f4xx_hal_tim.o
    0x08002952   0x08002952   0x00000002   PAD
    0x08002954   0x08002954   0x00000112   Code   RO          164    .text.HAL_TIM_Base_MspInit  tim.o
    0x08002a66   0x08002a66   0x00000002   PAD
    0x08002a68   0x08002a68   0x000000a8   Code   RO          890    .text.HAL_TIM_Base_Start_IT  stm32f4xx_hal_tim.o
    0x08002b10   0x08002b10   0x000001a2   Code   RO         1056    .text.HAL_TIM_ConfigClockSource  stm32f4xx_hal_tim.o
    0x08002cb2   0x08002cb2   0x00000002   PAD
    0x08002cb4   0x08002cb4   0x00000002   Code   RO         1012    .text.HAL_TIM_IC_CaptureCallback  stm32f4xx_hal_tim.o
    0x08002cb6   0x08002cb6   0x00000002   PAD
    0x08002cb8   0x08002cb8   0x0000014a   Code   RO         1010    .text.HAL_TIM_IRQHandler  stm32f4xx_hal_tim.o
    0x08002e02   0x08002e02   0x00000002   PAD
    0x08002e04   0x08002e04   0x00000002   Code   RO         1014    .text.HAL_TIM_OC_DelayElapsedCallback  stm32f4xx_hal_tim.o
    0x08002e06   0x08002e06   0x00000002   PAD
    0x08002e08   0x08002e08   0x00000002   Code   RO         1016    .text.HAL_TIM_PWM_PulseFinishedCallback  stm32f4xx_hal_tim.o
    0x08002e0a   0x08002e0a   0x00000002   PAD
    0x08002e0c   0x08002e0c   0x000000f8   Code   RO           25    .text.HAL_TIM_PeriodElapsedCallback  main.o
    0x08002f04   0x08002f04   0x00000002   Code   RO         1020    .text.HAL_TIM_TriggerCallback  stm32f4xx_hal_tim.o
    0x08002f06   0x08002f06   0x00000002   PAD
    0x08002f08   0x08002f08   0x00000002   Code   RO         1281    .text.HAL_UARTEx_RxEventCallback  stm32f4xx_hal_uart.o
    0x08002f0a   0x08002f0a   0x00000002   PAD
    0x08002f0c   0x08002f0c   0x00000002   Code   RO         1259    .text.HAL_UART_AbortCpltCallback  stm32f4xx_hal_uart.o
    0x08002f0e   0x08002f0e   0x00000002   PAD
    0x08002f10   0x08002f10   0x000000f8   Code   RO         1253    .text.HAL_UART_Abort_IT  stm32f4xx_hal_uart.o
    0x08003008   0x08003008   0x000000d6   Code   RO         1237    .text.HAL_UART_DMAStop  stm32f4xx_hal_uart.o
    0x080030de   0x080030de   0x00000002   PAD
    0x080030e0   0x080030e0   0x00000002   Code   RO         1279    .text.HAL_UART_ErrorCallback  stm32f4xx_hal_uart.o
    0x080030e2   0x080030e2   0x00000002   PAD
    0x080030e4   0x080030e4   0x0000031e   Code   RO         1273    .text.HAL_UART_IRQHandler  stm32f4xx_hal_uart.o
    0x08003402   0x08003402   0x00000002   PAD
    0x08003404   0x08003404   0x00000060   Code   RO         1195    .text.HAL_UART_Init  stm32f4xx_hal_uart.o
    0x08003464   0x08003464   0x00000346   Code   RO          189    .text.HAL_UART_MspInit  usart.o
    0x080037aa   0x080037aa   0x00000002   PAD
    0x080037ac   0x080037ac   0x00000024   Code   RO         1229    .text.HAL_UART_Receive_DMA  stm32f4xx_hal_uart.o
    0x080037d0   0x080037d0   0x00000002   Code   RO         1287    .text.HAL_UART_RxCpltCallback  stm32f4xx_hal_uart.o
    0x080037d2   0x080037d2   0x00000002   PAD
    0x080037d4   0x080037d4   0x00000002   Code   RO         1289    .text.HAL_UART_RxHalfCpltCallback  stm32f4xx_hal_uart.o
    0x080037d6   0x080037d6   0x00000002   PAD
    0x080037d8   0x080037d8   0x000000ee   Code   RO         1211    .text.HAL_UART_Transmit  stm32f4xx_hal_uart.o
    0x080038c6   0x080038c6   0x00000002   PAD
    0x080038c8   0x080038c8   0x0000008c   Code   RO         1221    .text.HAL_UART_Transmit_DMA  stm32f4xx_hal_uart.o
    0x08003954   0x08003954   0x00000002   Code   RO         1283    .text.HAL_UART_TxCpltCallback  stm32f4xx_hal_uart.o
    0x08003956   0x08003956   0x00000002   PAD
    0x08003958   0x08003958   0x00000002   Code   RO         1285    .text.HAL_UART_TxHalfCpltCallback  stm32f4xx_hal_uart.o
    0x0800395a   0x0800395a   0x00000002   PAD
    0x0800395c   0x0800395c   0x00000000   Code   RO          213    .text.HardFault_Handler  stm32f4xx_it.o
    0x0800395c   0x0800395c   0x00000044   Code   RO          111    .text.MX_CAN1_Init  can.o
    0x080039a0   0x080039a0   0x00000040   Code   RO          113    .text.MX_CAN2_Init  can.o
    0x080039e0   0x080039e0   0x0000009c   Code   RO          130    .text.MX_DMA_Init   dma.o
    0x08003a7c   0x08003a7c   0x000000de   Code   RO          102    .text.MX_GPIO_Init  gpio.o
    0x08003b5a   0x08003b5a   0x00000002   PAD
    0x08003b5c   0x08003b5c   0x0000004c   Code   RO          139    .text.MX_SPI1_Init  spi.o
    0x08003ba8   0x08003ba8   0x0000007c   Code   RO          154    .text.MX_TIM1_Init  tim.o
    0x08003c24   0x08003c24   0x0000007c   Code   RO          156    .text.MX_TIM5_Init  tim.o
    0x08003ca0   0x08003ca0   0x00000054   Code   RO          158    .text.MX_TIM6_Init  tim.o
    0x08003cf4   0x08003cf4   0x00000052   Code   RO          160    .text.MX_TIM7_Init  tim.o
    0x08003d46   0x08003d46   0x00000002   PAD
    0x08003d48   0x08003d48   0x0000007e   Code   RO          162    .text.MX_TIM8_Init  tim.o
    0x08003dc6   0x08003dc6   0x00000002   PAD
    0x08003dc8   0x08003dc8   0x0000003c   Code   RO          181    .text.MX_USART1_UART_Init  usart.o
    0x08003e04   0x08003e04   0x0000003c   Code   RO          183    .text.MX_USART2_UART_Init  usart.o
    0x08003e40   0x08003e40   0x0000003c   Code   RO          185    .text.MX_USART3_UART_Init  usart.o
    0x08003e7c   0x08003e7c   0x00000048   Code   RO          187    .text.MX_USART6_UART_Init  usart.o
    0x08003ec4   0x08003ec4   0x00000000   Code   RO          215    .text.MemManage_Handler  stm32f4xx_it.o
    0x08003ec4   0x08003ec4   0x00000022   Code   RO         1338    .text.Mini_PC_Init  communication.o
    0x08003ee6   0x08003ee6   0x00000002   PAD
    0x08003ee8   0x08003ee8   0x000000f6   Code   RO         1340    .text.Mini_PC_SendData  communication.o
    0x08003fde   0x08003fde   0x00000002   PAD
    0x08003fe0   0x08003fe0   0x00000000   Code   RO          211    .text.NMI_Handler   stm32f4xx_it.o
    0x08003fe0   0x08003fe0   0x00000002   Code   RO          225    .text.PendSV_Handler  stm32f4xx_it.o
    0x08003fe2   0x08003fe2   0x00000002   PAD
    0x08003fe4   0x08003fe4   0x0000005e   Code   RO          774    .text.SPI_EndRxTransaction  stm32f4xx_hal_spi.o
    0x08004042   0x08004042   0x00000002   PAD
    0x08004044   0x08004044   0x000000e0   Code   RO          866    .text.SPI_WaitFlagStateUntilTimeout  stm32f4xx_hal_spi.o
    0x08004124   0x08004124   0x00000002   Code   RO          221    .text.SVC_Handler   stm32f4xx_it.o
    0x08004126   0x08004126   0x00000002   PAD
    0x08004128   0x08004128   0x00000004   Code   RO          227    .text.SysTick_Handler  stm32f4xx_it.o
    0x0800412c   0x0800412c   0x00000012   Code   RO         1317    .text.SystemInit    system_stm32f4xx.o
    0x0800413e   0x0800413e   0x00000002   PAD
    0x08004140   0x08004140   0x0000000c   Code   RO          239    .text.TIM1_UP_TIM10_IRQHandler  stm32f4xx_it.o
    0x0800414c   0x0800414c   0x0000000c   Code   RO          251    .text.TIM5_IRQHandler  stm32f4xx_it.o
    0x08004158   0x08004158   0x0000000c   Code   RO          253    .text.TIM6_DAC_IRQHandler  stm32f4xx_it.o
    0x08004164   0x08004164   0x0000000c   Code   RO          255    .text.TIM7_IRQHandler  stm32f4xx_it.o
    0x08004170   0x08004170   0x0000000c   Code   RO          247    .text.TIM8_BRK_TIM12_IRQHandler  stm32f4xx_it.o
    0x0800417c   0x0800417c   0x0000000c   Code   RO          249    .text.TIM8_UP_TIM13_IRQHandler  stm32f4xx_it.o
    0x08004188   0x08004188   0x0000012c   Code   RO          880    .text.TIM_Base_SetConfig  stm32f4xx_hal_tim.o
    0x080042b4   0x080042b4   0x0000000a   Code   RO         1277    .text.UART_DMAAbortOnError  stm32f4xx_hal_uart.o
    0x080042be   0x080042be   0x00000002   PAD
    0x080042c0   0x080042c0   0x000000a2   Code   RO         1227    .text.UART_DMAError  stm32f4xx_hal_uart.o
    0x08004362   0x08004362   0x00000002   PAD
    0x08004364   0x08004364   0x00000080   Code   RO         1305    .text.UART_DMAReceiveCplt  stm32f4xx_hal_uart.o
    0x080043e4   0x080043e4   0x0000002a   Code   RO         1257    .text.UART_DMARxAbortCallback  stm32f4xx_hal_uart.o
    0x0800440e   0x0800440e   0x00000002   PAD
    0x08004410   0x08004410   0x00000018   Code   RO         1307    .text.UART_DMARxHalfCplt  stm32f4xx_hal_uart.o
    0x08004428   0x08004428   0x0000003e   Code   RO         1223    .text.UART_DMATransmitCplt  stm32f4xx_hal_uart.o
    0x08004466   0x08004466   0x00000002   PAD
    0x08004468   0x08004468   0x0000002a   Code   RO         1255    .text.UART_DMATxAbortCallback  stm32f4xx_hal_uart.o
    0x08004492   0x08004492   0x00000002   PAD
    0x08004494   0x08004494   0x00000006   Code   RO         1225    .text.UART_DMATxHalfCplt  stm32f4xx_hal_uart.o
    0x0800449a   0x0800449a   0x00000002   PAD
    0x0800449c   0x0800449c   0x000000be   Code   RO         1275    .text.UART_Receive_IT  stm32f4xx_hal_uart.o
    0x0800455a   0x0800455a   0x00000002   PAD
    0x0800455c   0x0800455c   0x000000e8   Code   RO         1199    .text.UART_SetConfig  stm32f4xx_hal_uart.o
    0x08004644   0x08004644   0x000000aa   Code   RO         1231    .text.UART_Start_Receive_DMA  stm32f4xx_hal_uart.o
    0x080046ee   0x080046ee   0x00000002   PAD
    0x080046f0   0x080046f0   0x00000120   Code   RO          241    .text.USART1_IRQHandler  stm32f4xx_it.o
    0x08004810   0x08004810   0x00000180   Code   RO          243    .text.USART2_IRQHandler  stm32f4xx_it.o
    0x08004990   0x08004990   0x0000000c   Code   RO          245    .text.USART3_IRQHandler  stm32f4xx_it.o
    0x0800499c   0x0800499c   0x0000001e   Code   RO          263    .text.USART6_IRQHandler  stm32f4xx_it.o
    0x080049ba   0x080049ba   0x00000002   PAD
    0x080049bc   0x080049bc   0x00000000   Code   RO          219    .text.UsageFault_Handler  stm32f4xx_it.o
    0x080049bc   0x080049bc   0x00000100   Code   RO         1671    .text._GLOBAL__sub_I_Pitch.cpp  pitch.o
    0x08004abc   0x08004abc   0x0000019e   Code   RO         1699    .text._GLOBAL__sub_I_Shoot.cpp  shoot.o
    0x08004c5a   0x08004c5a   0x00000002   PAD
    0x08004c5c   0x08004c5c   0x000000ba   Code   RO         1727    .text._GLOBAL__sub_I_Yaw.cpp  yaw.o
    0x08004d16   0x08004d16   0x00000002   PAD
    0x08004d18   0x08004d18   0x00000158   Code   RO           15    .text._Z12jianshu_dealv  main.o
    0x08004e70   0x08004e70   0x000000a0   Code   RO           21    .text._Z18SystemClock_Configv  main.o
    0x08004f10   0x08004f10   0x0000012e   Code   RO           13    .text._Z21can2_communicate_dealv  main.o
    0x0800503e   0x0800503e   0x00000002   PAD
    0x08005040   0x08005040   0x00000104   Code   RO           11    .text._Z9MODE_DEALv  main.o
    0x08005144   0x08005144   0x00000024   Code   RO           17    .text._ZL18__NVIC_SystemResetv  main.o
    0x08005168   0x08005168   0x00000034   Code   RO         1500    .text._ZN10Vision_LPF22Vision_Low_Pass_FilterEf  rm_lib.o
    0x0800519c   0x0800519c   0x00000064   Code   RO         1498    .text._ZN10Vision_LPF27Vision_Low_Pass_Filter_InitEv  rm_lib.o
    0x08005200   0x08005200   0x00000140   Code   RO         1695    .text._ZN2BP11BP_time_outEv  shoot.o
    0x08005340   0x08005340   0x0000004c   Code   RO         1691    .text._ZN2BP14BP_while_layerEv  shoot.o
    0x0800538c   0x0800538c   0x00000004   PAD
    0x08005390   0x08005390   0x000004a4   Code   RO         1697    .text._ZN2BP7BP_dealEhh  shoot.o
    0x08005834   0x08005834   0x00000048   Code   RO         1402    .text._ZN2RC13DT16_set_zeroEv  rm_lib.o
    0x0800587c   0x0800587c   0x0000000c   Code   RO         1428    .text._ZN2RC13Pressed_CheckEt  rm_lib.o
    0x08005888   0x08005888   0x0000010e   Code   RO         1424    .text._ZN2RC14VT13_data_dealEv  rm_lib.o
    0x08005996   0x08005996   0x00000002   PAD
    0x08005998   0x08005998   0x00000072   Code   RO         1400    .text._ZN2RC17DT16_watchdog_runEv  rm_lib.o
    0x08005a0a   0x08005a0a   0x00000002   PAD
    0x08005a0c   0x08005a0c   0x000000d4   Code   RO         1406    .text._ZN2RC17VT13_watchdog_runEv  rm_lib.o
    0x08005ae0   0x08005ae0   0x0000014e   Code   RO         1412    .text._ZN2RC22DT16_RxCplt_IRQHandlerEv  rm_lib.o
    0x08005c2e   0x08005c2e   0x00000002   PAD
    0x08005c30   0x08005c30   0x000000ba   Code   RO         1420    .text._ZN2RC22VT13_RxCplt_IRQHandlerEv  rm_lib.o
    0x08005cea   0x08005cea   0x00000002   PAD
    0x08005cec   0x08005cec   0x000000c4   Code   RO         1404    .text._ZN2RC9DT16_InitEv  rm_lib.o
    0x08005db0   0x08005db0   0x000000b4   Code   RO         1408    .text._ZN2RC9VT13_InitEv  rm_lib.o
    0x08005e64   0x08005e64   0x00000094   Code   RO         1418    .text._ZN2RC9fill_dataEv  rm_lib.o
    0x08005ef8   0x08005ef8   0x0000008e   Code   RO         1687    .text._ZN3MCL15MCL_while_layerEh  shoot.o
    0x08005f86   0x08005f86   0x00000002   PAD
    0x08005f88   0x08005f88   0x000000dc   Code   RO         1689    .text._ZN3MCL8MCL_dealEv  shoot.o
    0x08006064   0x08006064   0x000000c8   Code   RO         1628    .text._ZN3SMC14SMC_AngleSpeedEfffff  smc.o
    0x0800612c   0x0800612c   0x000000e8   Code   RO         1626    .text._ZN3SMC8SMC_TickEff  smc.o
    0x08006214   0x08006214   0x00000026   Code   RO         1723    .text._ZN3YAW10set_SMCrefEf  yaw.o
    0x0800623a   0x0800623a   0x00000002   PAD
    0x0800623c   0x0800623c   0x00000010   Code   RO         1725    .text._ZN3YAW13set_Yaw_AngleEf  yaw.o
    0x0800624c   0x0800624c   0x00000004   PAD
    0x08006250   0x08006250   0x000001e4   Code   RO         1721    .text._ZN3YAW17Yaw_Out_InterfaceEh  yaw.o
    0x08006434   0x08006434   0x00000010   Code   RO         1669    .text._ZN5PITCH16set_Pitch_TargetEf  pitch.o
    0x08006444   0x08006444   0x00000004   PAD
    0x08006448   0x08006448   0x00000190   Code   RO         1667    .text._ZN5PITCH19Pitch_Out_InterfaceEh  pitch.o
    0x080065d8   0x080065d8   0x00000238   Code   RO         1484    .text._ZN6BMI08811BMI088_AHRSEffffff  rm_lib.o
    0x08006810   0x08006810   0x00000180   Code   RO         1490    .text._ZN6BMI08813Analyse_speedEv  rm_lib.o
    0x08006990   0x08006990   0x000000ec   Code   RO         1480    .text._ZN6BMI08817BMI088_New_updateEv  rm_lib.o
    0x08006a7c   0x08006a7c   0x00000124   Code   RO         1486    .text._ZN6BMI08817QuatToEulerAnglesEv  rm_lib.o
    0x08006ba0   0x08006ba0   0x000000ec   Code   RO         1488    .text._ZN6BMI08818BMI_CrossRound_errEv  rm_lib.o
    0x08006c8c   0x08006c8c   0x000004a0   Code   RO         1474    .text._ZN6BMI0884InitEv  rm_lib.o
    0x0800712c   0x0800712c   0x0000002e   Code   RO         1492    .text._ZN6BMI0887analyseEv  rm_lib.o
    0x0800715a   0x0800715a   0x00000002   PAD
    0x0800715c   0x0800715c   0x00000340   Code   RO         1482    .text._ZN6BMI0889getValuesEv  rm_lib.o
    0x0800749c   0x0800749c   0x000001a4   Code   RO         1566    .text._ZN8MOTOR_DM6DM_MITEtfffff  dm.o
    0x08007640   0x08007640   0x0000002e   Code   RO         1556    .text._ZN8MOTOR_DM8DM_StartEt  dm.o
    0x0800766e   0x0800766e   0x00000002   PAD
    0x08007670   0x08007670   0x000000f4   Code   RO         1574    .text._ZN8MOTOR_DM9DM_updateEv  dm.o
    0x08007764   0x08007764   0x00000080   Code   RO         1584    .text._ZN8MOTOR_RM6updateEv  rm.o
    0x080077e4   0x080077e4   0x00000072   Code   RO         1366    .text._ZN8USER_CAN4InitEtt  rm_lib.o
    0x08007856   0x08007856   0x00000002   PAD
    0x08007858   0x08007858   0x0000002e   Code   RO         1368    .text._ZN8USER_CAN4SendEtPh  rm_lib.o
    0x08007886   0x08007886   0x00000002   PAD
    0x08007888   0x08007888   0x00000016   Code   RO         1374    .text._ZN8USER_CAN7ReceiveEP17CAN_HandleTypeDef  rm_lib.o
    0x0800789e   0x0800789e   0x00000002   PAD
    0x080078a0   0x080078a0   0x00000056   Code   RO         1370    .text._ZN8USER_CAN7Send_RMEtssss  rm_lib.o
    0x080078f6   0x080078f6   0x00000002   PAD
    0x080078f8   0x080078f8   0x00000150   Code   RO         1650    .text._ZN9PID_class13PID_update_LPEfff  pid.o
    0x08007a48   0x08007a48   0x000000c0   Code   RO         1644    .text._ZN9PID_class14PID_new_updateEff  pid.o
    0x08007b08   0x08007b08   0x0000000c   Code   RO         2134    .text._ZSt15get_new_handlerv  libcppabi_w.l(cxa_handlers.cpp.o)
    0x08007b14   0x08007b14   0x00000026   Code   RO         1743    .text._Znwj         libcpp_w.l(new.cpp.o)
    0x08007b3a   0x08007b3a   0x00000002   PAD
    0x08007b3c   0x08007b3c   0x000001cc   Code   RO           19    .text.main          main.o
    0x08007d08   0x08007d08   0x00000028   Code   RO         2070    i.__0sprintf        mc_w.l(printfa.o)
    0x08007d30   0x08007d30   0x00000026   Code   RO         2164    i.__ARM_fpclassifyf  m_wm.l(fpclassifyf.o)
    0x08007d56   0x08007d56   0x00000002   PAD
    0x08007d58   0x08007d58   0x000000a0   Code   RO         2232    i.__aligned_malloc  mc_w.l(malloca.o)
    0x08007df8   0x08007df8   0x0000012c   Code   RO         1784    i.__hardfp_asinf    m_wm.l(asinf.o)
    0x08007f24   0x08007f24   0x000002ac   Code   RO         1796    i.__hardfp_atan2f   m_wm.l(atan2f.o)
    0x080081d0   0x080081d0   0x00000006   Code   RO         2234    i.__malloc$memalign  mc_w.l(malloca.o)
    0x080081d6   0x080081d6   0x00000006   Code   RO         2167    i.__mathlib_flt_infnan  m_wm.l(funder.o)
    0x080081dc   0x080081dc   0x00000006   Code   RO         2168    i.__mathlib_flt_infnan2  m_wm.l(funder.o)
    0x080081e2   0x080081e2   0x00000002   PAD
    0x080081e4   0x080081e4   0x00000010   Code   RO         2169    i.__mathlib_flt_invalid  m_wm.l(funder.o)
    0x080081f4   0x080081f4   0x00000010   Code   RO         2172    i.__mathlib_flt_underflow  m_wm.l(funder.o)
    0x08008204   0x08008204   0x0000000e   Code   RO         2303    i.__scatterload_copy  mc_w.l(handlers.o)
    0x08008212   0x08008212   0x00000002   Code   RO         2304    i.__scatterload_null  mc_w.l(handlers.o)
    0x08008214   0x08008214   0x0000000e   Code   RO         2305    i.__scatterload_zeroinit  mc_w.l(handlers.o)
    0x08008222   0x08008222   0x00000002   PAD
    0x08008224   0x08008224   0x0000000c   Code   RO         2252    i.__set_errno       mc_w.l(errno.o)
    0x08008230   0x08008230   0x00000184   Code   RO         2075    i._fp_digits        mc_w.l(printfa.o)
    0x080083b4   0x080083b4   0x000006dc   Code   RO         2076    i._printf_core      mc_w.l(printfa.o)
    0x08008a90   0x08008a90   0x00000024   Code   RO         2077    i._printf_post_padding  mc_w.l(printfa.o)
    0x08008ab4   0x08008ab4   0x0000002e   Code   RO         2078    i._printf_pre_padding  mc_w.l(printfa.o)
    0x08008ae2   0x08008ae2   0x0000000a   Code   RO         2080    i._sputc            mc_w.l(printfa.o)
    0x08008aec   0x08008aec   0x0000003e   Code   RO         1816    i.sqrtf             m_wm.l(sqrtf.o)
    0x08008b2a   0x08008b2a   0x00000010   Data   RO         1322    .rodata.AHBPrescTable  system_stm32f4xx.o
    0x08008b3a   0x08008b3a   0x00000008   Data   RO         1323    .rodata.APBPrescTable  system_stm32f4xx.o
    0x08008b42   0x08008b42   0x00000200   Data   RO         1356    .rodata._ZL11CRC16_TABLE  communication.o
    0x08008d42   0x08008d42   0x00000008   Data   RO          546    .rodata.cst8        stm32f4xx_hal_dma.o
    0x08008d4a   0x08008d4a   0x00000002   PAD
    0x08008d4c   0x08008d4c   0x00000012   Data   RO         1534    .rodata.str1.4      rm_lib.o
    0x08008d5e   0x08008d5e   0x00000002   PAD
    0x08008d60   0x08008d60   0x00000020   Data   RO         2302    Region$$Table       anon$$obj.o
    0x08008d80   0x08008d80   0x00000004   Data   RO         1678    .init_array         pitch.o
    0x08008d84   0x08008d80   0x00000004   Data   RO         1712    .init_array         shoot.o
    0x08008d88   0x08008d80   0x00000004   Data   RO         1734    .init_array         yaw.o
    0x08008d8c   0x08008d80   0x00000000   Data   RO         2097    .init_array         mc_w.l(cpp_init.o)


    Execution Region RW_IRAM1 (Exec base: 0x20000000, Load base: 0x08008d90, Size: 0x00003bb0, Max: 0x0001c000, ABSOLUTE, COMPRESSED[0x000000b0])

    Exec Addr    Load Addr    Size         Type   Attr      Idx    E Section Name        Object

    0x20000000   COMPRESSED   0x00000004   Data   RW         2253    .data               mc_w.l(errno.o)
    0x20000004   COMPRESSED   0x00000004   Data   RW         2296    .data               mc_w.l(mvars.o)
    0x20000008   COMPRESSED   0x00000004   Data   RW         2297    .data               mc_w.l(mvars.o)
    0x2000000c   COMPRESSED   0x00000054   Data   RW           31    .data.CAN_1         main.o
    0x20000060   COMPRESSED   0x00000054   Data   RW           32    .data.CAN_2         main.o
    0x200000b4   COMPRESSED   0x00000070   Data   RW           37    .data.DM_PITCH      main.o
    0x20000124   COMPRESSED   0x00000270   Data   RW           38    .data.GIMBAL_088    main.o
    0x20000394   COMPRESSED   0x00000001   Data   RW           49    .data.GIMBAL_088_State  main.o
    0x20000395   COMPRESSED   0x00000003   PAD
    0x20000398   COMPRESSED   0x0000001c   Data   RW           43    .data.LPF_Deal_pitch  main.o
    0x200003b4   COMPRESSED   0x00000020   Data   RW           36    .data.M2006_BP      main.o
    0x200003d4   COMPRESSED   0x00000020   Data   RW           35    .data.M3508_MCL_Left  main.o
    0x200003f4   COMPRESSED   0x00000020   Data   RW           34    .data.M3508_MCL_Right  main.o
    0x20000414   COMPRESSED   0x00000020   Data   RW           33    .data.M6020_YAW     main.o
    0x20000434   COMPRESSED   0x0000001c   Data   RW           44    .data.Pitch_MCU     main.o
    0x20000450   COMPRESSED   0x0000001c   Data   RW           42    .data.Pitch_PID_OUT  main.o
    0x2000046c   COMPRESSED   0x00000004   Data   RW         1321    .data.SystemCoreClock  system_stm32f4xx.o
    0x20000470   COMPRESSED   0x0000001c   Data   RW           39    .data.V_Pitch       main.o
    0x2000048c   COMPRESSED   0x0000001c   Data   RW           40    .data.V_Yaw         main.o
    0x200004a8   COMPRESSED   0x000001b8   Data   RW           47    .data.YK            main.o
    0x20000660   COMPRESSED   0x0000001c   Data   RW           41    .data.Yaw_PID_OUT   main.o
    0x2000067c   COMPRESSED   0x00000004   Data   RW         1542    .data.param_Kp      rm_lib.o
    0x20000680   COMPRESSED   0x00000001   Data   RW          724    .data.uwTickFreq    stm32f4xx_hal.o
    0x20000681   COMPRESSED   0x00000003   PAD
    0x20000684   COMPRESSED   0x00000004   Data   RW          723    .data.uwTickPrio    stm32f4xx_hal.o
    0x20000688        -       0x00000018   Zero   RW         1353    .bss.AS             communication.o
    0x200006a0        -       0x00000004   Zero   RW           54    .bss.BP_PID_OUT     main.o
    0x200006a4        -       0x00000001   Zero   RW           64    .bss.Buff_Flag      main.o
    0x200006a5   COMPRESSED   0x00000001   PAD
    0x200006a6        -       0x00000002   Zero   RW           63    .bss.Communicate_Rx_Flag_1  main.o
    0x200006a8        -       0x00000002   Zero   RW           62    .bss.Communicate_Send_Flag_1  main.o
    0x200006aa        -       0x00000001   Zero   RW           66    .bss.DR16_Stop_Flag  main.o
    0x200006ab   COMPRESSED   0x00000001   PAD
    0x200006ac        -       0x00000004   Zero   RW          121    .bss.HAL_RCC_CAN1_CLK_ENABLED  can.o
    0x200006b0        -       0x00000004   Zero   RW         1538    .bss.I_ex           rm_lib.o
    0x200006b4        -       0x00000004   Zero   RW         1539    .bss.I_ey           rm_lib.o
    0x200006b8        -       0x00000004   Zero   RW         1540    .bss.I_ez           rm_lib.o
    0x200006bc        -       0x00000004   Zero   RW         1532    .bss.LPF_factor.3   rm_lib.o
    0x200006c0        -       0x00000070   Zero   RW         1704    .bss.M2006_BP_Angle  shoot.o
    0x20000730        -       0x00000070   Zero   RW         1706    .bss.M2006_BP_Con_Angle  shoot.o
    0x200007a0        -       0x00000070   Zero   RW         1705    .bss.M2006_BP_Con_Speed  shoot.o
    0x20000810        -       0x00000070   Zero   RW         1703    .bss.M2006_BP_Speed  shoot.o
    0x20000880        -       0x00000070   Zero   RW         1701    .bss.M3508_MCL_Left_Speed  shoot.o
    0x200008f0        -       0x00000070   Zero   RW         1702    .bss.M3508_MCL_Right_Speed  shoot.o
    0x20000960        -       0x00000070   Zero   RW         1674    .bss.M6020_Pitch_Angle  pitch.o
    0x200009d0        -       0x00000070   Zero   RW         1673    .bss.M6020_Pitch_Speed  pitch.o
    0x20000a40        -       0x00000004   Zero   RW           70    .bss.MCL_PID_OUT    main.o
    0x20000a44        -       0x00000080   Zero   RW         1350    .bss.Mini_PC_rx_buf  communication.o
    0x20000ac4        -       0x00000080   Zero   RW         1349    .bss.Mini_PC_tx_buf  communication.o
    0x20000b44        -       0x00000070   Zero   RW         1676    .bss.PID_Pitch_mang_zm  pitch.o
    0x20000bb4        -       0x00000070   Zero   RW         1675    .bss.PID_Pitch_sp_zm  pitch.o
    0x20000c24        -       0x00000001   Zero   RW           51    .bss.PITCH_Mode     main.o
    0x20000c25   COMPRESSED   0x00000003   PAD
    0x20000c28        -       0x00000004   Zero   RW           52    .bss.Pitch_Pid_Out  main.o
    0x20000c2c        -       0x00000001   Zero   RW           71    .bss.Right_Flag     main.o
    0x20000c2d   COMPRESSED   0x00000003   PAD
    0x20000c30        -       0x00000020   Zero   RW         1354    .bss.SuperPower     communication.o
    0x20000c50        -       0x00000001   Zero   RW         1709    .bss.UD_BP_DF       shoot.o
    0x20000c51        -       0x00000001   Zero   RW         1707    .bss.UD_BP_ON       shoot.o
    0x20000c52        -       0x00000001   Zero   RW         1708    .bss.UD_PR_BP       shoot.o
    0x20000c53        -       0x00000001   Zero   RW         1729    .bss.UD_Yaw_Back    yaw.o
    0x20000c54        -       0x00000001   Zero   RW           50    .bss.YAW_Mode       main.o
    0x20000c55   COMPRESSED   0x00000001   PAD
    0x20000c56        -       0x00000002   Zero   RW           88    .bss.YK_MODE_SW_C_N  main.o
    0x20000c58        -       0x00000002   Zero   RW           89    .bss.YK_MODE_SW_C_S  main.o
    0x20000c5a        -       0x00000002   Zero   RW           90    .bss.YK_MODE_SW_N_C  main.o
    0x20000c5c        -       0x00000002   Zero   RW           91    .bss.YK_MODE_SW_S_C  main.o
    0x20000c5e        -       0x00000001   Zero   RW           48    .bss.YK_Mode        main.o
    0x20000c5f   COMPRESSED   0x00000001   PAD
    0x20000c60        -       0x0000004c   Zero   RW         1730    .bss.Yaw            yaw.o
    0x20000cac        -       0x0000004c   Zero   RW         1732    .bss.Yaw_Back       yaw.o
    0x20000cf8        -       0x00000004   Zero   RW           53    .bss.Yaw_Pid_Out    main.o
    0x20000cfc        -       0x0000004c   Zero   RW         1731    .bss.Yaw_Zm         yaw.o
    0x20000d48        -       0x00000004   Zero   RW          277    .bss.Zm_Yaw_Acc     stm32f4xx_it.o
    0x20000d4c        -       0x00000004   Zero   RW          276    .bss.Zm_Yaw_Vel     stm32f4xx_it.o
    0x20000d50        -       0x00000001   Zero   RW           92    .bss._ZZ21can2_communicate_dealvE4flag  main.o
    0x20000d51        -       0x00000001   Zero   RW         1547    .bss._ZZN10Vision_LPF22Vision_Low_Pass_FilterEfE10fisrt_flag  rm_lib.o
    0x20000d52   COMPRESSED   0x00000002   PAD
    0x20000d54        -       0x00000001   Zero   RW         1658    .bss._ZZN9PID_class15low_pass_filterEffE13fisrt_lp_flag  pid.o
    0x20000d55   COMPRESSED   0x00000003   PAD
    0x20000d58        -       0x00000004   Zero   RW         2287    .bss.__cxa_new_handler  libcppabi_w.l(cxa_default_handlers.cpp.o)
    0x20000d5c        -       0x00000004   Zero   RW         1711    .bss.bp             shoot.o
    0x20000d60        -       0x00000001   Zero   RW         1545    .bss.calibrationState  rm_lib.o
    0x20000d61   COMPRESSED   0x00000007   PAD
    0x20000d68        -       0x00000008   Zero   RW          265    .bss.disable_irq_1  stm32f4xx_it.o
    0x20000d70        -       0x00000008   Zero   RW          266    .bss.disable_irq_2  stm32f4xx_it.o
    0x20000d78        -       0x00000028   Zero   RW          119    .bss.hcan1          can.o
    0x20000da0        -       0x00000028   Zero   RW          120    .bss.hcan2          can.o
    0x20000dc8        -       0x00000060   Zero   RW          197    .bss.hdma_usart1_rx  usart.o
    0x20000e28        -       0x00000060   Zero   RW          198    .bss.hdma_usart2_rx  usart.o
    0x20000e88        -       0x00000060   Zero   RW          199    .bss.hdma_usart2_tx  usart.o
    0x20000ee8        -       0x00000060   Zero   RW          200    .bss.hdma_usart3_rx  usart.o
    0x20000f48        -       0x00000060   Zero   RW          201    .bss.hdma_usart3_tx  usart.o
    0x20000fa8        -       0x00000060   Zero   RW          202    .bss.hdma_usart6_rx  usart.o
    0x20001008        -       0x00000058   Zero   RW          145    .bss.hspi1          spi.o
    0x20001060        -       0x00000048   Zero   RW          168    .bss.htim1          tim.o
    0x200010a8        -       0x00000048   Zero   RW          169    .bss.htim5          tim.o
    0x200010f0        -       0x00000048   Zero   RW          170    .bss.htim6          tim.o
    0x20001138        -       0x00000048   Zero   RW          171    .bss.htim7          tim.o
    0x20001180        -       0x00000048   Zero   RW          172    .bss.htim8          tim.o
    0x200011c8        -       0x00000048   Zero   RW          193    .bss.huart1         usart.o
    0x20001210        -       0x00000048   Zero   RW          194    .bss.huart2         usart.o
    0x20001258        -       0x00000048   Zero   RW          195    .bss.huart3         usart.o
    0x200012a0        -       0x00000048   Zero   RW          196    .bss.huart6         usart.o
    0x200012e8        -       0x00000080   Zero   RW         1533    .bss.info_ubuf      rm_lib.o
    0x20001368        -       0x00000001   Zero   RW           56    .bss.jianshu_flag   main.o
    0x20001369   COMPRESSED   0x00000003   PAD
    0x2000136c        -       0x00000004   Zero   RW         1710    .bss.mcl            shoot.o
    0x20001370        -       0x00000004   Zero   RW         1543    .bss.param_Ki       rm_lib.o
    0x20001374        -       0x00000004   Zero   RW         1677    .bss.pitch          pitch.o
    0x20001378        -       0x00000004   Zero   RW           55    .bss.remain_heat    main.o
    0x2000137c        -       0x00000020   Zero   RW         1351    .bss.request        communication.o
    0x2000139c        -       0x00000002   Zero   RW           58    .bss.shooter_id1_17mm_barrel_cooling_value  main.o
    0x2000139e        -       0x00000002   Zero   RW           61    .bss.shooter_id1_17mm_cooling_heat  main.o
    0x200013a0        -       0x00000002   Zero   RW           59    .bss.shooter_id1_17mm_cooling_limit  main.o
    0x200013a2   COMPRESSED   0x00000002   PAD
    0x200013a4        -       0x00000004   Zero   RW          725    .bss.uwTick         stm32f4xx_hal.o
    0x200013a8        -       0x00000004   Zero   RW         1733    .bss.yaw            yaw.o
    0x200013ac   COMPRESSED   0x00000004   PAD
    0x200013b0        -       0x00000800   Zero   RW            2    HEAP                startup_stm32f405xx.o
    0x20001bb0        -       0x00002000   Zero   RW            1    STACK               startup_stm32f405xx.o


    Execution Region RW_IRAM2 (Exec base: 0x2001c000, Load base: 0x08008e40, Size: 0x00000000, Max: 0x00004000, ABSOLUTE)

    **** No section assigned to this execution region ****


==============================================================================

Image component sizes


      Code (inc. data)   RO Data    RW Data    ZI Data      Debug   Object Name

       416          0          0          0         84       6822   can.o
       724          8        512          0        344      25408   communication.o
       710         16          0          0          0      24655   dm.o
       156          0          0          0          0       3469   dma.o
       222          0          0          0          0       2198   gpio.o
      2194         12          0       1641         46      47269   main.o
       528          0          0          0          1      23475   pid.o
       672         32          4          0        452      30892   pitch.o
       128          0          0          0          0      18376   rm.o
      5922         88         18          4        150      83873   rm_lib.o
      2360        116          4          0        683      27053   shoot.o
       432          8          0          0          0      28964   smc.o
       190          0          0          0         88       5059   spi.o
        36          8        392          0      10240        848   startup_stm32f405xx.o
       212          0          0          5          4       7253   stm32f4xx_hal.o
      1662          6          0          0          0      13513   stm32f4xx_hal_can.o
       194          0          0          0          0      10711   stm32f4xx_hal_cortex.o
      1036          4          8          0          0       9807   stm32f4xx_hal_dma.o
       418          0          0          0          0       5070   stm32f4xx_hal_gpio.o
        56          0          0          0          0       1467   stm32f4xx_hal_msp.o
      1384          0          0          0          0       7325   stm32f4xx_hal_rcc.o
      1940          0          0          0          0      23265   stm32f4xx_hal_spi.o
      1314          0          0          0          0      56472   stm32f4xx_hal_tim.o
       192          0          0          0          0      21531   stm32f4xx_hal_tim_ex.o
      2852          0          0          0          0      26239   stm32f4xx_hal_uart.o
       892         24          0          0         24      23144   stm32f4xx_it.o
        18          0         24          4          0       2595   system_stm32f4xx.o
       814          0          0          0        360       8378   tim.o
      1090          0          0          0        864       8294   usart.o
       724         20          4          0        233      30805   yaw.o

    ----------------------------------------------------------------------
     29672        342       1002       1660      13604     584230   Object Totals
         0          0         32          0          0          0   (incl. Generated)
       184          0          4          6         31          0   (incl. Padding)

    ----------------------------------------------------------------------

      Code (inc. data)   RO Data    RW Data    ZI Data      Debug   Library Member Name

        38          0          0          0          0        364   new.cpp.o
         0          0          0          0          4          0   cxa_default_handlers.cpp.o
        12          0          0          0          0        132   cxa_handlers.cpp.o
       300         42          0          0          0        176   asinf.o
       684         90          0          0          0        208   atan2f.o
        38          0          0          0          0        116   fpclassifyf.o
        44         12          0          0          0        464   funder.o
        62          0          0          0          0        136   sqrtf.o
        86          0          0          0          0          0   __dczerorl2.o
        40          8          0          0          0         80   cpp_init.o
         0          0          0          0          0          0   entry.o
         0          0          0          0          0          0   entry10a.o
         0          0          0          0          0          0   entry11a.o
         8          4          0          0          0          0   entry2.o
         4          0          0          0          0          0   entry5.o
         0          0          0          0          0          0   entry7b.o
         4          0          0          0          0          0   entry8a.o
         0          0          0          0          0          0   entry8b.o
         8          4          0          0          0          0   entry9a.o
        12          6          0          4          0         68   errno.o
        30          0          0          0          0          0   handlers.o
        48         10          0          0          0         68   init.o
         0          0          0          0          0          0   iusefp.o
        30          0          0          0          0         68   llshl.o
        36          0          0          0          0         68   llsshr.o
        32          0          0          0          0         68   llushr.o
       166         18          0          0          0        156   malloca.o
        36          0          0          0          0        108   memseta.o
         0          0          0          8          0          0   mvars.o
      2276         86          0          0          0        520   printfa.o
        44          0          0          0          0         80   uidiv.o
        98          0          0          0          0         92   uldiv.o
        48          0          0          0          0         68   cdrcmple.o
        56          0          0          0          0         88   d2f.o
       334          0          0          0          0        148   dadd.o
        54          0          0          0          0         80   dcmpge.o
        54          0          0          0          0         80   dcmple.o
       222          0          0          0          0        100   ddiv.o
       186          0          0          0          0        176   depilogue.o
        48          0          0          0          0         68   dfixul.o
        34          0          0          0          0         76   dflti.o
       228          0          0          0          0         96   dmul.o
        38          0          0          0          0         68   f2d.o
       110          0          0          0          0        168   fepilogue.o

    ----------------------------------------------------------------------
      5562        280          0         12          4       4188   Library Totals
        14          0          0          0          0          0   (incl. Padding)

    ----------------------------------------------------------------------

      Code (inc. data)   RO Data    RW Data    ZI Data      Debug   Library Name

        38          0          0          0          0        364   libcpp_w.l
        12          0          0          0          4        132   libcppabi_w.l
      1128        144          0          0          0       1100   m_wm.l
      2958        136          0         12          0       1376   mc_w.l
      1412          0          0          0          0       1216   mf_w.l

    ----------------------------------------------------------------------
      5562        280          0         12          4       4188   Library Totals

    ----------------------------------------------------------------------

==============================================================================


      Code (inc. data)   RO Data    RW Data    ZI Data      Debug   

     35234        622       1002       1672      13608     586050   Grand Totals
     35234        622       1002        176      13608     586050   ELF Image Totals (compressed)
     35234        622       1002        176          0          0   ROM Totals

==============================================================================

    Total RO  Size (Code + RO Data)                36236 (  35.39kB)
    Total RW  Size (RW Data + ZI Data)             15280 (  14.92kB)
    Total ROM Size (Code + RO Data + RW Data)      36412 (  35.56kB)

==============================================================================

