Component: Arm Compiler for Embedded 6.21 Tool: armlink [5ec1fa00]

==============================================================================

Section Cross References

    startup_stm32f405xx.o(RESET) refers to startup_stm32f405xx.o(STACK) for __initial_sp
    startup_stm32f405xx.o(RESET) refers to startup_stm32f405xx.o(.text) for Reset_Handler
    startup_stm32f405xx.o(RESET) refers to stm32f4xx_it.o(.text.NMI_Handler) for NMI_Handler
    startup_stm32f405xx.o(RESET) refers to stm32f4xx_it.o(.text.HardFault_Handler) for HardFault_Handler
    startup_stm32f405xx.o(RESET) refers to stm32f4xx_it.o(.text.MemManage_Handler) for MemManage_Handler
    startup_stm32f405xx.o(RESET) refers to stm32f4xx_it.o(.text.BusFault_Handler) for BusFault_Handler
    startup_stm32f405xx.o(RESET) refers to stm32f4xx_it.o(.text.UsageFault_Handler) for UsageFault_Handler
    startup_stm32f405xx.o(RESET) refers to stm32f4xx_it.o(.text.SVC_Handler) for SVC_Handler
    startup_stm32f405xx.o(RESET) refers to stm32f4xx_it.o(.text.DebugMon_Handler) for DebugMon_Handler
    startup_stm32f405xx.o(RESET) refers to stm32f4xx_it.o(.text.PendSV_Handler) for PendSV_Handler
    startup_stm32f405xx.o(RESET) refers to stm32f4xx_it.o(.text.SysTick_Handler) for SysTick_Handler
    startup_stm32f405xx.o(RESET) refers to stm32f4xx_it.o(.text.DMA1_Stream0_IRQHandler) for DMA1_Stream0_IRQHandler
    startup_stm32f405xx.o(RESET) refers to stm32f4xx_it.o(.text.DMA1_Stream1_IRQHandler) for DMA1_Stream1_IRQHandler
    startup_stm32f405xx.o(RESET) refers to stm32f4xx_it.o(.text.DMA1_Stream3_IRQHandler) for DMA1_Stream3_IRQHandler
    startup_stm32f405xx.o(RESET) refers to stm32f4xx_it.o(.text.DMA1_Stream5_IRQHandler) for DMA1_Stream5_IRQHandler
    startup_stm32f405xx.o(RESET) refers to stm32f4xx_it.o(.text.DMA1_Stream6_IRQHandler) for DMA1_Stream6_IRQHandler
    startup_stm32f405xx.o(RESET) refers to stm32f4xx_it.o(.text.CAN1_RX0_IRQHandler) for CAN1_RX0_IRQHandler
    startup_stm32f405xx.o(RESET) refers to stm32f4xx_it.o(.text.TIM1_UP_TIM10_IRQHandler) for TIM1_UP_TIM10_IRQHandler
    startup_stm32f405xx.o(RESET) refers to stm32f4xx_it.o(.text.TIM2_IRQHandler) for TIM2_IRQHandler
    startup_stm32f405xx.o(RESET) refers to stm32f4xx_it.o(.text.USART1_IRQHandler) for USART1_IRQHandler
    startup_stm32f405xx.o(RESET) refers to stm32f4xx_it.o(.text.USART2_IRQHandler) for USART2_IRQHandler
    startup_stm32f405xx.o(RESET) refers to stm32f4xx_it.o(.text.USART3_IRQHandler) for USART3_IRQHandler
    startup_stm32f405xx.o(RESET) refers to stm32f4xx_it.o(.text.TIM8_BRK_TIM12_IRQHandler) for TIM8_BRK_TIM12_IRQHandler
    startup_stm32f405xx.o(RESET) refers to stm32f4xx_it.o(.text.TIM8_UP_TIM13_IRQHandler) for TIM8_UP_TIM13_IRQHandler
    startup_stm32f405xx.o(RESET) refers to stm32f4xx_it.o(.text.DMA1_Stream7_IRQHandler) for DMA1_Stream7_IRQHandler
    startup_stm32f405xx.o(RESET) refers to stm32f4xx_it.o(.text.TIM5_IRQHandler) for TIM5_IRQHandler
    startup_stm32f405xx.o(RESET) refers to stm32f4xx_it.o(.text.UART5_IRQHandler) for UART5_IRQHandler
    startup_stm32f405xx.o(RESET) refers to stm32f4xx_it.o(.text.TIM6_DAC_IRQHandler) for TIM6_DAC_IRQHandler
    startup_stm32f405xx.o(RESET) refers to stm32f4xx_it.o(.text.TIM7_IRQHandler) for TIM7_IRQHandler
    startup_stm32f405xx.o(RESET) refers to stm32f4xx_it.o(.text.DMA2_Stream1_IRQHandler) for DMA2_Stream1_IRQHandler
    startup_stm32f405xx.o(RESET) refers to stm32f4xx_it.o(.text.DMA2_Stream2_IRQHandler) for DMA2_Stream2_IRQHandler
    startup_stm32f405xx.o(RESET) refers to stm32f4xx_it.o(.text.CAN2_RX1_IRQHandler) for CAN2_RX1_IRQHandler
    startup_stm32f405xx.o(RESET) refers to stm32f4xx_it.o(.text.USART6_IRQHandler) for USART6_IRQHandler
    startup_stm32f405xx.o(.text) refers to system_stm32f4xx.o(.text.SystemInit) for SystemInit
    startup_stm32f405xx.o(.text) refers to entry.o(.ARM.Collect$$$$00000000) for __main
    main.o(.text.__cxx_global_var_init) refers to main.o(.bss.LPF_factor) for LPF_factor
    main.o(.text.__cxx_global_var_init) refers to main.o(.text._ZN3$_0C2Ev) for $_0::$_0__sub_object()
    main.o(.ARM.exidx.text.__cxx_global_var_init) refers to main.o(.text.__cxx_global_var_init) for [Anonymous Symbol]
    main.o(.ARM.exidx.text._ZN3$_0C2Ev) refers to main.o(.text._ZN3$_0C2Ev) for [Anonymous Symbol]
    main.o(.text.__cxx_global_var_init.1) refers to main.o(.bss.CAN_1) for CAN_1
    main.o(.text.__cxx_global_var_init.1) refers to can.o(.bss.hcan1) for hcan1
    main.o(.text.__cxx_global_var_init.1) refers to main.o(.text._ZN8USER_CANC2EP17CAN_HandleTypeDefb) for USER_CAN::USER_CAN__sub_object(CAN_HandleTypeDef*, bool)
    main.o(.ARM.exidx.text.__cxx_global_var_init.1) refers to main.o(.text.__cxx_global_var_init.1) for [Anonymous Symbol]
    main.o(.text.__cxx_global_var_init.2) refers to main.o(.bss.CAN_2) for CAN_2
    main.o(.text.__cxx_global_var_init.2) refers to can.o(.bss.hcan2) for hcan2
[...]
    Region$$Table$$Limit                     0x0800ebdc   Number         0  anon$$obj.o(Region$$Table)
    SHT$$INIT_ARRAY$$Base                    0x0800ebdc   Number         0  main.o(.init_array)
    SHT$$INIT_ARRAY$$Limit                   0x0800ec08   Number         0  cpp_init.o(.init_array)
    __microlib_freelist                      0x20000004   Data           4  mvars.o(.data)
    __microlib_freelist_initialised          0x20000008   Data           4  mvars.o(.data)
    GIMBAL_088_State                         0x2000000c   Data           1  main.o(.data.GIMBAL_088_State)
    SystemCoreClock                          0x20000010   Data           4  system_stm32f4xx.o(.data.SystemCoreClock)
    param_Kp                                 0x20000014   Data           4  rm_lib.o(.data.param_Kp)
    uwTickFreq                               0x20000018   Data           1  stm32f4xx_hal.o(.data.uwTickFreq)
    uwTickPrio                               0x2000001c   Data           4  stm32f4xx_hal.o(.data.uwTickPrio)
    AS                                       0x20000020   Data          24  communication.o(.bss.AS)
    BP_PID_OUT                               0x20000038   Data           4  main.o(.bss.BP_PID_OUT)
    Buff_Flag                                0x2000003c   Data           1  main.o(.bss.Buff_Flag)
    CAN_1                                    0x20000040   Data          84  main.o(.bss.CAN_1)
    CAN_2                                    0x20000094   Data          84  main.o(.bss.CAN_2)
    Communicate_Rx_Flag_1                    0x200000e8   Data           2  main.o(.bss.Communicate_Rx_Flag_1)
    Communicate_Send_Flag_1                  0x200000ea   Data           2  main.o(.bss.Communicate_Send_Flag_1)
    DM_PITCH                                 0x200000ec   Data         112  main.o(.bss.DM_PITCH)
    DM_YAW                                   0x2000015c   Data         112  main.o(.bss.DM_YAW)
    DR16_Stop_Flag                           0x200001cc   Data           1  main.o(.bss.DR16_Stop_Flag)
    GIMBAL_088                               0x200001d0   Data         624  main.o(.bss.GIMBAL_088)
    I_ex                                     0x20000444   Data           4  rm_lib.o(.bss.I_ex)
    I_ey                                     0x20000448   Data           4  rm_lib.o(.bss.I_ey)
    I_ez                                     0x2000044c   Data           4  rm_lib.o(.bss.I_ez)
    LPF_Deal_pitch                           0x20000450   Data          28  main.o(.bss.LPF_Deal_pitch)
    M2006_BP                                 0x2000051c   Data          32  main.o(.bss.M2006_BP)
    M2006_BP_Angle                           0x2000053c   Data         112  shoot.o(.bss.M2006_BP_Angle)
    M2006_BP_Con_Angle                       0x200005ac   Data         112  shoot.o(.bss.M2006_BP_Con_Angle)
    M2006_BP_Con_Speed                       0x2000061c   Data         112  shoot.o(.bss.M2006_BP_Con_Speed)
    M2006_BP_Speed                           0x2000068c   Data         112  shoot.o(.bss.M2006_BP_Speed)
    M3508_MCL_Left                           0x200006fc   Data          32  main.o(.bss.M3508_MCL_Left)
    M3508_MCL_Left_Speed                     0x2000071c   Data         112  shoot.o(.bss.M3508_MCL_Left_Speed)
    M3508_MCL_Right                          0x2000078c   Data          32  main.o(.bss.M3508_MCL_Right)
    M3508_MCL_Right_Speed                    0x200007ac   Data         112  shoot.o(.bss.M3508_MCL_Right_Speed)
    M6020_Pitch_Angle                        0x2000081c   Data         112  pitch.o(.bss.M6020_Pitch_Angle)
    M6020_Pitch_Speed                        0x2000088c   Data         112  pitch.o(.bss.M6020_Pitch_Speed)
    M6020_YAW                                0x200008fc   Data          32  main.o(.bss.M6020_YAW)
    MCL_PID_OUT                              0x2000091c   Data           4  main.o(.bss.MCL_PID_OUT)
    Mini_PC_rx_buf                           0x20000920   Data         128  communication.o(.bss.Mini_PC_rx_buf)
    Mini_PC_tx_buf                           0x200009a0   Data         128  communication.o(.bss.Mini_PC_tx_buf)
    PID_Pitch_mang_zm                        0x20000a20   Data         112  pitch.o(.bss.PID_Pitch_mang_zm)
    PID_Pitch_sp_zm                          0x20000a90   Data         112  pitch.o(.bss.PID_Pitch_sp_zm)
    PITCH_Mode                               0x20000b00   Data           1  main.o(.bss.PITCH_Mode)
    Pitch                                    0x20000b04   Data          76  pitch.o(.bss.Pitch)
    Pitch_MCU                                0x20000b50   Data          28  main.o(.bss.Pitch_MCU)
    Pitch_PID_OUT                            0x20000b6c   Data          28  main.o(.bss.Pitch_PID_OUT)
    Pitch_Pid_Out                            0x20000b88   Data           4  main.o(.bss.Pitch_Pid_Out)
    Pitch_Zm                                 0x20000b8c   Data          76  pitch.o(.bss.Pitch_Zm)
    Right_Flag                               0x20000bd8   Data           1  main.o(.bss.Right_Flag)
    SMC_Pitch                                0x20000bdc   Data          88  pitch.o(.bss.SMC_Pitch)
    SMC_Pitch_Zm                             0x20000c34   Data          88  pitch.o(.bss.SMC_Pitch_Zm)
    SuperPower                               0x20000c8c   Data          32  communication.o(.bss.SuperPower)
    UD_BP_ALIGN                              0x20000cac   Data           1  shoot.o(.bss.UD_BP_ALIGN)
    UD_BP_DF                                 0x20000cad   Data           1  shoot.o(.bss.UD_BP_DF)
    UD_BP_ON                                 0x20000cae   Data           1  shoot.o(.bss.UD_BP_ON)
    UD_BP_PREFAB_RELEASE                     0x20000caf   Data           1  shoot.o(.bss.UD_BP_PREFAB_RELEASE)
    UD_BoPan_lian                            0x20000cb0   Data           1  main.o(.bss.UD_BoPan_lian)
    UD_Buff                                  0x20000cb1   Data           1  main.o(.bss.UD_Buff)
    UD_E                                     0x20000cb2   Data           1  main.o(.bss.UD_E)
    UD_GenSui                                0x20000cb3   Data           1  main.o(.bss.UD_GenSui)
    UD_GenSui_chance                         0x20000cb4   Data           1  main.o(.bss.UD_GenSui_chance)
    UD_Laser                                 0x20000cb5   Data           1  main.o(.bss.UD_Laser)
    UD_PR_BP                                 0x20000cb6   Data           1  shoot.o(.bss.UD_PR_BP)
    UD_SpeedDown                             0x20000cb7   Data           1  main.o(.bss.UD_SpeedDown)
    UD_SpeedUp                               0x20000cb8   Data           1  main.o(.bss.UD_SpeedUp)
    UD_YK_BoPan                              0x20000cb9   Data           1  main.o(.bss.UD_YK_BoPan)
    UD_Yaw_Back                              0x20000cba   Data           1  yaw.o(.bss.UD_Yaw_Back)
    UD_ch0_exceed_600                        0x20000cbb   Data           1  main.o(.bss.UD_ch0_exceed_600)
    UD_l                                     0x20000cbc   Data           1  main.o(.bss.UD_l)
    V_Pitch                                  0x20000cc0   Data          28  main.o(.bss.V_Pitch)
    V_Yaw                                    0x20000cdc   Data          28  main.o(.bss.V_Yaw)
    YAW_Mode                                 0x20000cf8   Data           1  main.o(.bss.YAW_Mode)
    YK                                       0x20000cfc   Data         440  main.o(.bss.YK)
    YK_MODE_SW_C_N                           0x20000eb4   Data           2  main.o(.bss.YK_MODE_SW_C_N)
    YK_MODE_SW_C_S                           0x20000eb6   Data           2  main.o(.bss.YK_MODE_SW_C_S)
    YK_MODE_SW_N_C                           0x20000eb8   Data           2  main.o(.bss.YK_MODE_SW_N_C)
    YK_MODE_SW_S_C                           0x20000eba   Data           2  main.o(.bss.YK_MODE_SW_S_C)
    YK_Mode                                  0x20000ebc   Data           1  main.o(.bss.YK_Mode)
    Yaw                                      0x20000ec0   Data          76  yaw.o(.bss.Yaw)
    Yaw_Back                                 0x20000f0c   Data          76  yaw.o(.bss.Yaw_Back)
    Yaw_PID_OUT                              0x20000f58   Data          28  main.o(.bss.Yaw_PID_OUT)
    Yaw_Pid_Out                              0x20000f74   Data           4  main.o(.bss.Yaw_Pid_Out)
    Yaw_Zm                                   0x20000f78   Data          76  yaw.o(.bss.Yaw_Zm)
    Zm_Pitch_Acc                             0x20000fc4   Data           4  stm32f4xx_it.o(.bss.Zm_Pitch_Acc)
    Zm_Pitch_Vel                             0x20000fc8   Data           4  stm32f4xx_it.o(.bss.Zm_Pitch_Vel)
    Zm_Yaw_Acc                               0x20000fcc   Data           4  stm32f4xx_it.o(.bss.Zm_Yaw_Acc)
    Zm_Yaw_Vel                               0x20000fd0   Data           4  stm32f4xx_it.o(.bss.Zm_Yaw_Vel)
    __cxa_new_handler                        0x20000fe8   Data           4  cxa_default_handlers.cpp.o(.bss.__cxa_new_handler)
    bp                                       0x20000fec   Data           4  shoot.o(.bss.bp)
    buff_mode                                0x20000ff0   Data           1  main.o(.bss.buff_mode)
    calibrationState                         0x20000ff1   Data           1  rm_lib.o(.bss.calibrationState)
    disable_irq_1                            0x20000ff8   Data           8  stm32f4xx_it.o(.bss.disable_irq_1)
    disable_irq_2                            0x20001000   Data           8  stm32f4xx_it.o(.bss.disable_irq_2)
    hcan1                                    0x20001008   Data          40  can.o(.bss.hcan1)
    hcan2                                    0x20001030   Data          40  can.o(.bss.hcan2)
    hdma_uart5_rx                            0x20001058   Data          96  usart.o(.bss.hdma_uart5_rx)
    hdma_uart5_tx                            0x200010b8   Data          96  usart.o(.bss.hdma_uart5_tx)
    hdma_usart1_rx                           0x20001118   Data          96  usart.o(.bss.hdma_usart1_rx)
    hdma_usart2_rx                           0x20001178   Data          96  usart.o(.bss.hdma_usart2_rx)
    hdma_usart2_tx                           0x200011d8   Data          96  usart.o(.bss.hdma_usart2_tx)
    hdma_usart3_rx                           0x20001238   Data          96  usart.o(.bss.hdma_usart3_rx)
    hdma_usart3_tx                           0x20001298   Data          96  usart.o(.bss.hdma_usart3_tx)
    hdma_usart6_rx                           0x200012f8   Data          96  usart.o(.bss.hdma_usart6_rx)
    hspi1                                    0x20001358   Data          88  spi.o(.bss.hspi1)
    htim1                                    0x200013b0   Data          72  tim.o(.bss.htim1)
    htim2                                    0x200013f8   Data          72  tim.o(.bss.htim2)
    htim5                                    0x20001440   Data          72  tim.o(.bss.htim5)
    htim6                                    0x20001488   Data          72  tim.o(.bss.htim6)
    htim7                                    0x200014d0   Data          72  tim.o(.bss.htim7)
    htim8                                    0x20001518   Data          72  tim.o(.bss.htim8)
    huart1                                   0x20001560   Data          72  usart.o(.bss.huart1)
    huart2                                   0x200015a8   Data          72  usart.o(.bss.huart2)
    huart3                                   0x200015f0   Data          72  usart.o(.bss.huart3)
    huart5                                   0x20001638   Data          72  usart.o(.bss.huart5)
    huart6                                   0x20001680   Data          72  usart.o(.bss.huart6)
    info_ubuf                                0x200016c8   Data         128  rm_lib.o(.bss.info_ubuf)
    jianshu_flag                             0x20001748   Data           1  main.o(.bss.jianshu_flag)
    mcl                                      0x2000174c   Data           4  shoot.o(.bss.mcl)
    param_Ki                                 0x20001750   Data           4  rm_lib.o(.bss.param_Ki)
    pitch                                    0x20001754   Data           4  pitch.o(.bss.pitch)
    remain_heat                              0x20001758   Data           4  main.o(.bss.remain_heat)
    request                                  0x2000175c   Data          32  communication.o(.bss.request)
    shooter_id1_17mm_barrel_cooling_value    0x2000177c   Data           2  main.o(.bss.shooter_id1_17mm_barrel_cooling_value)
    shooter_id1_17mm_cooling_heat            0x2000177e   Data           2  main.o(.bss.shooter_id1_17mm_cooling_heat)
    shooter_id1_17mm_cooling_limit           0x20001780   Data           2  main.o(.bss.shooter_id1_17mm_cooling_limit)
    uwTick                                   0x20001784   Data           4  stm32f4xx_hal.o(.bss.uwTick)
    yaw                                      0x20001788   Data           4  yaw.o(.bss.yaw)
    yaw_angle                                0x2000178c   Data         112  yaw.o(.bss.yaw_angle)
    yaw_angle_zm                             0x200017fc   Data         112  yaw.o(.bss.yaw_angle_zm)
    yaw_back_angle                           0x2000186c   Data         112  yaw.o(.bss.yaw_back_angle)
    yaw_back_speed                           0x200018dc   Data         112  yaw.o(.bss.yaw_back_speed)
    yaw_speed                                0x2000194c   Data         112  yaw.o(.bss.yaw_speed)
    yaw_speed_zm                             0x200019bc   Data         112  yaw.o(.bss.yaw_speed_zm)
    __heap_base                              0x20001a30   Data           0  startup_stm32f405xx.o(HEAP)
    __heap_limit                             0x20002230   Data           0  startup_stm32f405xx.o(HEAP)
    __initial_sp                             0x20004230   Data           0  startup_stm32f405xx.o(STACK)



==============================================================================

Memory Map of the image

  Image Entry point : 0x08000189

  Load Region LR_IROM1 (Base: 0x08000000, Size: 0x0000ec28, Max: 0x00100000, ABSOLUTE)

    Execution Region ER_IROM1 (Exec base: 0x08000000, Load base: 0x08000000, Size: 0x0000ec08, Max: 0x00100000, ABSOLUTE)

    Exec Addr    Load Addr    Size         Type   Attr      Idx    E Section Name        Object

    0x08000000   0x08000000   0x00000188   Data   RO            3    RESET               startup_stm32f405xx.o
    0x08000188   0x08000188   0x00000000   Code   RO         2330  * .ARM.Collect$$$$00000000  mc_w.l(entry.o)
    0x08000188   0x08000188   0x00000004   Code   RO         2469    .ARM.Collect$$$$00000001  mc_w.l(entry2.o)
    0x0800018c   0x0800018c   0x00000004   Code   RO         2472    .ARM.Collect$$$$00000004  mc_w.l(entry5.o)
    0x08000190   0x08000190   0x00000000   Code   RO         2474    .ARM.Collect$$$$00000008  mc_w.l(entry7b.o)
    0x08000190   0x08000190   0x00000004   Code   RO         2475    .ARM.Collect$$$$00000009  mc_w.l(entry8a.o)
    0x08000194   0x08000194   0x00000000   Code   RO         2476    .ARM.Collect$$$$0000000A  mc_w.l(entry8b.o)
    0x08000194   0x08000194   0x00000008   Code   RO         2477    .ARM.Collect$$$$0000000B  mc_w.l(entry9a.o)
    0x0800019c   0x0800019c   0x00000000   Code   RO         2479    .ARM.Collect$$$$0000000D  mc_w.l(entry10a.o)
    0x0800019c   0x0800019c   0x00000000   Code   RO         2481    .ARM.Collect$$$$0000000F  mc_w.l(entry11a.o)
    0x0800019c   0x0800019c   0x00000004   Code   RO         2470    .ARM.Collect$$$$00002712  mc_w.l(entry2.o)
    0x080001a0   0x080001a0   0x00000024   Code   RO            4    .text               startup_stm32f405xx.o
    0x080001c4   0x080001c4   0x00000062   Code   RO         2333    .text               mc_w.l(uldiv.o)
    0x08000226   0x08000226   0x00000024   Code   RO         2335    .text               mc_w.l(memcpya.o)
    0x0800024a   0x0800024a   0x00000024   Code   RO         2337    .text               mc_w.l(memseta.o)
    0x0800026e   0x0800026e   0x00000002   PAD
    0x08000270   0x08000270   0x00000028   Code   RO         2384    .text               mc_w.l(cpp_init.o)
    0x08000298   0x08000298   0x0000014e   Code   RO         2386    .text               mf_w.l(dadd.o)
    0x080003e6   0x080003e6   0x000000e4   Code   RO         2388    .text               mf_w.l(dmul.o)
    0x080004ca   0x080004ca   0x000000de   Code   RO         2390    .text               mf_w.l(ddiv.o)
    0x080005a8   0x080005a8   0x00000036   Code   RO         2392    .text               mf_w.l(dcmple.o)
    0x080005de   0x080005de   0x00000036   Code   RO         2396    .text               mf_w.l(dcmpge.o)
    0x08000614   0x08000614   0x00000022   Code   RO         2398    .text               mf_w.l(dflti.o)
    0x08000636   0x08000636   0x00000026   Code   RO         2402    .text               mf_w.l(f2d.o)
    0x0800065c   0x0800065c   0x00000038   Code   RO         2404    .text               mf_w.l(d2f.o)
    0x08000694   0x08000694   0x0000002c   Code   RO         2497    .text               mc_w.l(uidiv.o)
    0x080006c0   0x080006c0   0x0000001e   Code   RO         2499    .text               mc_w.l(llshl.o)
    0x080006de   0x080006de   0x00000020   Code   RO         2501    .text               mc_w.l(llushr.o)
    0x080006fe   0x080006fe   0x00000024   Code   RO         2503    .text               mc_w.l(llsshr.o)
    0x08000722   0x08000722   0x00000000   Code   RO         2574    .text               mc_w.l(iusefp.o)
    0x08000722   0x08000722   0x0000006e   Code   RO         2579    .text               mf_w.l(fepilogue.o)
    0x08000790   0x08000790   0x000000ba   Code   RO         2581    .text               mf_w.l(depilogue.o)
    0x0800084a   0x0800084a   0x00000030   Code   RO         2585    .text               mf_w.l(dfixul.o)
    0x0800087a   0x0800087a   0x00000002   PAD
    0x0800087c   0x0800087c   0x00000030   Code   RO         2589    .text               mf_w.l(cdrcmple.o)
    0x080008ac   0x080008ac   0x00000030   Code   RO         2610    .text               mc_w.l(init.o)
    0x080008dc   0x080008dc   0x00000004   Code   RO          321    .text.BusFault_Handler  stm32f4xx_it.o
    0x080008e0   0x080008e0   0x00000010   Code   RO          343    .text.CAN1_RX0_IRQHandler  stm32f4xx_it.o
    0x080008f0   0x080008f0   0x00000010   Code   RO          373    .text.CAN2_RX1_IRQHandler  stm32f4xx_it.o
    0x08000900   0x08000900   0x00000010   Code   RO          333    .text.DMA1_Stream0_IRQHandler  stm32f4xx_it.o
    0x08000910   0x08000910   0x00000010   Code   RO          335    .text.DMA1_Stream1_IRQHandler  stm32f4xx_it.o
    0x08000920   0x08000920   0x00000010   Code   RO          337    .text.DMA1_Stream3_IRQHandler  stm32f4xx_it.o
    0x08000930   0x08000930   0x00000010   Code   RO          339    .text.DMA1_Stream5_IRQHandler  stm32f4xx_it.o
    0x08000940   0x08000940   0x00000010   Code   RO          341    .text.DMA1_Stream6_IRQHandler  stm32f4xx_it.o
    0x08000950   0x08000950   0x00000010   Code   RO          359    .text.DMA1_Stream7_IRQHandler  stm32f4xx_it.o
    0x08000960   0x08000960   0x00000010   Code   RO          369    .text.DMA2_Stream1_IRQHandler  stm32f4xx_it.o
    0x08000970   0x08000970   0x00000010   Code   RO          371    .text.DMA2_Stream2_IRQHandler  stm32f4xx_it.o
    0x08000980   0x08000980   0x00000056   Code   RO          672    .text.DMA_CalcBaseAndBitshift  stm32f4xx_hal_dma.o
    0x080009d6   0x080009d6   0x00000002   PAD
    0x080009d8   0x080009d8   0x000000f0   Code   RO          670    .text.DMA_CheckFifoParam  stm32f4xx_hal_dma.o
    0x08000ac8   0x08000ac8   0x00000050   Code   RO          678    .text.DMA_SetConfig  stm32f4xx_hal_dma.o
    0x08000b18   0x08000b18   0x00000002   Code   RO          327    .text.DebugMon_Handler  stm32f4xx_it.o
    0x08000b1a   0x08000b1a   0x00000002   PAD
    0x08000b1c   0x08000b1c   0x00000006   Code   RO           91    .text.Error_Handler  main.o
    0x08000b22   0x08000b22   0x00000002   PAD
    0x08000b24   0x08000b24   0x00000094   Code   RO         1544    .text.GetReceive_SP  communication.o
    0x08000bb8   0x08000bb8   0x00000052   Code   RO          449    .text.HAL_CAN_ActivateNotification  stm32f4xx_hal_can.o
    0x08000c0a   0x08000c0a   0x00000002   PAD
    0x08000c0c   0x08000c0c   0x00000156   Code   RO          435    .text.HAL_CAN_AddTxMessage  stm32f4xx_hal_can.o
    0x08000d62   0x08000d62   0x00000002   PAD
    0x08000d64   0x08000d64   0x0000019e   Code   RO          425    .text.HAL_CAN_ConfigFilter  stm32f4xx_hal_can.o
    0x08000f02   0x08000f02   0x00000002   PAD
    0x08000f04   0x08000f04   0x00000008   Code   RO          479    .text.HAL_CAN_ErrorCallback  stm32f4xx_hal_can.o
    0x08000f0c   0x08000f0c   0x00000212   Code   RO          445    .text.HAL_CAN_GetRxMessage  stm32f4xx_hal_can.o
    0x0800111e   0x0800111e   0x00000002   PAD
    0x08001120   0x08001120   0x00000070   Code   RO          439    .text.HAL_CAN_GetTxMailboxesFreeLevel  stm32f4xx_hal_can.o
    0x08001190   0x08001190   0x000003f2   Code   RO          453    .text.HAL_CAN_IRQHandler  stm32f4xx_hal_can.o
    0x08001582   0x08001582   0x00000002   PAD
    0x08001584   0x08001584   0x000001de   Code   RO          415    .text.HAL_CAN_Init  stm32f4xx_hal_can.o
    0x08001762   0x08001762   0x00000002   PAD
    0x08001764   0x08001764   0x00000188   Code   RO          210    .text.HAL_CAN_MspInit  can.o
    0x080018ec   0x080018ec   0x00000008   Code   RO          467    .text.HAL_CAN_RxFifo0FullCallback  stm32f4xx_hal_can.o
    0x080018f4   0x080018f4   0x0000007c   Code   RO           95    .text.HAL_CAN_RxFifo0MsgPendingCallback  main.o
    0x08001970   0x08001970   0x00000008   Code   RO          471    .text.HAL_CAN_RxFifo1FullCallback  stm32f4xx_hal_can.o
    0x08001978   0x08001978   0x000000c2   Code   RO           97    .text.HAL_CAN_RxFifo1MsgPendingCallback  main.o
    0x08001a3a   0x08001a3a   0x00000002   PAD
    0x08001a3c   0x08001a3c   0x00000008   Code   RO          475    .text.HAL_CAN_SleepCallback  stm32f4xx_hal_can.o
    0x08001a44   0x08001a44   0x0000008a   Code   RO          427    .text.HAL_CAN_Start  stm32f4xx_hal_can.o
    0x08001ace   0x08001ace   0x00000002   PAD
    0x08001ad0   0x08001ad0   0x00000008   Code   RO          457    .text.HAL_CAN_TxMailbox0AbortCallback  stm32f4xx_hal_can.o
    0x08001ad8   0x08001ad8   0x00000008   Code   RO          455    .text.HAL_CAN_TxMailbox0CompleteCallback  stm32f4xx_hal_can.o
    0x08001ae0   0x08001ae0   0x00000008   Code   RO          461    .text.HAL_CAN_TxMailbox1AbortCallback  stm32f4xx_hal_can.o
    0x08001ae8   0x08001ae8   0x00000008   Code   RO          459    .text.HAL_CAN_TxMailbox1CompleteCallback  stm32f4xx_hal_can.o
    0x08001af0   0x08001af0   0x00000008   Code   RO          465    .text.HAL_CAN_TxMailbox2AbortCallback  stm32f4xx_hal_can.o
    0x08001af8   0x08001af8   0x00000008   Code   RO          463    .text.HAL_CAN_TxMailbox2CompleteCallback  stm32f4xx_hal_can.o
    0x08001b00   0x08001b00   0x00000008   Code   RO          477    .text.HAL_CAN_WakeUpFromRxMsgCallback  stm32f4xx_hal_can.o
    0x08001b08   0x08001b08   0x000000ec   Code   RO          682    .text.HAL_DMA_Abort  stm32f4xx_hal_dma.o
    0x08001bf4   0x08001bf4   0x00000044   Code   RO          684    .text.HAL_DMA_Abort_IT  stm32f4xx_hal_dma.o
    0x08001c38   0x08001c38   0x0000031e   Code   RO          688    .text.HAL_DMA_IRQHandler  stm32f4xx_hal_dma.o
    0x08001f56   0x08001f56   0x00000002   PAD
    0x08001f58   0x08001f58   0x0000016e   Code   RO          668    .text.HAL_DMA_Init  stm32f4xx_hal_dma.o
    0x080020c6   0x080020c6   0x00000002   PAD
    0x080020c8   0x080020c8   0x000000c2   Code   RO          680    .text.HAL_DMA_Start_IT  stm32f4xx_hal_dma.o
    0x0800218a   0x0800218a   0x00000002   PAD
    0x0800218c   0x0800218c   0x00000042   Code   RO          863    .text.HAL_Delay     stm32f4xx_hal.o
    0x080021ce   0x080021ce   0x00000002   PAD
    0x080021d0   0x080021d0   0x000003b6   Code   RO          630    .text.HAL_GPIO_Init  stm32f4xx_hal_gpio.o
    0x08002586   0x08002586   0x00000002   PAD
    0x08002588   0x08002588   0x0000002e   Code   RO          636    .text.HAL_GPIO_WritePin  stm32f4xx_hal_gpio.o
    0x080025b6   0x080025b6   0x00000002   PAD
    0x080025b8   0x080025b8   0x0000000c   Code   RO          855    .text.HAL_GetTick   stm32f4xx_hal.o
    0x080025c4   0x080025c4   0x0000001a   Code   RO          853    .text.HAL_IncTick   stm32f4xx_hal.o
    0x080025de   0x080025de   0x00000002   PAD
    0x080025e0   0x080025e0   0x00000036   Code   RO          843    .text.HAL_Init      stm32f4xx_hal.o
    0x08002616   0x08002616   0x00000002   PAD
    0x08002618   0x08002618   0x00000070   Code   RO          845    .text.HAL_InitTick  stm32f4xx_hal.o
    0x08002688   0x08002688   0x0000004a   Code   RO          407    .text.HAL_MspInit   stm32f4xx_hal_msp.o
    0x080026d2   0x080026d2   0x00000002   PAD
    0x080026d4   0x080026d4   0x00000014   Code   RO          778    .text.HAL_NVIC_EnableIRQ  stm32f4xx_hal_cortex.o
    0x080026e8   0x080026e8   0x00000032   Code   RO          770    .text.HAL_NVIC_SetPriority  stm32f4xx_hal_cortex.o
    0x0800271a   0x0800271a   0x00000002   PAD
    0x0800271c   0x0800271c   0x00000010   Code   RO          766    .text.HAL_NVIC_SetPriorityGrouping  stm32f4xx_hal_cortex.o
    0x0800272c   0x0800272c   0x00000262   Code   RO          498    .text.HAL_RCC_ClockConfig  stm32f4xx_hal_rcc.o
    0x0800298e   0x0800298e   0x00000002   PAD
    0x08002990   0x08002990   0x0000000c   Code   RO          508    .text.HAL_RCC_GetHCLKFreq  stm32f4xx_hal_rcc.o
    0x0800299c   0x0800299c   0x00000022   Code   RO          510    .text.HAL_RCC_GetPCLK1Freq  stm32f4xx_hal_rcc.o
    0x080029be   0x080029be   0x00000002   PAD
    0x080029c0   0x080029c0   0x00000022   Code   RO          512    .text.HAL_RCC_GetPCLK2Freq  stm32f4xx_hal_rcc.o
    0x080029e2   0x080029e2   0x00000002   PAD
    0x080029e4   0x080029e4   0x000000e6   Code   RO          500    .text.HAL_RCC_GetSysClockFreq  stm32f4xx_hal_rcc.o
    0x08002aca   0x08002aca   0x00000002   PAD
    0x08002acc   0x08002acc   0x000006be   Code   RO          496    .text.HAL_RCC_OscConfig  stm32f4xx_hal_rcc.o
    0x0800318a   0x0800318a   0x00000002   PAD
    0x0800318c   0x0800318c   0x00000100   Code   RO          932    .text.HAL_SPI_Init  stm32f4xx_hal_spi.o
    0x0800328c   0x0800328c   0x0000008e   Code   RO          234    .text.HAL_SPI_MspInit  spi.o
    0x0800331a   0x0800331a   0x00000002   PAD
    0x0800331c   0x0800331c   0x0000024e   Code   RO          944    .text.HAL_SPI_Receive  stm32f4xx_hal_spi.o
    0x0800356a   0x0800356a   0x00000002   PAD
    0x0800356c   0x0800356c   0x000002a2   Code   RO          940    .text.HAL_SPI_Transmit  stm32f4xx_hal_spi.o
    0x0800380e   0x0800380e   0x00000002   PAD
    0x08003810   0x08003810   0x000003a2   Code   RO          946    .text.HAL_SPI_TransmitReceive  stm32f4xx_hal_spi.o
    0x08003bb2   0x08003bb2   0x00000002   PAD
    0x08003bb4   0x08003bb4   0x00000010   Code   RO          790    .text.HAL_SYSTICK_Config  stm32f4xx_hal_cortex.o
    0x08003bc4   0x08003bc4   0x00000008   Code   RO         1372    .text.HAL_TIMEx_BreakCallback  stm32f4xx_hal_tim_ex.o
    0x08003bcc   0x08003bcc   0x00000008   Code   RO         1368    .text.HAL_TIMEx_CommutCallback  stm32f4xx_hal_tim_ex.o
    0x08003bd4   0x08003bd4   0x00000122   Code   RO         1362    .text.HAL_TIMEx_MasterConfigSynchronization  stm32f4xx_hal_tim_ex.o
    0x08003cf6   0x08003cf6   0x00000002   PAD
    0x08003cf8   0x08003cf8   0x0000009c   Code   RO         1049    .text.HAL_TIM_Base_Init  stm32f4xx_hal_tim.o
    0x08003d94   0x08003d94   0x000001d0   Code   RO          258    .text.HAL_TIM_Base_MspInit  tim.o
    0x08003f64   0x08003f64   0x000000f6   Code   RO         1063    .text.HAL_TIM_Base_Start_IT  stm32f4xx_hal_tim.o
    0x0800405a   0x0800405a   0x00000002   PAD
    0x0800405c   0x0800405c   0x00000184   Code   RO         1241    .text.HAL_TIM_ConfigClockSource  stm32f4xx_hal_tim.o
    0x080041e0   0x080041e0   0x00000008   Code   RO         1185    .text.HAL_TIM_IC_CaptureCallback  stm32f4xx_hal_tim.o
    0x080041e8   0x080041e8   0x0000021a   Code   RO         1183    .text.HAL_TIM_IRQHandler  stm32f4xx_hal_tim.o
    0x08004402   0x08004402   0x00000002   PAD
    0x08004404   0x08004404   0x00000008   Code   RO         1187    .text.HAL_TIM_OC_DelayElapsedCallback  stm32f4xx_hal_tim.o
    0x0800440c   0x0800440c   0x00000008   Code   RO         1189    .text.HAL_TIM_PWM_PulseFinishedCallback  stm32f4xx_hal_tim.o
    0x08004414   0x08004414   0x000002ec   Code   RO           93    .text.HAL_TIM_PeriodElapsedCallback  main.o
    0x08004700   0x08004700   0x00000008   Code   RO         1193    .text.HAL_TIM_TriggerCallback  stm32f4xx_hal_tim.o
    0x08004708   0x08004708   0x0000000c   Code   RO         1477    .text.HAL_UARTEx_RxEventCallback  stm32f4xx_hal_uart.o
    0x08004714   0x08004714   0x00000008   Code   RO         1455    .text.HAL_UART_AbortCpltCallback  stm32f4xx_hal_uart.o
    0x0800471c   0x0800471c   0x000001de   Code   RO         1449    .text.HAL_UART_Abort_IT  stm32f4xx_hal_uart.o
    0x080048fa   0x080048fa   0x00000002   PAD
    0x080048fc   0x080048fc   0x000000cc   Code   RO         1429    .text.HAL_UART_DMAStop  stm32f4xx_hal_uart.o
    0x080049c8   0x080049c8   0x00000008   Code   RO         1475    .text.HAL_UART_ErrorCallback  stm32f4xx_hal_uart.o
    0x080049d0   0x080049d0   0x0000045c   Code   RO         1469    .text.HAL_UART_IRQHandler  stm32f4xx_hal_uart.o
    0x08004e2c   0x08004e2c   0x0000009e   Code   RO         1385    .text.HAL_UART_Init  stm32f4xx_hal_uart.o
    0x08004eca   0x08004eca   0x00000002   PAD
    0x08004ecc   0x08004ecc   0x000005da   Code   RO          285    .text.HAL_UART_MspInit  usart.o
    0x080054a6   0x080054a6   0x00000002   PAD
    0x080054a8   0x080054a8   0x00000056   Code   RO         1421    .text.HAL_UART_Receive_DMA  stm32f4xx_hal_uart.o
    0x080054fe   0x080054fe   0x00000002   PAD
    0x08005500   0x08005500   0x00000008   Code   RO         1487    .text.HAL_UART_RxCpltCallback  stm32f4xx_hal_uart.o
    0x08005508   0x08005508   0x00000008   Code   RO         1489    .text.HAL_UART_RxHalfCpltCallback  stm32f4xx_hal_uart.o
    0x08005510   0x08005510   0x00000130   Code   RO         1401    .text.HAL_UART_Transmit  stm32f4xx_hal_uart.o
    0x08005640   0x08005640   0x000000fc   Code   RO         1413    .text.HAL_UART_Transmit_DMA  stm32f4xx_hal_uart.o
    0x0800573c   0x0800573c   0x00000008   Code   RO         1483    .text.HAL_UART_TxCpltCallback  stm32f4xx_hal_uart.o
    0x08005744   0x08005744   0x00000008   Code   RO         1485    .text.HAL_UART_TxHalfCpltCallback  stm32f4xx_hal_uart.o
    0x0800574c   0x0800574c   0x00000004   Code   RO          317    .text.HardFault_Handler  stm32f4xx_it.o
    0x08005750   0x08005750   0x0000004e   Code   RO          206    .text.MX_CAN1_Init  can.o
    0x0800579e   0x0800579e   0x00000002   PAD
    0x080057a0   0x080057a0   0x0000004e   Code   RO          208    .text.MX_CAN2_Init  can.o
    0x080057ee   0x080057ee   0x00000002   PAD
    0x080057f0   0x080057f0   0x000000de   Code   RO          224    .text.MX_DMA_Init   dma.o
    0x080058ce   0x080058ce   0x00000002   PAD
    0x080058d0   0x080058d0   0x00000150   Code   RO          198    .text.MX_GPIO_Init  gpio.o
    0x08005a20   0x08005a20   0x0000004e   Code   RO          232    .text.MX_SPI1_Init  spi.o
    0x08005a6e   0x08005a6e   0x00000002   PAD
    0x08005a70   0x08005a70   0x00000086   Code   RO          246    .text.MX_TIM1_Init  tim.o
    0x08005af6   0x08005af6   0x00000002   PAD
    0x08005af8   0x08005af8   0x00000080   Code   RO          248    .text.MX_TIM2_Init  tim.o
    0x08005b78   0x08005b78   0x00000084   Code   RO          250    .text.MX_TIM5_Init  tim.o
    0x08005bfc   0x08005bfc   0x0000005c   Code   RO          252    .text.MX_TIM6_Init  tim.o
    0x08005c58   0x08005c58   0x0000005a   Code   RO          254    .text.MX_TIM7_Init  tim.o
    0x08005cb2   0x08005cb2   0x00000002   PAD
    0x08005cb4   0x08005cb4   0x00000088   Code   RO          256    .text.MX_TIM8_Init  tim.o
    0x08005d3c   0x08005d3c   0x00000040   Code   RO          275    .text.MX_UART5_Init  usart.o
    0x08005d7c   0x08005d7c   0x00000040   Code   RO          277    .text.MX_USART1_UART_Init  usart.o
    0x08005dbc   0x08005dbc   0x00000040   Code   RO          279    .text.MX_USART2_UART_Init  usart.o
    0x08005dfc   0x08005dfc   0x00000040   Code   RO          281    .text.MX_USART3_UART_Init  usart.o
    0x08005e3c   0x08005e3c   0x0000004c   Code   RO          283    .text.MX_USART6_UART_Init  usart.o
    0x08005e88   0x08005e88   0x00000004   Code   RO          319    .text.MemManage_Handler  stm32f4xx_it.o
    0x08005e8c   0x08005e8c   0x00000024   Code   RO         1540    .text.Mini_PC_Init  communication.o
    0x08005eb0   0x08005eb0   0x00000136   Code   RO         1542    .text.Mini_PC_SendData  communication.o
    0x08005fe6   0x08005fe6   0x00000002   PAD
    0x08005fe8   0x08005fe8   0x00000004   Code   RO          315    .text.NMI_Handler   stm32f4xx_it.o
    0x08005fec   0x08005fec   0x0000006c   Code   RO          776    .text.NVIC_EncodePriority  stm32f4xx_hal_cortex.o
    0x08006058   0x08006058   0x00000002   Code   RO          329    .text.PendSV_Handler  stm32f4xx_it.o
    0x0800605a   0x0800605a   0x00000002   PAD
    0x0800605c   0x0800605c   0x000000e4   Code   RO          948    .text.SPI_EndRxTransaction  stm32f4xx_hal_spi.o
    0x08006140   0x08006140   0x000000cc   Code   RO          942    .text.SPI_EndRxTxTransaction  stm32f4xx_hal_spi.o
    0x0800620c   0x0800620c   0x0000012c   Code   RO         1040    .text.SPI_WaitFlagStateUntilTimeout  stm32f4xx_hal_spi.o
    0x08006338   0x08006338   0x00000002   Code   RO          325    .text.SVC_Handler   stm32f4xx_it.o
    0x0800633a   0x0800633a   0x00000002   PAD
    0x0800633c   0x0800633c   0x00000052   Code   RO          792    .text.SysTick_Config  stm32f4xx_hal_cortex.o
    0x0800638e   0x0800638e   0x00000002   PAD
    0x08006390   0x08006390   0x00000008   Code   RO          331    .text.SysTick_Handler  stm32f4xx_it.o
    0x08006398   0x08006398   0x00000012   Code   RO         1516    .text.SystemInit    system_stm32f4xx.o
    0x080063aa   0x080063aa   0x00000002   PAD
    0x080063ac   0x080063ac   0x00000010   Code   RO          345    .text.TIM1_UP_TIM10_IRQHandler  stm32f4xx_it.o
    0x080063bc   0x080063bc   0x00000010   Code   RO          347    .text.TIM2_IRQHandler  stm32f4xx_it.o
    0x080063cc   0x080063cc   0x00000010   Code   RO          361    .text.TIM5_IRQHandler  stm32f4xx_it.o
    0x080063dc   0x080063dc   0x00000010   Code   RO          365    .text.TIM6_DAC_IRQHandler  stm32f4xx_it.o
    0x080063ec   0x080063ec   0x00000010   Code   RO          367    .text.TIM7_IRQHandler  stm32f4xx_it.o
    0x080063fc   0x080063fc   0x00000010   Code   RO          355    .text.TIM8_BRK_TIM12_IRQHandler  stm32f4xx_it.o
    0x0800640c   0x0800640c   0x00000010   Code   RO          357    .text.TIM8_UP_TIM13_IRQHandler  stm32f4xx_it.o
    0x0800641c   0x0800641c   0x000001a4   Code   RO         1053    .text.TIM_Base_SetConfig  stm32f4xx_hal_tim.o
    0x080065c0   0x080065c0   0x00000034   Code   RO         1239    .text.TIM_ETR_SetConfig  stm32f4xx_hal_tim.o
    0x080065f4   0x080065f4   0x0000002a   Code   RO         1245    .text.TIM_ITRx_SetConfig  stm32f4xx_hal_tim.o
    0x0800661e   0x0800661e   0x00000002   PAD
    0x08006620   0x08006620   0x00000050   Code   RO         1243    .text.TIM_TI1_ConfigInputStage  stm32f4xx_hal_tim.o
    0x08006670   0x08006670   0x00000052   Code   RO         1247    .text.TIM_TI2_ConfigInputStage  stm32f4xx_hal_tim.o
    0x080066c2   0x080066c2   0x00000002   PAD
    0x080066c4   0x080066c4   0x00000010   Code   RO          363    .text.UART5_IRQHandler  stm32f4xx_it.o
    0x080066d4   0x080066d4   0x0000001c   Code   RO         1473    .text.UART_DMAAbortOnError  stm32f4xx_hal_uart.o
    0x080066f0   0x080066f0   0x0000007c   Code   RO         1419    .text.UART_DMAError  stm32f4xx_hal_uart.o
    0x0800676c   0x0800676c   0x000000f4   Code   RO         1505    .text.UART_DMAReceiveCplt  stm32f4xx_hal_uart.o
    0x08006860   0x08006860   0x00000056   Code   RO         1453    .text.UART_DMARxAbortCallback  stm32f4xx_hal_uart.o
    0x080068b6   0x080068b6   0x00000002   PAD
    0x080068b8   0x080068b8   0x00000034   Code   RO         1507    .text.UART_DMARxHalfCplt  stm32f4xx_hal_uart.o
    0x080068ec   0x080068ec   0x0000007a   Code   RO         1415    .text.UART_DMATransmitCplt  stm32f4xx_hal_uart.o
    0x08006966   0x08006966   0x00000002   PAD
    0x08006968   0x08006968   0x00000056   Code   RO         1451    .text.UART_DMATxAbortCallback  stm32f4xx_hal_uart.o
    0x080069be   0x080069be   0x00000002   PAD
    0x080069c0   0x080069c0   0x00000016   Code   RO         1417    .text.UART_DMATxHalfCplt  stm32f4xx_hal_uart.o
    0x080069d6   0x080069d6   0x00000002   PAD
    0x080069d8   0x080069d8   0x00000094   Code   RO         1433    .text.UART_EndRxTransfer  stm32f4xx_hal_uart.o
    0x08006a6c   0x08006a6c   0x00000026   Code   RO         1481    .text.UART_EndTransmit_IT  stm32f4xx_hal_uart.o
    0x08006a92   0x08006a92   0x00000002   PAD
    0x08006a94   0x08006a94   0x00000036   Code   RO         1431    .text.UART_EndTxTransfer  stm32f4xx_hal_uart.o
    0x08006aca   0x08006aca   0x00000002   PAD
    0x08006acc   0x08006acc   0x00000168   Code   RO         1471    .text.UART_Receive_IT  stm32f4xx_hal_uart.o
    0x08006c34   0x08006c34   0x0000013a   Code   RO         1389    .text.UART_SetConfig  stm32f4xx_hal_uart.o
    0x08006d6e   0x08006d6e   0x00000002   PAD
    0x08006d70   0x08006d70   0x00000130   Code   RO         1423    .text.UART_Start_Receive_DMA  stm32f4xx_hal_uart.o
    0x08006ea0   0x08006ea0   0x00000094   Code   RO         1479    .text.UART_Transmit_IT  stm32f4xx_hal_uart.o
    0x08006f34   0x08006f34   0x000000da   Code   RO         1403    .text.UART_WaitOnFlagUntilTimeout  stm32f4xx_hal_uart.o
    0x0800700e   0x0800700e   0x00000002   PAD
    0x08007010   0x08007010   0x00000144   Code   RO          349    .text.USART1_IRQHandler  stm32f4xx_it.o
    0x08007154   0x08007154   0x00000004   PAD
    0x08007158   0x08007158   0x000002a8   Code   RO          351    .text.USART2_IRQHandler  stm32f4xx_it.o
    0x08007400   0x08007400   0x00000010   Code   RO          353    .text.USART3_IRQHandler  stm32f4xx_it.o
    0x08007410   0x08007410   0x0000001c   Code   RO          375    .text.USART6_IRQHandler  stm32f4xx_it.o
    0x0800742c   0x0800742c   0x00000004   Code   RO          323    .text.UsageFault_Handler  stm32f4xx_it.o
    0x08007430   0x08007430   0x00000008   Code   RO         1910    .text._GLOBAL__sub_I_DM.cpp  dm.o
    0x08007438   0x08007438   0x00000008   Code   RO         1997    .text._GLOBAL__sub_I_PID.cpp  pid.o
    0x08007440   0x08007440   0x0000002c   Code   RO         2072    .text._GLOBAL__sub_I_Pitch.cpp  pitch.o
    0x0800746c   0x0800746c   0x00000008   Code   RO         1931    .text._GLOBAL__sub_I_RM.cpp  rm.o
    0x08007474   0x08007474   0x00000008   Code   RO         1964    .text._GLOBAL__sub_I_RMD.cpp  rmd.o
    0x0800747c   0x0800747c   0x00000008   Code   RO         1752    .text._GLOBAL__sub_I_RM_Lib.cpp  rm_lib.o
    0x08007484   0x08007484   0x0000003c   Code   RO         2150    .text._GLOBAL__sub_I_Shoot.cpp  shoot.o
    0x080074c0   0x080074c0   0x00000034   Code   RO         2216    .text._GLOBAL__sub_I_Yaw.cpp  yaw.o
    0x080074f4   0x080074f4   0x00000008   Code   RO         1558    .text._GLOBAL__sub_I_communication.c  communication.o
    0x080074fc   0x080074fc   0x00000084   Code   RO           99    .text._GLOBAL__sub_I_main.c  main.o
    0x08007580   0x08007580   0x00000008   Code   RO          377    .text._GLOBAL__sub_I_stm32f4xx_it.c  stm32f4xx_it.o
    0x08007588   0x08007588   0x0000013c   Code   RO           85    .text._Z10start_dealv  main.o
    0x080076c4   0x080076c4   0x00000320   Code   RO           81    .text._Z12jianshu_dealv  main.o
    0x080079e4   0x080079e4   0x00000004   PAD
    0x080079e8   0x080079e8   0x000000e8   Code   RO          313    .text._Z13ZM_Angle_Dealfff  stm32f4xx_it.o
    0x08007ad0   0x08007ad0   0x0000008e   Code   RO         1896    .text._Z13float_to_uintfffi  dm.o
    0x08007b5e   0x08007b5e   0x00000002   PAD
    0x08007b60   0x08007b60   0x00000040   Code   RO         2208    .text._Z13gm6020to_torqf  yaw.o
    0x08007ba0   0x08007ba0   0x00000052   Code   RO         1898    .text._Z13uint_to_floatiffi  dm.o
    0x08007bf2   0x08007bf2   0x00000002   PAD
    0x08007bf4   0x08007bf4   0x000000ba   Code   RO           89    .text._Z18SystemClock_Configv  main.o
    0x08007cae   0x08007cae   0x00000002   PAD
    0x08007cb0   0x08007cb0   0x00000040   Code   RO         2062    .text._Z19gm6020to_torq_pitchf  pitch.o
    0x08007cf0   0x08007cf0   0x0000020e   Code   RO           79    .text._Z21can2_communicate_dealv  main.o
    0x08007efe   0x08007efe   0x00000002   PAD
    0x08007f00   0x08007f00   0x00000012   Code   RO         1797    .text._Z3absB7v180000f  rm_lib.o
    0x08007f12   0x08007f12   0x00000002   PAD
    0x08007f14   0x08007f14   0x0000005a   Code   RO         1692    .text._Z7inVSqrtf   rm_lib.o
    0x08007f6e   0x08007f6e   0x00000002   PAD
    0x08007f70   0x08007f70   0x00000308   Code   RO           77    .text._Z9MODE_DEALv  main.o
    0x08008278   0x08008278   0x00000058   Code   RO         1534    .text._Z9get_crc16PKhj  communication.o
    0x080082d0   0x080082d0   0x00000038   Code   RO         1556    .text._ZL11AssignBytesPVhPVKhjj  communication.o
    0x08008308   0x08008308   0x0000001a   Code   RO         1554    .text._ZL11UnpackFloatPVKhjPV12FloatBytes_t  communication.o
    0x08008322   0x08008322   0x00000002   PAD
    0x08008324   0x08008324   0x0000007c   Code   RO         2136    .text._ZL12ramp_towardsfff  shoot.o
    0x080083a0   0x080083a0   0x00000064   Code   RO         1548    .text._ZL15UnpackFloatSafePVKhjPV12FloatBytes_t  communication.o
    0x08008404   0x08008404   0x00000068   Code   RO         1546    .text._ZL18UnpackFloatSafe_ZmPVKhjPV12FloatBytes_tf  communication.o
    0x0800846c   0x0800846c   0x00000026   Code   RO           83    .text._ZL18__NVIC_SystemResetv  main.o
    0x08008492   0x08008492   0x00000002   PAD
    0x08008494   0x08008494   0x000001c8   Code   RO         2066    .text._ZL21GetPitchUpGravityCompff  pitch.o
    0x0800865c   0x0800865c   0x000000a6   Code   RO         1718    .text._ZN10Vision_LPF27Vision_Low_Pass_Filter_InitEv  rm_lib.o
    0x08008702   0x08008702   0x00000002   PAD
    0x08008704   0x08008704   0x00000026   Code   RO          187    .text._ZN10Vision_LPFC2Efff  main.o
    0x0800872a   0x0800872a   0x00000002   PAD
    0x0800872c   0x0800872c   0x00000060   Code   RO          195    .text._ZN18UpDown_check_class6updataEb  main.o
    0x0800878c   0x0800878c   0x00000018   Code   RO          191    .text._ZN18UpDown_check_classC2Eb  main.o
    0x080087a4   0x080087a4   0x000000aa   Code   RO          404    .text._ZN25YKStateTransitionDetector17getTransitionTypeEtt  stm32f4xx_it.o
    0x0800884e   0x0800884e   0x00000002   PAD
    0x08008850   0x08008850   0x0000004c   Code   RO          402    .text._ZN25YKStateTransitionDetector6updateEt  stm32f4xx_it.o
    0x0800889c   0x0800889c   0x00000014   Code   RO          193    .text._ZN25YKStateTransitionDetectorC2Et  main.o
    0x080088b0   0x080088b0   0x000000c4   Code   RO         2142    .text._ZN2BP14BP_while_layerEv  shoot.o
    0x08008974   0x08008974   0x00000034   Code   RO         2179    .text._ZN2BP6EnergyC2Ev  shoot.o
    0x080089a8   0x080089a8   0x00000880   Code   RO         2148    .text._ZN2BP7BP_dealEhh  shoot.o
    0x08009228   0x08009228   0x00000068   Code   RO         2177    .text._ZN2BPC2Ev    shoot.o
    0x08009290   0x08009290   0x00000098   Code   RO         1622    .text._ZN2RC13DT16_set_zeroEv  rm_lib.o
    0x08009328   0x08009328   0x00000030   Code   RO         1648    .text._ZN2RC13Pressed_CheckEt  rm_lib.o
    0x08009358   0x08009358   0x000000fa   Code   RO         1630    .text._ZN2RC13VT13_set_zeroEv  rm_lib.o
    0x08009452   0x08009452   0x00000002   PAD
    0x08009454   0x08009454   0x000000c8   Code   RO         1636    .text._ZN2RC14DT16_data_dealEv  rm_lib.o
    0x0800951c   0x0800951c   0x0000029e   Code   RO         1644    .text._ZN2RC14VT13_data_dealEv  rm_lib.o
    0x080097ba   0x080097ba   0x00000002   PAD
    0x080097bc   0x080097bc   0x0000003e   Code   RO         1620    .text._ZN2RC17DT16_watchdog_runEv  rm_lib.o
    0x080097fa   0x080097fa   0x00000002   PAD
    0x080097fc   0x080097fc   0x00000038   Code   RO         1626    .text._ZN2RC17VT13_watchdog_runEv  rm_lib.o
    0x08009834   0x08009834   0x00000010   Code   RO         1781    .text._ZN2RC18DT16_feed_watchdogEv  rm_lib.o
    0x08009844   0x08009844   0x00000010   Code   RO         1783    .text._ZN2RC18VT13_feed_watchdogEv  rm_lib.o
    0x08009854   0x08009854   0x00000058   Code   RO         1634    .text._ZN2RC19DT16_check_and_dealEv  rm_lib.o
    0x080098ac   0x080098ac   0x00000060   Code   RO         1642    .text._ZN2RC19VT13_check_and_dealEv  rm_lib.o
    0x0800990c   0x0800990c   0x00000082   Code   RO         1632    .text._ZN2RC22DT16_RxCplt_IRQHandlerEv  rm_lib.o
    0x0800998e   0x0800998e   0x00000002   PAD
    0x08009990   0x08009990   0x00000084   Code   RO         1640    .text._ZN2RC22VT13_RxCplt_IRQHandlerEv  rm_lib.o
    0x08009a14   0x08009a14   0x00000072   Code   RO         1624    .text._ZN2RC9DT16_InitEv  rm_lib.o
    0x08009a86   0x08009a86   0x00000002   PAD
    0x08009a88   0x08009a88   0x0000006e   Code   RO         1628    .text._ZN2RC9VT13_InitEv  rm_lib.o
    0x08009af6   0x08009af6   0x00000002   PAD
    0x08009af8   0x08009af8   0x000000e4   Code   RO         1638    .text._ZN2RC9fill_dataEv  rm_lib.o
    0x08009bdc   0x08009bdc   0x0000001e   Code   RO          189    .text._ZN2RCC2EP20__UART_HandleTypeDefS1_  main.o
    0x08009bfa   0x08009bfa   0x00000002   PAD
    0x08009bfc   0x08009bfc   0x00000026   Code   RO           13    .text._ZN3$_0C2Ev   main.o
    0x08009c22   0x08009c22   0x00000002   PAD
    0x08009c24   0x08009c24   0x00000026   Code   RO          311    .text._ZN3$_0C2Ev   stm32f4xx_it.o
    0x08009c4a   0x08009c4a   0x00000002   PAD
    0x08009c4c   0x08009c4c   0x00000026   Code   RO         1532    .text._ZN3$_0C2Ev   communication.o
    0x08009c72   0x08009c72   0x00000002   PAD
    0x08009c74   0x08009c74   0x00000026   Code   RO         1584    .text._ZN3$_0C2Ev   rm_lib.o
    0x08009c9a   0x08009c9a   0x00000002   PAD
    0x08009c9c   0x08009c9c   0x00000026   Code   RO         1888    .text._ZN3$_0C2Ev   dm.o
    0x08009cc2   0x08009cc2   0x00000002   PAD
    0x08009cc4   0x08009cc4   0x00000026   Code   RO         1923    .text._ZN3$_0C2Ev   rm.o
    0x08009cea   0x08009cea   0x00000002   PAD
    0x08009cec   0x08009cec   0x00000026   Code   RO         1944    .text._ZN3$_0C2Ev   rmd.o
    0x08009d12   0x08009d12   0x00000002   PAD
    0x08009d14   0x08009d14   0x00000026   Code   RO         1977    .text._ZN3$_0C2Ev   pid.o
    0x08009d3a   0x08009d3a   0x00000002   PAD
    0x08009d3c   0x08009d3c   0x00000026   Code   RO         2042    .text._ZN3$_0C2Ev   pitch.o
    0x08009d62   0x08009d62   0x00000002   PAD
    0x08009d64   0x08009d64   0x00000026   Code   RO         2102    .text._ZN3$_0C2Ev   shoot.o
    0x08009d8a   0x08009d8a   0x00000002   PAD
    0x08009d8c   0x08009d8c   0x00000026   Code   RO         2184    .text._ZN3$_0C2Ev   yaw.o
    0x08009db2   0x08009db2   0x00000002   PAD
    0x08009db4   0x08009db4   0x000000fa   Code   RO         2132    .text._ZN3MCL15MCL_while_layerEh  shoot.o
    0x08009eae   0x08009eae   0x00000002   PAD
    0x08009eb0   0x08009eb0   0x000002e0   Code   RO         2134    .text._ZN3MCL8MCL_dealEh  shoot.o
    0x0800a190   0x0800a190   0x00000028   Code   RO         2175    .text._ZN3MCLC2Ev   shoot.o
    0x0800a1b8   0x0800a1b8   0x000001ac   Code   RO         2015    .text._ZN3SMC14SMC_AngleSpeedEfffff  smc.o
    0x0800a364   0x0800a364   0x0000004c   Code   RO         2030    .text._ZN3SMC3SatEf  smc.o
    0x0800a3b0   0x0800a3b0   0x00000048   Code   RO         2034    .text._ZN3SMC6SignalEf  smc.o
    0x0800a3f8   0x0800a3f8   0x00000062   Code   RO         2028    .text._ZN3SMC7Sat_NewEff  smc.o
    0x0800a45a   0x0800a45a   0x00000002   PAD
    0x0800a45c   0x0800a45c   0x00000152   Code   RO         2013    .text._ZN3SMC8SMC_TickEff  smc.o
    0x0800a5ae   0x0800a5ae   0x00000002   PAD
    0x0800a5b0   0x0800a5b0   0x0000004a   Code   RO         2093    .text._ZN3SMCC2Effffffff  pitch.o
    0x0800a5fa   0x0800a5fa   0x00000002   PAD
    0x0800a5fc   0x0800a5fc   0x00000030   Code   RO         2212    .text._ZN3YAW10set_SMCrefEf  yaw.o
    0x0800a62c   0x0800a62c   0x00000004   PAD
    0x0800a630   0x0800a630   0x00000348   Code   RO         2210    .text._ZN3YAW17Yaw_Out_InterfaceEh  yaw.o
    0x0800a978   0x0800a978   0x00000018   Code   RO         2238    .text._ZN3YAWC2Ev   yaw.o
    0x0800a990   0x0800a990   0x00000024   Code   RO         2070    .text._ZN5PITCH10set_SMCrefEf  pitch.o
    0x0800a9b4   0x0800a9b4   0x00000004   PAD
    0x0800a9b8   0x0800a9b8   0x00000464   Code   RO         2064    .text._ZN5PITCH19Pitch_Out_InterfaceEh  pitch.o
    0x0800ae1c   0x0800ae1c   0x0000001a   Code   RO         2097    .text._ZN5PITCHC2Ev  pitch.o
    0x0800ae36   0x0800ae36   0x00000002   PAD
    0x0800ae38   0x0800ae38   0x00000434   Code   RO         1704    .text._ZN6BMI08811BMI088_AHRSEffffff  rm_lib.o
    0x0800b26c   0x0800b26c   0x00000230   Code   RO         1710    .text._ZN6BMI08813Analyse_speedEv  rm_lib.o
    0x0800b49c   0x0800b49c   0x0000001c   Code   RO         1793    .text._ZN6BMI08813BMI088_SPI_ONEP12GPIO_TypeDeft  rm_lib.o
    0x0800b4b8   0x0800b4b8   0x0000001c   Code   RO         1795    .text._ZN6BMI08814BMI088_SPI_OFFEP12GPIO_TypeDeft  rm_lib.o
    0x0800b4d4   0x0800b4d4   0x0000006c   Code   RO         1686    .text._ZN6BMI08815BMI088_read_AccEhhPh  rm_lib.o
    0x0800b540   0x0800b540   0x0000006a   Code   RO         1680    .text._ZN6BMI08816BMI088_readBytesEP12GPIO_TypeDefthhPh  rm_lib.o
    0x0800b5aa   0x0800b5aa   0x00000002   PAD
    0x0800b5ac   0x0800b5ac   0x00000032   Code   RO         1688    .text._ZN6BMI08816BMI088_read_GyroEhhPh  rm_lib.o
    0x0800b5de   0x0800b5de   0x00000002   PAD
    0x0800b5e0   0x0800b5e0   0x00000068   Code   RO         1678    .text._ZN6BMI08816BMI088_writeByteEP12GPIO_TypeDefthh  rm_lib.o
    0x0800b648   0x0800b648   0x0000002a   Code   RO         1682    .text._ZN6BMI08816BMI088_write_AccEhh  rm_lib.o
    0x0800b672   0x0800b672   0x00000002   PAD
    0x0800b674   0x0800b674   0x000000cc   Code   RO         1700    .text._ZN6BMI08817BMI088_New_updateEv  rm_lib.o
    0x0800b740   0x0800b740   0x0000002a   Code   RO         1684    .text._ZN6BMI08817BMI088_write_GyroEhh  rm_lib.o
    0x0800b76a   0x0800b76a   0x00000002   PAD
    0x0800b76c   0x0800b76c   0x0000017c   Code   RO         1706    .text._ZN6BMI08817QuatToEulerAnglesEv  rm_lib.o
    0x0800b8e8   0x0800b8e8   0x00000164   Code   RO         1708    .text._ZN6BMI08818BMI_CrossRound_errEv  rm_lib.o
    0x0800ba4c   0x0800ba4c   0x000000ac   Code   RO         1696    .text._ZN6BMI08820low_pass_filter_initEv  rm_lib.o
    0x0800baf8   0x0800baf8   0x0000028e   Code   RO         1694    .text._ZN6BMI0884InitEv  rm_lib.o
    0x0800bd86   0x0800bd86   0x00000002   PAD
    0x0800bd88   0x0800bd88   0x0000003c   Code   RO         1712    .text._ZN6BMI0887analyseEv  rm_lib.o
    0x0800bdc4   0x0800bdc4   0x00000026   Code   RO         1690    .text._ZN6BMI0888set_zeroEv  rm_lib.o
    0x0800bdea   0x0800bdea   0x00000006   PAD
    0x0800bdf0   0x0800bdf0   0x00000508   Code   RO         1702    .text._ZN6BMI0889getValuesEv  rm_lib.o
    0x0800c2f8   0x0800c2f8   0x000000a8   Code   RO          185    .text._ZN6BMI088C2EP19__SPI_HandleTypeDefP17TIM_HandleTypeDefP12GPIO_TypeDeftS5_ttf23BMI088_GyroRangeTypeDef22BMI088_AccRangeTypeDef  main.o
    0x0800c3a0   0x0800c3a0   0x00000142   Code   RO         1900    .text._ZN8MOTOR_DM6DM_MITEtfffff  dm.o
    0x0800c4e2   0x0800c4e2   0x00000002   PAD
    0x0800c4e4   0x0800c4e4   0x00000064   Code   RO         1890    .text._ZN8MOTOR_DM8DM_StartEt  dm.o
    0x0800c548   0x0800c548   0x000000de   Code   RO         1908    .text._ZN8MOTOR_DM9DM_updateEv  dm.o
    0x0800c626   0x0800c626   0x00000002   PAD
    0x0800c628   0x0800c628   0x00000070   Code   RO          183    .text._ZN8MOTOR_DMC2EtP8USER_CAN  main.o
    0x0800c698   0x0800c698   0x00000090   Code   RO         1927    .text._ZN8MOTOR_RM15update_mang_infEv  rm.o
    0x0800c728   0x0800c728   0x0000006c   Code   RO         1925    .text._ZN8MOTOR_RM6updateEv  rm.o
    0x0800c794   0x0800c794   0x0000001a   Code   RO          181    .text._ZN8MOTOR_RMC2EtP8USER_CAN  main.o
    0x0800c7ae   0x0800c7ae   0x00000002   PAD
    0x0800c7b0   0x0800c7b0   0x000000bc   Code   RO         1586    .text._ZN8USER_CAN4InitEtt  rm_lib.o
    0x0800c86c   0x0800c86c   0x00000038   Code   RO         1588    .text._ZN8USER_CAN4SendEtPh  rm_lib.o
    0x0800c8a4   0x0800c8a4   0x0000004e   Code   RO         1594    .text._ZN8USER_CAN7ReceiveEP17CAN_HandleTypeDef  rm_lib.o
    0x0800c8f2   0x0800c8f2   0x00000002   PAD
    0x0800c8f4   0x0800c8f4   0x00000076   Code   RO         1590    .text._ZN8USER_CAN7Send_RMEtssss  rm_lib.o
    0x0800c96a   0x0800c96a   0x00000002   PAD
    0x0800c96c   0x0800c96c   0x00000020   Code   RO          179    .text._ZN8USER_CANC2EP17CAN_HandleTypeDefb  main.o
    0x0800c98c   0x0800c98c   0x00000192   Code   RO         1983    .text._ZN9PID_class14PID_new_updateEff  pid.o
    0x0800cb1e   0x0800cb1e   0x00000002   PAD
    0x0800cb20   0x0800cb20   0x00000072   Code   RO         2091    .text._ZN9PID_classC2Efffffffff  pitch.o
    0x0800cb92   0x0800cb92   0x00000002   PAD
    0x0800cb94   0x0800cb94   0x0000004c   Code   RO         2032    .text._ZN9SMC_PITCH3SatEf  smc.o
    0x0800cbe0   0x0800cbe0   0x00000048   Code   RO         2036    .text._ZN9SMC_PITCH6SignalEf  smc.o
    0x0800cc28   0x0800cc28   0x00000160   Code   RO         2019    .text._ZN9SMC_PITCH8SMC_TickEfffff  smc.o
    0x0800cd88   0x0800cd88   0x00000042   Code   RO         2095    .text._ZN9SMC_PITCHC2Efffffff  pitch.o
    0x0800cdca   0x0800cdca   0x00000002   PAD
    0x0800cdcc   0x0800cdcc   0x00000014   Code   RO         1799    .text._ZNSt3__26__math4asinB7v180000Ef  rm_lib.o
    0x0800cde0   0x0800cde0   0x00000012   Code   RO         2008    .text._ZNSt3__26__math4fabsB7v180000Ef  pid.o
    0x0800cdf2   0x0800cdf2   0x00000002   PAD
    0x0800cdf4   0x0800cdf4   0x0000001c   Code   RO         1777    .text._ZNSt3__26__math5atan2B7v180000Eff  rm_lib.o
    0x0800ce10   0x0800ce10   0x0000001a   Code   RO         1579    .text._ZNSt3__26__math5isnanB7v180000Ef  communication.o
    0x0800ce2a   0x0800ce2a   0x0000000c   Code   RO         2419    .text._ZSt15get_new_handlerv  libcppabi_w.l(cxa_handlers.cpp.o)
    0x0800ce36   0x0800ce36   0x00000002   PAD
    0x0800ce38   0x0800ce38   0x00000026   Code   RO         2241    .text._Znwj         libcpp_w.l(new.cpp.o)
    0x0800ce5e   0x0800ce5e   0x00000002   PAD
    0x0800ce60   0x0800ce60   0x00000030   Code   RO          780    .text.__NVIC_EnableIRQ  stm32f4xx_hal_cortex.o
    0x0800ce90   0x0800ce90   0x00000010   Code   RO          772    .text.__NVIC_GetPriorityGrouping  stm32f4xx_hal_cortex.o
    0x0800cea0   0x0800cea0   0x00000042   Code   RO          774    .text.__NVIC_SetPriority  stm32f4xx_hal_cortex.o
    0x0800cee2   0x0800cee2   0x00000002   PAD
    0x0800cee4   0x0800cee4   0x0000003c   Code   RO          768    .text.__NVIC_SetPriorityGrouping  stm32f4xx_hal_cortex.o
    0x0800cf20   0x0800cf20   0x00000010   Code   RO           11    .text.__cxx_global_var_init  main.o
    0x0800cf30   0x0800cf30   0x00000010   Code   RO          309    .text.__cxx_global_var_init  stm32f4xx_it.o
    0x0800cf40   0x0800cf40   0x00000010   Code   RO         1530    .text.__cxx_global_var_init  communication.o
    0x0800cf50   0x0800cf50   0x00000010   Code   RO         1582    .text.__cxx_global_var_init  rm_lib.o
    0x0800cf60   0x0800cf60   0x00000010   Code   RO         1886    .text.__cxx_global_var_init  dm.o
    0x0800cf70   0x0800cf70   0x00000010   Code   RO         1921    .text.__cxx_global_var_init  rm.o
    0x0800cf80   0x0800cf80   0x00000010   Code   RO         1942    .text.__cxx_global_var_init  rmd.o
    0x0800cf90   0x0800cf90   0x00000010   Code   RO         1975    .text.__cxx_global_var_init  pid.o
    0x0800cfa0   0x0800cfa0   0x00000010   Code   RO         2040    .text.__cxx_global_var_init  pitch.o
    0x0800cfb0   0x0800cfb0   0x00000010   Code   RO         2100    .text.__cxx_global_var_init  shoot.o
    0x0800cfc0   0x0800cfc0   0x00000010   Code   RO         2182    .text.__cxx_global_var_init  yaw.o
    0x0800cfd0   0x0800cfd0   0x0000001a   Code   RO           15    .text.__cxx_global_var_init.1  main.o
    0x0800cfea   0x0800cfea   0x00000002   PAD
    0x0800cfec   0x0800cfec   0x0000003c   Code   RO         2044    .text.__cxx_global_var_init.1  pitch.o
    0x0800d028   0x0800d028   0x0000003c   Code   RO         2104    .text.__cxx_global_var_init.1  shoot.o
    0x0800d064   0x0800d064   0x00000012   Code   RO         2186    .text.__cxx_global_var_init.1  yaw.o
    0x0800d076   0x0800d076   0x00000002   PAD
    0x0800d078   0x0800d078   0x00000024   Code   RO           33    .text.__cxx_global_var_init.10  main.o
    0x0800d09c   0x0800d09c   0x00000012   Code   RO         2122    .text.__cxx_global_var_init.10  shoot.o
    0x0800d0ae   0x0800d0ae   0x00000002   PAD
    0x0800d0b0   0x0800d0b0   0x0000003c   Code   RO         2204    .text.__cxx_global_var_init.10  yaw.o
    0x0800d0ec   0x0800d0ec   0x00000024   Code   RO           35    .text.__cxx_global_var_init.11  main.o
    0x0800d110   0x0800d110   0x00000012   Code   RO         2124    .text.__cxx_global_var_init.11  shoot.o
    0x0800d122   0x0800d122   0x00000002   PAD
    0x0800d124   0x0800d124   0x00000020   Code   RO         2206    .text.__cxx_global_var_init.11  yaw.o
    0x0800d144   0x0800d144   0x00000024   Code   RO           37    .text.__cxx_global_var_init.12  main.o
    0x0800d168   0x0800d168   0x00000020   Code   RO         2126    .text.__cxx_global_var_init.12  shoot.o
    0x0800d188   0x0800d188   0x00000024   Code   RO           39    .text.__cxx_global_var_init.13  main.o
    0x0800d1ac   0x0800d1ac   0x00000020   Code   RO         2128    .text.__cxx_global_var_init.13  shoot.o
    0x0800d1cc   0x0800d1cc   0x00000024   Code   RO           41    .text.__cxx_global_var_init.14  main.o
    0x0800d1f0   0x0800d1f0   0x00000024   Code   RO           43    .text.__cxx_global_var_init.15  main.o
    0x0800d214   0x0800d214   0x00000020   Code   RO           45    .text.__cxx_global_var_init.16  main.o
    0x0800d234   0x0800d234   0x00000012   Code   RO           47    .text.__cxx_global_var_init.17  main.o
    0x0800d246   0x0800d246   0x00000002   PAD
    0x0800d248   0x0800d248   0x00000012   Code   RO           49    .text.__cxx_global_var_init.18  main.o
    0x0800d25a   0x0800d25a   0x00000002   PAD
    0x0800d25c   0x0800d25c   0x00000012   Code   RO           51    .text.__cxx_global_var_init.19  main.o
    0x0800d26e   0x0800d26e   0x00000002   PAD
    0x0800d270   0x0800d270   0x0000001a   Code   RO           17    .text.__cxx_global_var_init.2  main.o
    0x0800d28a   0x0800d28a   0x00000002   PAD
    0x0800d28c   0x0800d28c   0x00000040   Code   RO         2046    .text.__cxx_global_var_init.2  pitch.o
    0x0800d2cc   0x0800d2cc   0x0000003c   Code   RO         2106    .text.__cxx_global_var_init.2  shoot.o
    0x0800d308   0x0800d308   0x00000048   Code   RO         2188    .text.__cxx_global_var_init.2  yaw.o
    0x0800d350   0x0800d350   0x00000012   Code   RO           53    .text.__cxx_global_var_init.20  main.o
    0x0800d362   0x0800d362   0x00000002   PAD
    0x0800d364   0x0800d364   0x00000012   Code   RO           55    .text.__cxx_global_var_init.21  main.o
    0x0800d376   0x0800d376   0x00000002   PAD
    0x0800d378   0x0800d378   0x00000012   Code   RO           57    .text.__cxx_global_var_init.22  main.o
    0x0800d38a   0x0800d38a   0x00000002   PAD
    0x0800d38c   0x0800d38c   0x00000012   Code   RO           59    .text.__cxx_global_var_init.23  main.o
    0x0800d39e   0x0800d39e   0x00000002   PAD
    0x0800d3a0   0x0800d3a0   0x00000012   Code   RO           61    .text.__cxx_global_var_init.24  main.o
    0x0800d3b2   0x0800d3b2   0x00000002   PAD
    0x0800d3b4   0x0800d3b4   0x00000012   Code   RO           63    .text.__cxx_global_var_init.25  main.o
    0x0800d3c6   0x0800d3c6   0x00000002   PAD
    0x0800d3c8   0x0800d3c8   0x00000012   Code   RO           65    .text.__cxx_global_var_init.26  main.o
    0x0800d3da   0x0800d3da   0x00000002   PAD
    0x0800d3dc   0x0800d3dc   0x00000012   Code   RO           67    .text.__cxx_global_var_init.27  main.o
    0x0800d3ee   0x0800d3ee   0x00000002   PAD
    0x0800d3f0   0x0800d3f0   0x00000012   Code   RO           69    .text.__cxx_global_var_init.28  main.o
    0x0800d402   0x0800d402   0x00000002   PAD
    0x0800d404   0x0800d404   0x00000012   Code   RO           71    .text.__cxx_global_var_init.29  main.o
    0x0800d416   0x0800d416   0x00000002   PAD
    0x0800d418   0x0800d418   0x0000001c   Code   RO           19    .text.__cxx_global_var_init.3  main.o
    0x0800d434   0x0800d434   0x00000040   Code   RO         2048    .text.__cxx_global_var_init.3  pitch.o
    0x0800d474   0x0800d474   0x0000003c   Code   RO         2108    .text.__cxx_global_var_init.3  shoot.o
    0x0800d4b0   0x0800d4b0   0x00000044   Code   RO         2190    .text.__cxx_global_var_init.3  yaw.o
    0x0800d4f4   0x0800d4f4   0x00000012   Code   RO           73    .text.__cxx_global_var_init.30  main.o
    0x0800d506   0x0800d506   0x00000002   PAD
    0x0800d508   0x0800d508   0x00000012   Code   RO           75    .text.__cxx_global_var_init.31  main.o
    0x0800d51a   0x0800d51a   0x00000002   PAD
    0x0800d51c   0x0800d51c   0x0000001c   Code   RO           21    .text.__cxx_global_var_init.4  main.o
    0x0800d538   0x0800d538   0x00000040   Code   RO         2050    .text.__cxx_global_var_init.4  pitch.o
    0x0800d578   0x0800d578   0x00000044   Code   RO         2110    .text.__cxx_global_var_init.4  shoot.o
    0x0800d5bc   0x0800d5bc   0x00000044   Code   RO         2192    .text.__cxx_global_var_init.4  yaw.o
    0x0800d600   0x0800d600   0x0000001c   Code   RO           23    .text.__cxx_global_var_init.5  main.o
    0x0800d61c   0x0800d61c   0x00000048   Code   RO         2052    .text.__cxx_global_var_init.5  pitch.o
    0x0800d664   0x0800d664   0x0000003c   Code   RO         2112    .text.__cxx_global_var_init.5  shoot.o
    0x0800d6a0   0x0800d6a0   0x00000040   Code   RO         2194    .text.__cxx_global_var_init.5  yaw.o
    0x0800d6e0   0x0800d6e0   0x0000001c   Code   RO           25    .text.__cxx_global_var_init.6  main.o
    0x0800d6fc   0x0800d6fc   0x00000044   Code   RO         2054    .text.__cxx_global_var_init.6  pitch.o
    0x0800d740   0x0800d740   0x00000040   Code   RO         2114    .text.__cxx_global_var_init.6  shoot.o
    0x0800d780   0x0800d780   0x0000003c   Code   RO         2196    .text.__cxx_global_var_init.6  yaw.o
    0x0800d7bc   0x0800d7bc   0x0000001a   Code   RO           27    .text.__cxx_global_var_init.7  main.o
    0x0800d7d6   0x0800d7d6   0x00000002   PAD
    0x0800d7d8   0x0800d7d8   0x00000044   Code   RO         2056    .text.__cxx_global_var_init.7  pitch.o
    0x0800d81c   0x0800d81c   0x00000012   Code   RO         2116    .text.__cxx_global_var_init.7  shoot.o
    0x0800d82e   0x0800d82e   0x00000002   PAD
    0x0800d830   0x0800d830   0x00000040   Code   RO         2198    .text.__cxx_global_var_init.7  yaw.o
    0x0800d870   0x0800d870   0x0000001a   Code   RO           29    .text.__cxx_global_var_init.8  main.o
    0x0800d88a   0x0800d88a   0x00000002   PAD
    0x0800d88c   0x0800d88c   0x00000040   Code   RO         2058    .text.__cxx_global_var_init.8  pitch.o
    0x0800d8cc   0x0800d8cc   0x00000012   Code   RO         2118    .text.__cxx_global_var_init.8  shoot.o
    0x0800d8de   0x0800d8de   0x00000002   PAD
    0x0800d8e0   0x0800d8e0   0x0000003c   Code   RO         2200    .text.__cxx_global_var_init.8  yaw.o
    0x0800d91c   0x0800d91c   0x00000054   Code   RO           31    .text.__cxx_global_var_init.9  main.o
    0x0800d970   0x0800d970   0x00000020   Code   RO         2060    .text.__cxx_global_var_init.9  pitch.o
    0x0800d990   0x0800d990   0x00000012   Code   RO         2120    .text.__cxx_global_var_init.9  shoot.o
    0x0800d9a2   0x0800d9a2   0x00000002   PAD
    0x0800d9a4   0x0800d9a4   0x00000040   Code   RO         2202    .text.__cxx_global_var_init.9  yaw.o
    0x0800d9e4   0x0800d9e4   0x000000cc   Code   RO           87    .text.main          main.o
    0x0800dab0   0x0800dab0   0x00000028   Code   RO         2352    i.__0sprintf        mc_w.l(printfa.o)
    0x0800dad8   0x0800dad8   0x00000026   Code   RO         2449    i.__ARM_fpclassifyf  m_wm.l(fpclassifyf.o)
    0x0800dafe   0x0800dafe   0x00000002   PAD
    0x0800db00   0x0800db00   0x000000a0   Code   RO         2545    i.__aligned_malloc  mc_w.l(malloca.o)
    0x0800dba0   0x0800dba0   0x0000012c   Code   RO         2282    i.__hardfp_asinf    m_wm.l(asinf.o)
    0x0800dccc   0x0800dccc   0x000002ac   Code   RO         2294    i.__hardfp_atan2f   m_wm.l(atan2f.o)
    0x0800df78   0x0800df78   0x00000006   Code   RO         2547    i.__malloc$memalign  mc_w.l(malloca.o)
    0x0800df7e   0x0800df7e   0x00000006   Code   RO         2452    i.__mathlib_flt_infnan  m_wm.l(funder.o)
    0x0800df84   0x0800df84   0x00000006   Code   RO         2453    i.__mathlib_flt_infnan2  m_wm.l(funder.o)
    0x0800df8a   0x0800df8a   0x00000002   PAD
    0x0800df8c   0x0800df8c   0x00000010   Code   RO         2454    i.__mathlib_flt_invalid  m_wm.l(funder.o)
    0x0800df9c   0x0800df9c   0x00000010   Code   RO         2457    i.__mathlib_flt_underflow  m_wm.l(funder.o)
    0x0800dfac   0x0800dfac   0x0000000e   Code   RO         2634    i.__scatterload_copy  mc_w.l(handlers.o)
    0x0800dfba   0x0800dfba   0x00000002   Code   RO         2635    i.__scatterload_null  mc_w.l(handlers.o)
    0x0800dfbc   0x0800dfbc   0x0000000e   Code   RO         2636    i.__scatterload_zeroinit  mc_w.l(handlers.o)
    0x0800dfca   0x0800dfca   0x00000002   PAD
    0x0800dfcc   0x0800dfcc   0x0000000c   Code   RO         2565    i.__set_errno       mc_w.l(errno.o)
    0x0800dfd8   0x0800dfd8   0x00000184   Code   RO         2357    i._fp_digits        mc_w.l(printfa.o)
    0x0800e15c   0x0800e15c   0x000006dc   Code   RO         2358    i._printf_core      mc_w.l(printfa.o)
    0x0800e838   0x0800e838   0x00000024   Code   RO         2359    i._printf_post_padding  mc_w.l(printfa.o)
    0x0800e85c   0x0800e85c   0x0000002e   Code   RO         2360    i._printf_pre_padding  mc_w.l(printfa.o)
    0x0800e88a   0x0800e88a   0x0000000a   Code   RO         2362    i._sputc            mc_w.l(printfa.o)
    0x0800e894   0x0800e894   0x0000003e   Code   RO         2326    i.sqrtf             m_wm.l(sqrtf.o)
    0x0800e8d2   0x0800e8d2   0x00000010   Data   RO         1521    .rodata.AHBPrescTable  system_stm32f4xx.o
    0x0800e8e2   0x0800e8e2   0x00000008   Data   RO         1522    .rodata.APBPrescTable  system_stm32f4xx.o
    0x0800e8ea   0x0800e8ea   0x00000008   Data   RO          698    .rodata.DMA_CalcBaseAndBitshift.flagBitshiftOffset  stm32f4xx_hal_dma.o
    0x0800e8f2   0x0800e8f2   0x00000200   Data   RO         1569    .rodata._ZL11CRC16_TABLE  communication.o
    0x0800eaf2   0x0800eaf2   0x000000c8   Data   RO         1756    .rodata.str1.1      rm_lib.o
    0x0800ebba   0x0800ebba   0x00000002   PAD
    0x0800ebbc   0x0800ebbc   0x00000020   Data   RO         2633    Region$$Table       anon$$obj.o
    0x0800ebdc   0x0800ebdc   0x00000004   Data   RO          171    .init_array         main.o
    0x0800ebe0   0x0800ebdc   0x00000004   Data   RO          395    .init_array         stm32f4xx_it.o
    0x0800ebe4   0x0800ebdc   0x00000004   Data   RO         1572    .init_array         communication.o
    0x0800ebe8   0x0800ebdc   0x00000004   Data   RO         1770    .init_array         rm_lib.o
    0x0800ebec   0x0800ebdc   0x00000004   Data   RO         1913    .init_array         dm.o
    0x0800ebf0   0x0800ebdc   0x00000004   Data   RO         1934    .init_array         rm.o
    0x0800ebf4   0x0800ebdc   0x00000004   Data   RO         1967    .init_array         rmd.o
    0x0800ebf8   0x0800ebdc   0x00000004   Data   RO         2001    .init_array         pid.o
    0x0800ebfc   0x0800ebdc   0x00000004   Data   RO         2084    .init_array         pitch.o
    0x0800ec00   0x0800ebdc   0x00000004   Data   RO         2168    .init_array         shoot.o
    0x0800ec04   0x0800ebdc   0x00000004   Data   RO         2231    .init_array         yaw.o
    0x0800ec08   0x0800ebdc   0x00000000   Data   RO         2382    .init_array         mc_w.l(cpp_init.o)


    Execution Region RW_IRAM1 (Exec base: 0x20000000, Load base: 0x0800ec08, Size: 0x00004230, Max: 0x0001c000, ABSOLUTE)

    Exec Addr    Load Addr    Size         Type   Attr      Idx    E Section Name        Object

    0x20000000   0x0800ec08   0x00000004   Data   RW         2566    .data               mc_w.l(errno.o)
    0x20000004   0x0800ec0c   0x00000004   Data   RW         2615    .data               mc_w.l(mvars.o)
    0x20000008   0x0800ec10   0x00000004   Data   RW         2616    .data               mc_w.l(mvars.o)
    0x2000000c   0x0800ec14   0x00000001   Data   RW          119    .data.GIMBAL_088_State  main.o
    0x2000000d   0x0800ec15   0x00000003   PAD
    0x20000010   0x0800ec18   0x00000004   Data   RW         1520    .data.SystemCoreClock  system_stm32f4xx.o
    0x20000014   0x0800ec1c   0x00000004   Data   RW         1763    .data.param_Kp      rm_lib.o
    0x20000018   0x0800ec20   0x00000001   Data   RW          898    .data.uwTickFreq    stm32f4xx_hal.o
    0x20000019   0x0800ec21   0x00000003   PAD
    0x2000001c   0x0800ec24   0x00000004   Data   RW          897    .data.uwTickPrio    stm32f4xx_hal.o
    0x20000020        -       0x00000018   Zero   RW         1565    .bss.AS             communication.o
    0x20000038        -       0x00000004   Zero   RW          124    .bss.BP_PID_OUT     main.o
    0x2000003c        -       0x00000001   Zero   RW          134    .bss.Buff_Flag      main.o
    0x2000003d   0x0800ec28   0x00000003   PAD
    0x20000040        -       0x00000054   Zero   RW          102    .bss.CAN_1          main.o
    0x20000094        -       0x00000054   Zero   RW          103    .bss.CAN_2          main.o
    0x200000e8        -       0x00000002   Zero   RW          133    .bss.Communicate_Rx_Flag_1  main.o
    0x200000ea        -       0x00000002   Zero   RW          132    .bss.Communicate_Send_Flag_1  main.o
    0x200000ec        -       0x00000070   Zero   RW          108    .bss.DM_PITCH       main.o
    0x2000015c        -       0x00000070   Zero   RW          109    .bss.DM_YAW         main.o
    0x200001cc        -       0x00000001   Zero   RW          136    .bss.DR16_Stop_Flag  main.o
    0x200001cd   0x0800ec28   0x00000003   PAD
    0x200001d0        -       0x00000270   Zero   RW          110    .bss.GIMBAL_088     main.o
    0x20000440        -       0x00000004   Zero   RW          216    .bss.HAL_RCC_CAN1_CLK_ENABLED  can.o
    0x20000444        -       0x00000004   Zero   RW         1759    .bss.I_ex           rm_lib.o
    0x20000448        -       0x00000004   Zero   RW         1760    .bss.I_ey           rm_lib.o
    0x2000044c        -       0x00000004   Zero   RW         1761    .bss.I_ez           rm_lib.o
    0x20000450        -       0x0000001c   Zero   RW          115    .bss.LPF_Deal_pitch  main.o
    0x2000046c        -       0x00000010   Zero   RW          101    .bss.LPF_factor     main.o
    0x2000047c        -       0x00000010   Zero   RW          379    .bss.LPF_factor     stm32f4xx_it.o
    0x2000048c        -       0x00000010   Zero   RW         1568    .bss.LPF_factor     communication.o
    0x2000049c        -       0x00000010   Zero   RW         1754    .bss.LPF_factor     rm_lib.o
    0x200004ac        -       0x00000010   Zero   RW         1912    .bss.LPF_factor     dm.o
    0x200004bc        -       0x00000010   Zero   RW         1933    .bss.LPF_factor     rm.o
    0x200004cc        -       0x00000010   Zero   RW         1966    .bss.LPF_factor     rmd.o
    0x200004dc        -       0x00000010   Zero   RW         1999    .bss.LPF_factor     pid.o
    0x200004ec        -       0x00000010   Zero   RW         2074    .bss.LPF_factor     pitch.o
    0x200004fc        -       0x00000010   Zero   RW         2152    .bss.LPF_factor     shoot.o
    0x2000050c        -       0x00000010   Zero   RW         2218    .bss.LPF_factor     yaw.o
    0x2000051c        -       0x00000020   Zero   RW          107    .bss.M2006_BP       main.o
    0x2000053c        -       0x00000070   Zero   RW         2156    .bss.M2006_BP_Angle  shoot.o
    0x200005ac        -       0x00000070   Zero   RW         2158    .bss.M2006_BP_Con_Angle  shoot.o
    0x2000061c        -       0x00000070   Zero   RW         2157    .bss.M2006_BP_Con_Speed  shoot.o
    0x2000068c        -       0x00000070   Zero   RW         2155    .bss.M2006_BP_Speed  shoot.o
    0x200006fc        -       0x00000020   Zero   RW          106    .bss.M3508_MCL_Left  main.o
    0x2000071c        -       0x00000070   Zero   RW         2153    .bss.M3508_MCL_Left_Speed  shoot.o
    0x2000078c        -       0x00000020   Zero   RW          105    .bss.M3508_MCL_Right  main.o
    0x200007ac        -       0x00000070   Zero   RW         2154    .bss.M3508_MCL_Right_Speed  shoot.o
    0x2000081c        -       0x00000070   Zero   RW         2076    .bss.M6020_Pitch_Angle  pitch.o
    0x2000088c        -       0x00000070   Zero   RW         2075    .bss.M6020_Pitch_Speed  pitch.o
    0x200008fc        -       0x00000020   Zero   RW          104    .bss.M6020_YAW      main.o
    0x2000091c        -       0x00000004   Zero   RW          140    .bss.MCL_PID_OUT    main.o
    0x20000920        -       0x00000080   Zero   RW         1562    .bss.Mini_PC_rx_buf  communication.o
    0x200009a0        -       0x00000080   Zero   RW         1561    .bss.Mini_PC_tx_buf  communication.o
    0x20000a20        -       0x00000070   Zero   RW         2078    .bss.PID_Pitch_mang_zm  pitch.o
    0x20000a90        -       0x00000070   Zero   RW         2077    .bss.PID_Pitch_sp_zm  pitch.o
    0x20000b00        -       0x00000001   Zero   RW          121    .bss.PITCH_Mode     main.o
    0x20000b01   0x0800ec28   0x00000003   PAD
    0x20000b04        -       0x0000004c   Zero   RW         2079    .bss.Pitch          pitch.o
    0x20000b50        -       0x0000001c   Zero   RW          116    .bss.Pitch_MCU      main.o
    0x20000b6c        -       0x0000001c   Zero   RW          114    .bss.Pitch_PID_OUT  main.o
    0x20000b88        -       0x00000004   Zero   RW          122    .bss.Pitch_Pid_Out  main.o
    0x20000b8c        -       0x0000004c   Zero   RW         2080    .bss.Pitch_Zm       pitch.o
    0x20000bd8        -       0x00000001   Zero   RW          141    .bss.Right_Flag     main.o
    0x20000bd9   0x0800ec28   0x00000003   PAD
    0x20000bdc        -       0x00000058   Zero   RW         2081    .bss.SMC_Pitch      pitch.o
    0x20000c34        -       0x00000058   Zero   RW         2082    .bss.SMC_Pitch_Zm   pitch.o
    0x20000c8c        -       0x00000020   Zero   RW         1566    .bss.SuperPower     communication.o
    0x20000cac        -       0x00000001   Zero   RW         2160    .bss.UD_BP_ALIGN    shoot.o
    0x20000cad        -       0x00000001   Zero   RW         2162    .bss.UD_BP_DF       shoot.o
    0x20000cae        -       0x00000001   Zero   RW         2159    .bss.UD_BP_ON       shoot.o
    0x20000caf        -       0x00000001   Zero   RW         2161    .bss.UD_BP_PREFAB_RELEASE  shoot.o
    0x20000cb0        -       0x00000001   Zero   RW          154    .bss.UD_BoPan_lian  main.o
    0x20000cb1        -       0x00000001   Zero   RW          152    .bss.UD_Buff        main.o
    0x20000cb2        -       0x00000001   Zero   RW          149    .bss.UD_E           main.o
    0x20000cb3        -       0x00000001   Zero   RW          155    .bss.UD_GenSui      main.o
    0x20000cb4        -       0x00000001   Zero   RW          159    .bss.UD_GenSui_chance  main.o
    0x20000cb5        -       0x00000001   Zero   RW          158    .bss.UD_Laser       main.o
    0x20000cb6        -       0x00000001   Zero   RW         2163    .bss.UD_PR_BP       shoot.o
    0x20000cb7        -       0x00000001   Zero   RW          151    .bss.UD_SpeedDown   main.o
    0x20000cb8        -       0x00000001   Zero   RW          150    .bss.UD_SpeedUp     main.o
    0x20000cb9        -       0x00000001   Zero   RW          153    .bss.UD_YK_BoPan    main.o
    0x20000cba        -       0x00000001   Zero   RW         2219    .bss.UD_Yaw_Back    yaw.o
    0x20000cbb        -       0x00000001   Zero   RW          157    .bss.UD_ch0_exceed_600  main.o
    0x20000cbc        -       0x00000001   Zero   RW          156    .bss.UD_l           main.o
    0x20000cbd   0x0800ec28   0x00000003   PAD
    0x20000cc0        -       0x0000001c   Zero   RW          111    .bss.V_Pitch        main.o
    0x20000cdc        -       0x0000001c   Zero   RW          112    .bss.V_Yaw          main.o
    0x20000cf8        -       0x00000001   Zero   RW          120    .bss.YAW_Mode       main.o
    0x20000cf9   0x0800ec28   0x00000003   PAD
    0x20000cfc        -       0x000001b8   Zero   RW          117    .bss.YK             main.o
    0x20000eb4        -       0x00000002   Zero   RW          160    .bss.YK_MODE_SW_C_N  main.o
    0x20000eb6        -       0x00000002   Zero   RW          161    .bss.YK_MODE_SW_C_S  main.o
    0x20000eb8        -       0x00000002   Zero   RW          162    .bss.YK_MODE_SW_N_C  main.o
    0x20000eba        -       0x00000002   Zero   RW          163    .bss.YK_MODE_SW_S_C  main.o
    0x20000ebc        -       0x00000001   Zero   RW          118    .bss.YK_Mode        main.o
    0x20000ebd   0x0800ec28   0x00000003   PAD
    0x20000ec0        -       0x0000004c   Zero   RW         2220    .bss.Yaw            yaw.o
    0x20000f0c        -       0x0000004c   Zero   RW         2222    .bss.Yaw_Back       yaw.o
    0x20000f58        -       0x0000001c   Zero   RW          113    .bss.Yaw_PID_OUT    main.o
    0x20000f74        -       0x00000004   Zero   RW          123    .bss.Yaw_Pid_Out    main.o
    0x20000f78        -       0x0000004c   Zero   RW         2221    .bss.Yaw_Zm         yaw.o
    0x20000fc4        -       0x00000004   Zero   RW          394    .bss.Zm_Pitch_Acc   stm32f4xx_it.o
    0x20000fc8        -       0x00000004   Zero   RW          393    .bss.Zm_Pitch_Vel   stm32f4xx_it.o
    0x20000fcc        -       0x00000004   Zero   RW          392    .bss.Zm_Yaw_Acc     stm32f4xx_it.o
    0x20000fd0        -       0x00000004   Zero   RW          391    .bss.Zm_Yaw_Vel     stm32f4xx_it.o
    0x20000fd4        -       0x00000001   Zero   RW          166    .bss._ZL10start_flag  main.o
    0x20000fd5   0x0800ec28   0x00000001   PAD
    0x20000fd6        -       0x00000002   Zero   RW         2166    .bss._ZL11test_flag_1  shoot.o
    0x20000fd8        -       0x00000002   Zero   RW         2167    .bss._ZL11test_flag_2  shoot.o
    0x20000fda        -       0x00000001   Zero   RW         1571    .bss._ZL15auto_shoot_mode  communication.o
    0x20000fdb   0x0800ec28   0x00000001   PAD
    0x20000fdc        -       0x00000004   Zero   RW         2230    .bss._ZL9error_yaw  yaw.o
    0x20000fe0        -       0x00000001   Zero   RW          169    .bss._ZL9test_flag  main.o
    0x20000fe1        -       0x00000001   Zero   RW          165    .bss._ZZ10start_dealvE4open  main.o
    0x20000fe2        -       0x00000001   Zero   RW          164    .bss._ZZ21can2_communicate_dealvE4flag  main.o
    0x20000fe3        -       0x00000001   Zero   RW          168    .bss._ZZ29HAL_TIM_PeriodElapsedCallbackE10motor_flag  main.o
    0x20000fe4        -       0x00000001   Zero   RW          170    .bss._ZZ29HAL_TIM_PeriodElapsedCallbackE12dm_send_flag  main.o
    0x20000fe5        -       0x00000001   Zero   RW          167    .bss._ZZ29HAL_TIM_PeriodElapsedCallbackE13re_start_flag  main.o
    0x20000fe6   0x0800ec28   0x00000002   PAD
    0x20000fe8        -       0x00000004   Zero   RW         2604    .bss.__cxa_new_handler  libcppabi_w.l(cxa_default_handlers.cpp.o)
    0x20000fec        -       0x00000004   Zero   RW         2165    .bss.bp             shoot.o
    0x20000ff0        -       0x00000001   Zero   RW          148    .bss.buff_mode      main.o
    0x20000ff1        -       0x00000001   Zero   RW         1766    .bss.calibrationState  rm_lib.o
    0x20000ff2   0x0800ec28   0x00000006   PAD
    0x20000ff8        -       0x00000008   Zero   RW          380    .bss.disable_irq_1  stm32f4xx_it.o
    0x20001000        -       0x00000008   Zero   RW          381    .bss.disable_irq_2  stm32f4xx_it.o
    0x20001008        -       0x00000028   Zero   RW          214    .bss.hcan1          can.o
    0x20001030        -       0x00000028   Zero   RW          215    .bss.hcan2          can.o
    0x20001058        -       0x00000060   Zero   RW          294    .bss.hdma_uart5_rx  usart.o
    0x200010b8        -       0x00000060   Zero   RW          295    .bss.hdma_uart5_tx  usart.o
    0x20001118        -       0x00000060   Zero   RW          296    .bss.hdma_usart1_rx  usart.o
    0x20001178        -       0x00000060   Zero   RW          297    .bss.hdma_usart2_rx  usart.o
    0x200011d8        -       0x00000060   Zero   RW          298    .bss.hdma_usart2_tx  usart.o
    0x20001238        -       0x00000060   Zero   RW          299    .bss.hdma_usart3_rx  usart.o
    0x20001298        -       0x00000060   Zero   RW          300    .bss.hdma_usart3_tx  usart.o
    0x200012f8        -       0x00000060   Zero   RW          301    .bss.hdma_usart6_rx  usart.o
    0x20001358        -       0x00000058   Zero   RW          238    .bss.hspi1          spi.o
    0x200013b0        -       0x00000048   Zero   RW          262    .bss.htim1          tim.o
    0x200013f8        -       0x00000048   Zero   RW          263    .bss.htim2          tim.o
    0x20001440        -       0x00000048   Zero   RW          264    .bss.htim5          tim.o
    0x20001488        -       0x00000048   Zero   RW          265    .bss.htim6          tim.o
    0x200014d0        -       0x00000048   Zero   RW          266    .bss.htim7          tim.o
    0x20001518        -       0x00000048   Zero   RW          267    .bss.htim8          tim.o
    0x20001560        -       0x00000048   Zero   RW          290    .bss.huart1         usart.o
    0x200015a8        -       0x00000048   Zero   RW          291    .bss.huart2         usart.o
    0x200015f0        -       0x00000048   Zero   RW          292    .bss.huart3         usart.o
    0x20001638        -       0x00000048   Zero   RW          289    .bss.huart5         usart.o
    0x20001680        -       0x00000048   Zero   RW          293    .bss.huart6         usart.o
    0x200016c8        -       0x00000080   Zero   RW         1755    .bss.info_ubuf      rm_lib.o
    0x20001748        -       0x00000001   Zero   RW          126    .bss.jianshu_flag   main.o
    0x20001749   0x0800ec28   0x00000003   PAD
    0x2000174c        -       0x00000004   Zero   RW         2164    .bss.mcl            shoot.o
    0x20001750        -       0x00000004   Zero   RW         1764    .bss.param_Ki       rm_lib.o
    0x20001754        -       0x00000004   Zero   RW         2083    .bss.pitch          pitch.o
    0x20001758        -       0x00000004   Zero   RW          125    .bss.remain_heat    main.o
    0x2000175c        -       0x00000020   Zero   RW         1563    .bss.request        communication.o
    0x2000177c        -       0x00000002   Zero   RW          128    .bss.shooter_id1_17mm_barrel_cooling_value  main.o
    0x2000177e        -       0x00000002   Zero   RW          131    .bss.shooter_id1_17mm_cooling_heat  main.o
    0x20001780        -       0x00000002   Zero   RW          129    .bss.shooter_id1_17mm_cooling_limit  main.o
    0x20001782   0x0800ec28   0x00000002   PAD
    0x20001784        -       0x00000004   Zero   RW          899    .bss.uwTick         stm32f4xx_hal.o
    0x20001788        -       0x00000004   Zero   RW         2229    .bss.yaw            yaw.o
    0x2000178c        -       0x00000070   Zero   RW         2223    .bss.yaw_angle      yaw.o
    0x200017fc        -       0x00000070   Zero   RW         2227    .bss.yaw_angle_zm   yaw.o
    0x2000186c        -       0x00000070   Zero   RW         2225    .bss.yaw_back_angle  yaw.o
    0x200018dc        -       0x00000070   Zero   RW         2226    .bss.yaw_back_speed  yaw.o
    0x2000194c        -       0x00000070   Zero   RW         2224    .bss.yaw_speed      yaw.o
    0x200019bc        -       0x00000070   Zero   RW         2228    .bss.yaw_speed_zm   yaw.o
    0x20001a2c   0x0800ec28   0x00000004   PAD
    0x20001a30        -       0x00000800   Zero   RW            2    HEAP                startup_stm32f405xx.o
    0x20002230        -       0x00002000   Zero   RW            1    STACK               startup_stm32f405xx.o


    Execution Region RW_IRAM2 (Exec base: 0x2001c000, Load base: 0x0800ec28, Size: 0x00000000, Max: 0x00004000, ABSOLUTE)

    **** No section assigned to this execution region ****


==============================================================================

Image component sizes


      Code (inc. data)   RO Data    RW Data    ZI Data      Debug   Object Name

       548          0          0          0         84       6370   can.o
       956         16        516          0        361      22431   communication.o
       930          0          4          0         16      21023   dm.o
       222          0          0          0          0       3277   dma.o
       336          0          0          0          0       2190   gpio.o
      5468         64          4          1       1832      53456   main.o
       482          0          4          0         16      22480   pid.o
      2614        196          4          0        796      33716   pitch.o
       314          0          4          0         16      18467   rm.o
      8488         48        204          4        161      56443   rm_lib.o
        62          0          4          0         16      21530   rmd.o
      4318        144          4          0        705      28872   shoot.o
      1512          8          0          0          0      29278   smc.o
       220          0          0          0         88       4871   spi.o
        36          8        392          0      10240        836   startup_stm32f405xx.o
       270          0          0          5          4       7051   stm32f4xx_hal.o
      3194          0          0          0          0      11540   stm32f4xx_hal_can.o
       482          0          0          0          0       9662   stm32f4xx_hal_cortex.o
      2068          8          8          0          0       8492   stm32f4xx_hal_dma.o
       996          0          0          0          0       5088   stm32f4xx_hal_gpio.o
        74          0          0          0          0       1470   stm32f4xx_hal_msp.o
      2646          0          0          0          0       7592   stm32f4xx_hal_rcc.o
      3182          0          0          0          0      19452   stm32f4xx_hal_spi.o
      2036          0          0          0          0      36013   stm32f4xx_hal_tim.o
       306          0          0          0          0      15328   stm32f4xx_hal_tim_ex.o
      5006          0          0          0          0      20423   stm32f4xx_hal_uart.o
      1910         56          4          0         48      22584   stm32f4xx_it.o
        18          0         24          4          0       2499   system_stm32f4xx.o
      1176          0          0          0        432       8474   tim.o
      1830          0          0          0       1128       8734   usart.o
      1712        156          4          0        925      33253   yaw.o

    ----------------------------------------------------------------------
     53698        708       1214         20      16908     542895   Object Totals
         0          0         32          0          0          0   (incl. Generated)
       286          4          2          6         40          0   (incl. Padding)

    ----------------------------------------------------------------------

      Code (inc. data)   RO Data    RW Data    ZI Data      Debug   Library Member Name

        38          0          0          0          0        364   new.cpp.o
         0          0          0          0          4          0   cxa_default_handlers.cpp.o
        12          0          0          0          0        132   cxa_handlers.cpp.o
       300         42          0          0          0        176   asinf.o
       684         90          0          0          0        208   atan2f.o
        38          0          0          0          0        116   fpclassifyf.o
        44         12          0          0          0        464   funder.o
        62          0          0          0          0        136   sqrtf.o
        40          8          0          0          0         80   cpp_init.o
         0          0          0          0          0          0   entry.o
         0          0          0          0          0          0   entry10a.o
         0          0          0          0          0          0   entry11a.o
         8          4          0          0          0          0   entry2.o
         4          0          0          0          0          0   entry5.o
         0          0          0          0          0          0   entry7b.o
         4          0          0          0          0          0   entry8a.o
         0          0          0          0          0          0   entry8b.o
         8          4          0          0          0          0   entry9a.o
        12          6          0          4          0         68   errno.o
        30          0          0          0          0          0   handlers.o
        48         10          0          0          0         68   init.o
         0          0          0          0          0          0   iusefp.o
        30          0          0          0          0         68   llshl.o
        36          0          0          0          0         68   llsshr.o
        32          0          0          0          0         68   llushr.o
       166         18          0          0          0        156   malloca.o
        36          0          0          0          0         68   memcpya.o
        36          0          0          0          0        108   memseta.o
         0          0          0          8          0          0   mvars.o
      2276         86          0          0          0        520   printfa.o
        44          0          0          0          0         80   uidiv.o
        98          0          0          0          0         92   uldiv.o
        48          0          0          0          0         68   cdrcmple.o
        56          0          0          0          0         88   d2f.o
       334          0          0          0          0        148   dadd.o
        54          0          0          0          0         80   dcmpge.o
        54          0          0          0          0         80   dcmple.o
       222          0          0          0          0        100   ddiv.o
       186          0          0          0          0        176   depilogue.o
        48          0          0          0          0         68   dfixul.o
        34          0          0          0          0         76   dflti.o
       228          0          0          0          0         96   dmul.o
        38          0          0          0          0         68   f2d.o
       110          0          0          0          0        168   fepilogue.o

    ----------------------------------------------------------------------
      5512        280          0         12          4       4256   Library Totals
        14          0          0          0          0          0   (incl. Padding)

    ----------------------------------------------------------------------

      Code (inc. data)   RO Data    RW Data    ZI Data      Debug   Library Name

        38          0          0          0          0        364   libcpp_w.l
        12          0          0          0          4        132   libcppabi_w.l
      1128        144          0          0          0       1100   m_wm.l
      2908        136          0         12          0       1444   mc_w.l
      1412          0          0          0          0       1216   mf_w.l

    ----------------------------------------------------------------------
      5512        280          0         12          4       4256   Library Totals

    ----------------------------------------------------------------------

==============================================================================


      Code (inc. data)   RO Data    RW Data    ZI Data      Debug   

     59210        988       1214         32      16912     544631   Grand Totals
     59210        988       1214         32      16912     544631   ELF Image Totals
     59210        988       1214         32          0          0   ROM Totals

==============================================================================

    Total RO  Size (Code + RO Data)                60424 (  59.01kB)
    Total RW  Size (RW Data + ZI Data)             16944 (  16.55kB)
    Total ROM Size (Code + RO Data + RW Data)      60456 (  59.04kB)

==============================================================================

